Archive member included to satisfy reference by file (symbol)

c:/users/nadeen/appdata/roaming/xpacks/@xpack-dev-tools/arm-none-eabi-gcc/12.2.1-1.2.1/.content/bin/../lib/gcc/arm-none-eabi/12.2.1/thumb/v7e-m+fp/softfp\libgcc.a(_arm_muldf3.o)
                              ./src/main.o (__aeabi_dmul)
c:/users/nadeen/appdata/roaming/xpacks/@xpack-dev-tools/arm-none-eabi-gcc/12.2.1-1.2.1/.content/bin/../lib/gcc/arm-none-eabi/12.2.1/thumb/v7e-m+fp/softfp\libgcc.a(_arm_addsubdf3.o)
                              ./src/main.o (__aeabi_ui2d)
c:/users/nadeen/appdata/roaming/xpacks/@xpack-dev-tools/arm-none-eabi-gcc/12.2.1-1.2.1/.content/bin/../lib/gcc/arm-none-eabi/12.2.1/thumb/v7e-m+fp/softfp\libgcc.a(_arm_muldivdf3.o)
                              ./src/main.o (__aeabi_ddiv)
c:/users/nadeen/appdata/roaming/xpacks/@xpack-dev-tools/arm-none-eabi-gcc/12.2.1-1.2.1/.content/bin/../lib/gcc/arm-none-eabi/12.2.1/thumb/v7e-m+fp/softfp\libgcc.a(_arm_fixunsdfsi.o)
                              ./src/main.o (__aeabi_d2uiz)
c:/users/nadeen/appdata/roaming/xpacks/@xpack-dev-tools/arm-none-eabi-gcc/12.2.1-1.2.1/.content/bin/../lib/gcc/arm-none-eabi/12.2.1/thumb/v7e-m+fp/softfp\libgcc.a(_aeabi_uldivmod.o)
                              ./system/src/stm32f4-hal/stm32f4xx_hal_rcc.o (__aeabi_uldivmod)
c:/users/nadeen/appdata/roaming/xpacks/@xpack-dev-tools/arm-none-eabi-gcc/12.2.1-1.2.1/.content/bin/../lib/gcc/arm-none-eabi/12.2.1/thumb/v7e-m+fp/softfp\libgcc.a(_udivmoddi4.o)
                              c:/users/nadeen/appdata/roaming/xpacks/@xpack-dev-tools/arm-none-eabi-gcc/12.2.1-1.2.1/.content/bin/../lib/gcc/arm-none-eabi/12.2.1/thumb/v7e-m+fp/softfp\libgcc.a(_aeabi_uldivmod.o) (__udivmoddi4)
c:/users/nadeen/appdata/roaming/xpacks/@xpack-dev-tools/arm-none-eabi-gcc/12.2.1-1.2.1/.content/bin/../lib/gcc/arm-none-eabi/12.2.1/thumb/v7e-m+fp/softfp\libgcc.a(_dvmd_tls.o)
                              c:/users/nadeen/appdata/roaming/xpacks/@xpack-dev-tools/arm-none-eabi-gcc/12.2.1-1.2.1/.content/bin/../lib/gcc/arm-none-eabi/12.2.1/thumb/v7e-m+fp/softfp\libgcc.a(_aeabi_uldivmod.o) (__aeabi_ldiv0)
c:/users/nadeen/appdata/roaming/xpacks/@xpack-dev-tools/arm-none-eabi-gcc/12.2.1-1.2.1/.content/bin/../lib/gcc/arm-none-eabi/12.2.1/../../../../arm-none-eabi/lib/thumb/v7e-m+fp/softfp\libg_nano.a(libc_a-exit.o)
                              ./src/main.o (exit)
c:/users/nadeen/appdata/roaming/xpacks/@xpack-dev-tools/arm-none-eabi-gcc/12.2.1-1.2.1/.content/bin/../lib/gcc/arm-none-eabi/12.2.1/../../../../arm-none-eabi/lib/thumb/v7e-m+fp/softfp\libg_nano.a(libc_a-rand.o)
                              ./src/main.o (srand)
c:/users/nadeen/appdata/roaming/xpacks/@xpack-dev-tools/arm-none-eabi-gcc/12.2.1-1.2.1/.content/bin/../lib/gcc/arm-none-eabi/12.2.1/../../../../arm-none-eabi/lib/thumb/v7e-m+fp/softfp\libg_nano.a(libc_a-ctype_.o)
                              ./system/src/newlib/syscalls.o (_ctype_)
c:/users/nadeen/appdata/roaming/xpacks/@xpack-dev-tools/arm-none-eabi-gcc/12.2.1-1.2.1/.content/bin/../lib/gcc/arm-none-eabi/12.2.1/../../../../arm-none-eabi/lib/thumb/v7e-m+fp/softfp\libg_nano.a(libc_a-findfp.o)
                              c:/users/nadeen/appdata/roaming/xpacks/@xpack-dev-tools/arm-none-eabi-gcc/12.2.1-1.2.1/.content/bin/../lib/gcc/arm-none-eabi/12.2.1/../../../../arm-none-eabi/lib/thumb/v7e-m+fp/softfp\libg_nano.a(libc_a-exit.o) (__stdio_exit_handler)
c:/users/nadeen/appdata/roaming/xpacks/@xpack-dev-tools/arm-none-eabi-gcc/12.2.1-1.2.1/.content/bin/../lib/gcc/arm-none-eabi/12.2.1/../../../../arm-none-eabi/lib/thumb/v7e-m+fp/softfp\libg_nano.a(libc_a-fwalk.o)
                              c:/users/nadeen/appdata/roaming/xpacks/@xpack-dev-tools/arm-none-eabi-gcc/12.2.1-1.2.1/.content/bin/../lib/gcc/arm-none-eabi/12.2.1/../../../../arm-none-eabi/lib/thumb/v7e-m+fp/softfp\libg_nano.a(libc_a-findfp.o) (_fwalk_sglue)
c:/users/nadeen/appdata/roaming/xpacks/@xpack-dev-tools/arm-none-eabi-gcc/12.2.1-1.2.1/.content/bin/../lib/gcc/arm-none-eabi/12.2.1/../../../../arm-none-eabi/lib/thumb/v7e-m+fp/softfp\libg_nano.a(libc_a-printf.o)
                              ./src/main.o (printf)
c:/users/nadeen/appdata/roaming/xpacks/@xpack-dev-tools/arm-none-eabi-gcc/12.2.1-1.2.1/.content/bin/../lib/gcc/arm-none-eabi/12.2.1/../../../../arm-none-eabi/lib/thumb/v7e-m+fp/softfp\libg_nano.a(libc_a-puts.o)
                              ./src/main.o (puts)
c:/users/nadeen/appdata/roaming/xpacks/@xpack-dev-tools/arm-none-eabi-gcc/12.2.1-1.2.1/.content/bin/../lib/gcc/arm-none-eabi/12.2.1/../../../../arm-none-eabi/lib/thumb/v7e-m+fp/softfp\libg_nano.a(libc_a-snprintf.o)
                              ./src/main.o (snprintf)
c:/users/nadeen/appdata/roaming/xpacks/@xpack-dev-tools/arm-none-eabi-gcc/12.2.1-1.2.1/.content/bin/../lib/gcc/arm-none-eabi/12.2.1/../../../../arm-none-eabi/lib/thumb/v7e-m+fp/softfp\libg_nano.a(libc_a-stdio.o)
[...]
Memory Configuration

Name             Origin             Length             Attributes
RAM              0x0000000020000000 0x0000000000020000 xrw
CCMRAM           0x0000000010000000 0x0000000000010000 xrw
FLASH            0x0000000008000000 0x0000000000100000 xr
FLASHB1          0x0000000000000000 0x0000000000000000 xr
EXTMEMB0         0x0000000000000000 0x0000000000000000 xr
EXTMEMB1         0x0000000000000000 0x0000000000000000 xr
EXTMEMB2         0x0000000000000000 0x0000000000000000 xr
EXTMEMB3         0x0000000000000000 0x0000000000000000 xr
MEMORY_ARRAY     0x0000000020002000 0x0000000000000020 xrw
*default*        0x0000000000000000 0xffffffffffffffff

Linker script and memory map

LOAD ./system/src/stm32f4-hal/stm32f4xx_hal.o
LOAD ./system/src/stm32f4-hal/stm32f4xx_hal_cortex.o
LOAD ./system/src/stm32f4-hal/stm32f4xx_hal_flash.o
LOAD ./system/src/stm32f4-hal/stm32f4xx_hal_flash_ex.o
LOAD ./system/src/stm32f4-hal/stm32f4xx_hal_flash_ramfunc.o
LOAD ./system/src/stm32f4-hal/stm32f4xx_hal_gpio.o
LOAD ./system/src/stm32f4-hal/stm32f4xx_hal_iwdg.o
LOAD ./system/src/stm32f4-hal/stm32f4xx_hal_pwr.o
LOAD ./system/src/stm32f4-hal/stm32f4xx_hal_rcc.o
LOAD ./system/src/newlib/assert.o
LOAD ./system/src/newlib/cxx.o
LOAD ./system/src/newlib/exit.o
LOAD ./system/src/newlib/sbrk.o
LOAD ./system/src/newlib/startup.o
LOAD ./system/src/newlib/syscalls.o
LOAD ./system/src/diag/trace-impl.o
LOAD ./system/src/diag/trace.o
LOAD ./system/src/cortexm/exception-handlers.o
LOAD ./system/src/cortexm/initialize-hardware.o
LOAD ./system/src/cortexm/reset-hardware.o
LOAD ./system/src/cmsis/system_stm32f4xx.o
LOAD ./system/src/cmsis/vectors_stm32f407xx.o
LOAD ./src/initialize-hardware.o
LOAD ./src/led.o
LOAD ./src/main.o
LOAD ./src/stm32f4xx_hal_msp.o
LOAD ./src/write.o
LOAD ./FreeRTOS Source/portable/MemMang/heap_4.o
LOAD ./FreeRTOS Source/portable/GCC/ARM_CM4F/port.o
LOAD ./FreeRTOS Source/croutine.o
LOAD ./FreeRTOS Source/event_groups.o
LOAD ./FreeRTOS Source/list.o
LOAD ./FreeRTOS Source/queue.o
LOAD ./FreeRTOS Source/tasks.o
LOAD ./FreeRTOS Source/timers.o
LOAD c:/users/nadeen/appdata/roaming/xpacks/@xpack-dev-tools/arm-none-eabi-gcc/12.2.1-1.2.1/.content/bin/../lib/gcc/arm-none-eabi/12.2.1/../../../../arm-none-eabi/lib/thumb/v7e-m+fp/softfp\libstdc++_nano.a
LOAD c:/users/nadeen/appdata/roaming/xpacks/@xpack-dev-tools/arm-none-eabi-gcc/12.2.1-1.2.1/.content/bin/../lib/gcc/arm-none-eabi/12.2.1/../../../../arm-none-eabi/lib/thumb/v7e-m+fp/softfp\libm.a
START GROUP
LOAD c:/users/nadeen/appdata/roaming/xpacks/@xpack-dev-tools/arm-none-eabi-gcc/12.2.1-1.2.1/.content/bin/../lib/gcc/arm-none-eabi/12.2.1/thumb/v7e-m+fp/softfp\libgcc.a
LOAD c:/users/nadeen/appdata/roaming/xpacks/@xpack-dev-tools/arm-none-eabi-gcc/12.2.1-1.2.1/.content/bin/../lib/gcc/arm-none-eabi/12.2.1/../../../../arm-none-eabi/lib/thumb/v7e-m+fp/softfp\libg_nano.a
LOAD c:/users/nadeen/appdata/roaming/xpacks/@xpack-dev-tools/arm-none-eabi-gcc/12.2.1-1.2.1/.content/bin/../lib/gcc/arm-none-eabi/12.2.1/../../../../arm-none-eabi/lib/thumb/v7e-m+fp/softfp\libc_nano.a
END GROUP
START GROUP
LOAD c:/users/nadeen/appdata/roaming/xpacks/@xpack-dev-tools/arm-none-eabi-gcc/12.2.1-1.2.1/.content/bin/../lib/gcc/arm-none-eabi/12.2.1/thumb/v7e-m+fp/softfp\libgcc.a
LOAD c:/users/nadeen/appdata/roaming/xpacks/@xpack-dev-tools/arm-none-eabi-gcc/12.2.1-1.2.1/.content/bin/../lib/gcc/arm-none-eabi/12.2.1/../../../../arm-none-eabi/lib/thumb/v7e-m+fp/softfp\libc_nano.a
END GROUP
                0x0000000020020000                __stack = (ORIGIN (RAM) + LENGTH (RAM))
                0x0000000020020000                _estack = __stack
                0x0000000000000400                __Main_Stack_Size = 0x400
                [!provide]                        PROVIDE (_Main_Stack_Size = __Main_Stack_Size)
                0x000000002001fc00                __Main_Stack_Limit = (__stack - __Main_Stack_Size)
                [!provide]                        PROVIDE (_Main_Stack_Limit = __Main_Stack_Limit)
                0x0000000000000100                _Minimum_Stack_Size = 0x100
                0x00000000200131d4                PROVIDE (_Heap_Begin = _end_noinit)
                0x000000002001fc00                PROVIDE (_Heap_Limit = (__stack - __Main_Stack_Size))

.isr_vector     0x0000000008000000      0x3e8
 FILL mask 0xff
                0x0000000008000000                __vectors_start = ABSOLUTE (.)
                0x0000000008000000                __vectors_start__ = ABSOLUTE (.)
 *(.isr_vector)
 .isr_vector    0x0000000008000000      0x188 ./system/src/cmsis/vectors_stm32f407xx.o
                0x0000000008000000                __isr_vectors
 *(.cfmconfig)
 *(.after_vectors .after_vectors.*)
 .after_vectors
                0x0000000008000188      0x130 ./system/src/newlib/startup.o
                0x0000000008000188                _start
 .after_vectors
                0x00000000080002b8      0x12c ./system/src/cortexm/exception-handlers.o
                0x00000000080002b8                Reset_Handler
                0x00000000080002be                NMI_Handler
                0x00000000080002c2                HardFault_Handler
                0x00000000080002d6                HardFault_Handler_C
                0x0000000008000334                MemManage_Handler
                0x0000000008000338                BusFault_Handler
                0x000000000800034c                BusFault_Handler_C
                0x0000000008000380                UsageFault_Handler
                0x0000000008000394                UsageFault_Handler_C
                0x00000000080003cc                DebugMon_Handler
 .after_vectors
                0x00000000080003e4        0x4 ./system/src/cmsis/vectors_stm32f407xx.o
                0x00000000080003e4                RTC_Alarm_IRQHandler
                0x00000000080003e4                HASH_RNG_IRQHandler
                0x00000000080003e4                EXTI2_IRQHandler
                0x00000000080003e4                TIM8_CC_IRQHandler
                0x00000000080003e4                TIM1_CC_IRQHandler
                0x00000000080003e4                DMA2_Stream5_IRQHandler
                0x00000000080003e4                DMA1_Stream5_IRQHandler
                0x00000000080003e4                PVD_IRQHandler
                0x00000000080003e4                SDIO_IRQHandler
                0x00000000080003e4                TAMP_STAMP_IRQHandler
                0x00000000080003e4                CAN2_RX1_IRQHandler
                0x00000000080003e4                EXTI3_IRQHandler
                0x00000000080003e4                TIM8_TRG_COM_TIM14_IRQHandler
                0x00000000080003e4                TIM1_UP_TIM10_IRQHandler
                0x00000000080003e4                TIM8_UP_TIM13_IRQHandler
                0x00000000080003e4                I2C3_ER_IRQHandler
                0x00000000080003e4                EXTI0_IRQHandler
                0x00000000080003e4                I2C2_EV_IRQHandler
                0x00000000080003e4                DMA1_Stream2_IRQHandler
                0x00000000080003e4                CAN1_RX0_IRQHandler
                0x00000000080003e4                FPU_IRQHandler
                0x00000000080003e4                OTG_HS_WKUP_IRQHandler
                0x00000000080003e4                CAN2_SCE_IRQHandler
                0x00000000080003e4                DMA2_Stream2_IRQHandler
                0x00000000080003e4                SPI1_IRQHandler
                0x00000000080003e4                TIM6_DAC_IRQHandler
                0x00000000080003e4                TIM1_BRK_TIM9_IRQHandler
                0x00000000080003e4                DCMI_IRQHandler
                0x00000000080003e4                CAN2_RX0_IRQHandler
                0x00000000080003e4                DMA2_Stream3_IRQHandler
                0x00000000080003e4                USART6_IRQHandler
                0x00000000080003e4                USART3_IRQHandler
                0x00000000080003e4                CAN1_RX1_IRQHandler
                0x00000000080003e4                UART5_IRQHandler
                0x00000000080003e4                DMA2_Stream0_IRQHandler
                0x00000000080003e4                TIM4_IRQHandler
                0x00000000080003e4                I2C1_EV_IRQHandler
                0x00000000080003e4                DMA1_Stream6_IRQHandler
                0x00000000080003e4                DMA1_Stream1_IRQHandler
                0x00000000080003e4                UART4_IRQHandler
                0x00000000080003e4                TIM3_IRQHandler
                0x00000000080003e4                RCC_IRQHandler
                0x00000000080003e4                TIM8_BRK_TIM12_IRQHandler
                0x00000000080003e4                Default_Handler
                0x00000000080003e4                EXTI15_10_IRQHandler
                0x00000000080003e4                ADC_IRQHandler
                0x00000000080003e4                DMA1_Stream7_IRQHandler
                0x00000000080003e4                TIM7_IRQHandler
                0x00000000080003e4                CAN2_TX_IRQHandler
                0x00000000080003e4                TIM5_IRQHandler
                0x00000000080003e4                DMA2_Stream7_IRQHandler
                0x00000000080003e4                I2C3_EV_IRQHandler
                0x00000000080003e4                EXTI9_5_IRQHandler
                0x00000000080003e4                RTC_WKUP_IRQHandler
                0x00000000080003e4                ETH_WKUP_IRQHandler
                0x00000000080003e4                SPI2_IRQHandler
                0x00000000080003e4                OTG_HS_EP1_IN_IRQHandler
                0x00000000080003e4                DMA1_Stream0_IRQHandler
                0x00000000080003e4                CAN1_TX_IRQHandler
                0x00000000080003e4                EXTI4_IRQHandler
                0x00000000080003e4                ETH_IRQHandler
                0x00000000080003e4                OTG_HS_EP1_OUT_IRQHandler
                0x00000000080003e4                WWDG_IRQHandler
                0x00000000080003e4                TIM2_IRQHandler
                0x00000000080003e4                OTG_FS_WKUP_IRQHandler
                0x00000000080003e4                TIM1_TRG_COM_TIM11_IRQHandler
                0x00000000080003e4                OTG_HS_IRQHandler
                0x00000000080003e4                EXTI1_IRQHandler
                0x00000000080003e4                USART2_IRQHandler
                0x00000000080003e4                I2C2_ER_IRQHandler
                0x00000000080003e4                DMA2_Stream1_IRQHandler
                0x00000000080003e4                CAN1_SCE_IRQHandler
                0x00000000080003e4                FLASH_IRQHandler
                0x00000000080003e4                DMA2_Stream4_IRQHandler
                0x00000000080003e4                USART1_IRQHandler
                0x00000000080003e4                OTG_FS_IRQHandler
                0x00000000080003e4                SPI3_IRQHandler
                0x00000000080003e4                DMA1_Stream4_IRQHandler
                0x00000000080003e4                I2C1_ER_IRQHandler
                0x00000000080003e4                FMC_IRQHandler
                0x00000000080003e4                DMA2_Stream6_IRQHandler
                0x00000000080003e4                DMA1_Stream3_IRQHandler

.inits          0x00000000080003e8       0x28
                0x00000000080003e8                __data_regions_array_start = .
                0x00000000080003e8        0x4 LONG 0x800629c LOADADDR (.data)
                0x00000000080003ec        0x4 LONG 0x20000000 ADDR (.data)
                0x00000000080003f0        0x4 LONG 0x20000074 (ADDR (.data) + SIZEOF (.data))
                0x00000000080003f4        0x4 LONG 0x800629c LOADADDR (.data_CCMRAM)
                0x00000000080003f8        0x4 LONG 0x10000000 ADDR (.data_CCMRAM)
                0x00000000080003fc        0x4 LONG 0x10000000 (ADDR (.data_CCMRAM) + SIZEOF (.data_CCMRAM))
                0x0000000008000400                __data_regions_array_end = .
                0x0000000008000400                __bss_regions_array_start = .
                0x0000000008000400        0x4 LONG 0x20000074 ADDR (.bss)
                0x0000000008000404        0x4 LONG 0x200131d4 (ADDR (.bss) + SIZEOF (.bss))
                0x0000000008000408        0x4 LONG 0x10000000 ADDR (.bss_CCMRAM)
                0x000000000800040c        0x4 LONG 0x10000000 (ADDR (.bss_CCMRAM) + SIZEOF (.bss_CCMRAM))
                0x0000000008000410                __bss_regions_array_end = .
 *(.init)
 *(.fini)
                0x0000000008000410                . = ALIGN (0x4)
                0x0000000008000410                PROVIDE (__preinit_array_start = .)
 *(.preinit_array_sysinit .preinit_array_sysinit.*)
 *(.preinit_array_platform .preinit_array_platform.*)
 *(.preinit_array .preinit_array.*)
                0x0000000008000410                PROVIDE (__preinit_array_end = .)
                0x0000000008000410                . = ALIGN (0x4)
                0x0000000008000410                PROVIDE (__init_array_start = .)
 *(SORT_BY_NAME(.init_array.*))
 *(.init_array)
                0x0000000008000410                PROVIDE (__init_array_end = .)
                0x0000000008000410                . = ALIGN (0x4)
                0x0000000008000410                PROVIDE (__fini_array_start = .)
 *(SORT_BY_NAME(.fini_array.*))
 *(.fini_array)
                0x0000000008000410                PROVIDE (__fini_array_end = .)

.flashtext
 *(.flashtext .flashtext.*)

.text           0x0000000008000410     0x5e84
 *(.text .text.*)
 .text.HAL_InitTick
                0x0000000008000410       0x4c ./system/src/stm32f4-hal/stm32f4xx_hal.o
                0x0000000008000410                HAL_InitTick
 .text.HAL_Init
                0x000000000800045c       0x34 ./system/src/stm32f4-hal/stm32f4xx_hal.o
                0x000000000800045c                HAL_Init
 .text.HAL_GetTick
                0x0000000008000490        0xc ./system/src/stm32f4-hal/stm32f4xx_hal.o
                0x0000000008000490                HAL_GetTick
 .text.__NVIC_SetPriority
                0x000000000800049c       0x28 ./system/src/stm32f4-hal/stm32f4xx_hal_cortex.o
 .text.NVIC_EncodePriority
                0x00000000080004c4       0x3e ./system/src/stm32f4-hal/stm32f4xx_hal_cortex.o
 *fill*         0x0000000008000502        0x2 
 .text.HAL_NVIC_SetPriorityGrouping
                0x0000000008000504       0x3c ./system/src/stm32f4-hal/stm32f4xx_hal_cortex.o
                0x0000000008000504                HAL_NVIC_SetPriorityGrouping
 .text.HAL_NVIC_SetPriority
                0x0000000008000540       0x48 ./system/src/stm32f4-hal/stm32f4xx_hal_cortex.o
                0x0000000008000540                HAL_NVIC_SetPriority
 .text.HAL_SYSTICK_Config
                0x0000000008000588       0x28 ./system/src/stm32f4-hal/stm32f4xx_hal_cortex.o
                0x0000000008000588                HAL_SYSTICK_Config
 .text.HAL_SYSTICK_CLKSourceConfig
                0x00000000080005b0       0x34 ./system/src/stm32f4-hal/stm32f4xx_hal_cortex.o
                0x00000000080005b0                HAL_SYSTICK_CLKSourceConfig
 .text.HAL_RCC_OscConfig
                0x00000000080005e4      0x4f8 ./system/src/stm32f4-hal/stm32f4xx_hal_rcc.o
                0x00000000080005e4                HAL_RCC_OscConfig
 .text.HAL_RCC_GetSysClockFreq
                0x0000000008000adc       0xdc ./system/src/stm32f4-hal/stm32f4xx_hal_rcc.o
                0x0000000008000adc                HAL_RCC_GetSysClockFreq
 .text.HAL_RCC_ClockConfig
                0x0000000008000bb8      0x224 ./system/src/stm32f4-hal/stm32f4xx_hal_rcc.o
                0x0000000008000bb8                HAL_RCC_ClockConfig
 .text.HAL_RCC_GetHCLKFreq
                0x0000000008000ddc        0xc ./system/src/stm32f4-hal/stm32f4xx_hal_rcc.o
                0x0000000008000ddc                HAL_RCC_GetHCLKFreq
 .text.__assert_func
                0x0000000008000de8       0x34 ./system/src/newlib/assert.o
                0x0000000008000de8                __assert_func
 .text.abort    0x0000000008000e1c       0x14 ./system/src/newlib/exit.o
                0x0000000008000e1c                abort
 .text._sbrk    0x0000000008000e30       0x44 ./system/src/newlib/sbrk.o
                0x0000000008000e30                _sbrk
 .text.get_errno
                0x0000000008000e74       0x12 ./system/src/newlib/syscalls.o
 .text.error    0x0000000008000e86       0x14 ./system/src/newlib/syscalls.o
 .text.checkerror
                0x0000000008000e9a       0x10 ./system/src/newlib/syscalls.o
 *fill*         0x0000000008000eaa        0x2 
 .text.findslot
                0x0000000008000eac       0x3c ./system/src/newlib/syscalls.o
 .text._exit    0x0000000008000ee8       0x20 ./system/src/newlib/syscalls.o
                0x0000000008000ee8                _exit
 .text.initialise_monitor_handles
                0x0000000008000f08       0xa8 ./system/src/newlib/syscalls.o
                0x0000000008000f08                initialise_monitor_handles
 .text.__initialize_args
                0x0000000008000fb0       0xc0 ./system/src/newlib/syscalls.o
                0x0000000008000fb0                __initialize_args
 .text._swiread
                0x0000000008001070       0x20 ./system/src/newlib/syscalls.o
                0x0000000008001070                _swiread
 .text._read    0x0000000008001090       0x36 ./system/src/newlib/syscalls.o
                0x0000000008001090                _read
 .text._swilseek
                0x00000000080010c6       0x96 ./system/src/newlib/syscalls.o
                0x00000000080010c6                _swilseek
 .text._lseek   0x000000000800115c        0x8 ./system/src/newlib/syscalls.o
                0x000000000800115c                _lseek
 .text._swiwrite
                0x0000000008001164       0x20 ./system/src/newlib/syscalls.o
                0x0000000008001164                _swiwrite
 .text._write   0x0000000008001184       0x46 ./system/src/newlib/syscalls.o
                0x0000000008001184                _write
 .text._swiclose
                0x00000000080011ca       0x1c ./system/src/newlib/syscalls.o
                0x00000000080011ca                _swiclose
 *fill*         0x00000000080011e6        0x2 
 .text._close   0x00000000080011e8       0x48 ./system/src/newlib/syscalls.o
                0x00000000080011e8                _close
 .text._swistat
                0x0000000008001230       0x44 ./system/src/newlib/syscalls.o
                0x0000000008001230                _swistat
 .text._fstat   0x0000000008001274       0x1a ./system/src/newlib/syscalls.o
                0x0000000008001274                _fstat
 .text._gettimeofday
                0x000000000800128e       0x28 ./system/src/newlib/syscalls.o
                0x000000000800128e                _gettimeofday
 .text._isatty  0x00000000080012b6       0x36 ./system/src/newlib/syscalls.o
                0x00000000080012b6                _isatty
 .text._trace_write_semihosting_debug
                0x00000000080012ec       0x62 ./system/src/diag/trace-impl.o
 .text.trace_write
                0x000000000800134e        0x8 ./system/src/diag/trace-impl.o
                0x000000000800134e                trace_write
 *fill*         0x0000000008001356        0x2 
 .text.trace_printf
                0x0000000008001358       0x34 ./system/src/diag/trace.o
                0x0000000008001358                trace_printf
 .text.trace_puts
                0x000000000800138c       0x20 ./system/src/diag/trace.o
                0x000000000800138c                trace_puts
 .text.__NVIC_SystemReset
                0x00000000080013ac       0x24 ./system/src/cortexm/exception-handlers.o
 .text.dumpExceptionStack
                0x00000000080013d0       0xf4 ./system/src/cortexm/exception-handlers.o
                0x00000000080013d0                dumpExceptionStack
 .text.isSemihosting
                0x00000000080014c4       0xe0 ./system/src/cortexm/exception-handlers.o
                0x00000000080014c4                isSemihosting
 .text.__initialize_hardware_early
                0x00000000080015a4       0x18 ./system/src/cortexm/initialize-hardware.o
                0x00000000080015a4                __initialize_hardware_early
 .text.SystemInit
                0x00000000080015bc       0x10 ./system/src/cmsis/system_stm32f4xx.o
                0x00000000080015bc                SystemInit
 .text.SystemCoreClockUpdate
                0x00000000080015cc       0xa0 ./system/src/cmsis/system_stm32f4xx.o
                0x00000000080015cc                SystemCoreClockUpdate
 .text.SystemClock_Config
                0x000000000800166c       0xa0 ./src/initialize-hardware.o
                0x000000000800166c                SystemClock_Config
 .text.__initialize_hardware
                0x000000000800170c       0x10 ./src/initialize-hardware.o
                0x000000000800170c                __initialize_hardware
 .text.assert_failed
                0x000000000800171c       0x14 ./src/initialize-hardware.o
                0x000000000800171c                assert_failed
 .text.reset    0x0000000008001730       0x3c ./src/main.o
 .text.receiverTask
                0x000000000800176c       0x4c ./src/main.o
 .text.prvSenderTimerCallback
                0x00000000080017b8       0x30 ./src/main.o
 .text.generateRandomTsender
                0x00000000080017e8       0x40 ./src/main.o
 .text.createTasks
                0x0000000008001828       0xcc ./src/main.o
                0x0000000008001828                createTasks
 .text.createSemaphores
                0x00000000080018f4       0x58 ./src/main.o
                0x00000000080018f4                createSemaphores
 .text.createTimers
                0x000000000800194c      0x128 ./src/main.o
                0x000000000800194c                createTimers
 .text.main     0x0000000008001a74       0x48 ./src/main.o
                0x0000000008001a74                main
 .text.changeSenderPeriod
                0x0000000008001abc       0x88 ./src/main.o
                0x0000000008001abc                changeSenderPeriod
 .text.senderTask
                0x0000000008001b44       0x8c ./src/main.o
 .text.endOfIteration
                0x0000000008001bd0      0x15c ./src/main.o
 .text.prvReceiverTimerCallback
                0x0000000008001d2c       0x2c ./src/main.o
 .text.vApplicationMallocFailedHook
                0x0000000008001d58        0x2 ./src/main.o
                0x0000000008001d58                vApplicationMallocFailedHook
 .text.vApplicationStackOverflowHook
                0x0000000008001d5a        0x2 ./src/main.o
                0x0000000008001d5a                vApplicationStackOverflowHook
 .text.vApplicationIdleHook
                0x0000000008001d5c       0x12 ./src/main.o
                0x0000000008001d5c                vApplicationIdleHook
 .text.vApplicationTickHook
                0x0000000008001d6e        0x2 ./src/main.o
                0x0000000008001d6e                vApplicationTickHook
 .text.HAL_MspInit
                0x0000000008001d70        0x2 ./src/stm32f4xx_hal_msp.o
                0x0000000008001d70                HAL_MspInit
 *fill*         0x0000000008001d72        0x2 
 .text.prvHeapInit
                0x0000000008001d74       0x64 ./FreeRTOS Source/portable/MemMang/heap_4.o
 .text.prvInsertBlockIntoFreeList
                0x0000000008001dd8       0x64 ./FreeRTOS Source/portable/MemMang/heap_4.o
 .text.pvPortMalloc
                0x0000000008001e3c      0x10c ./FreeRTOS Source/portable/MemMang/heap_4.o
                0x0000000008001e3c                pvPortMalloc
 .text.vPortFree
                0x0000000008001f48       0x70 ./FreeRTOS Source/portable/MemMang/heap_4.o
                0x0000000008001f48                vPortFree
 .text.xPortGetFreeHeapSize
                0x0000000008001fb8        0xc ./FreeRTOS Source/portable/MemMang/heap_4.o
                0x0000000008001fb8                xPortGetFreeHeapSize
 .text.prvTaskExitError
                0x0000000008001fc4       0x34 ./FreeRTOS Source/portable/GCC/ARM_CM4F/port.o
 .text.prvPortStartFirstTask
                0x0000000008001ff8       0x20 ./FreeRTOS Source/portable/GCC/ARM_CM4F/port.o
 .text.pxPortInitialiseStack
                0x0000000008002018       0x2c ./FreeRTOS Source/portable/GCC/ARM_CM4F/port.o
                0x0000000008002018                pxPortInitialiseStack
 *fill*         0x0000000008002044        0xc 
 .text.SVC_Handler
                0x0000000008002050       0x24 ./FreeRTOS Source/portable/GCC/ARM_CM4F/port.o
                0x0000000008002050                SVC_Handler
 .text.vPortEnterCritical
                0x0000000008002074       0x44 ./FreeRTOS Source/portable/GCC/ARM_CM4F/port.o
                0x0000000008002074                vPortEnterCritical
 .text.vPortExitCritical
                0x00000000080020b8       0x2c ./FreeRTOS Source/portable/GCC/ARM_CM4F/port.o
                0x00000000080020b8                vPortExitCritical
 *fill*         0x00000000080020e4        0xc 
 .text.PendSV_Handler
                0x00000000080020f0       0x64 ./FreeRTOS Source/portable/GCC/ARM_CM4F/port.o
                0x00000000080020f0                PendSV_Handler
 .text.SysTick_Handler
                0x0000000008002154       0x2c ./FreeRTOS Source/portable/GCC/ARM_CM4F/port.o
                0x0000000008002154                SysTick_Handler
 .text.vPortSetupTimerInterrupt
                0x0000000008002180       0x24 ./FreeRTOS Source/portable/GCC/ARM_CM4F/port.o
                0x0000000008002180                vPortSetupTimerInterrupt
 .text.xPortStartScheduler
                0x00000000080021a4       0xf4 ./FreeRTOS Source/portable/GCC/ARM_CM4F/port.o
                0x00000000080021a4                xPortStartScheduler
 .text.vPortValidateInterruptPriority
                0x0000000008002298       0x5c ./FreeRTOS Source/portable/GCC/ARM_CM4F/port.o
                0x0000000008002298                vPortValidateInterruptPriority
 .text.vListInitialise
                0x00000000080022f4       0x16 ./FreeRTOS Source/list.o
                0x00000000080022f4                vListInitialise
 .text.vListInitialiseItem
                0x000000000800230a        0x6 ./FreeRTOS Source/list.o
                0x000000000800230a                vListInitialiseItem
 .text.vListInsertEnd
                0x0000000008002310       0x16 ./FreeRTOS Source/list.o
                0x0000000008002310                vListInsertEnd
 .text.vListInsert
                0x0000000008002326       0x32 ./FreeRTOS Source/list.o
                0x0000000008002326                vListInsert
 .text.uxListRemove
                0x0000000008002358       0x24 ./FreeRTOS Source/list.o
                0x0000000008002358                uxListRemove
 .text.prvIsQueueFull
                0x000000000800237c       0x1e ./FreeRTOS Source/queue.o
 .text.prvIsQueueEmpty
                0x000000000800239a       0x1a ./FreeRTOS Source/queue.o
 .text.prvCopyDataToQueue
                0x00000000080023b4       0x76 ./FreeRTOS Source/queue.o
 .text.prvCopyDataFromQueue
                0x000000000800242a       0x24 ./FreeRTOS Source/queue.o
 .text.prvUnlockQueue
                0x000000000800244e       0x6e ./FreeRTOS Source/queue.o
 .text.xQueueGenericReset
                0x00000000080024bc       0x84 ./FreeRTOS Source/queue.o
                0x00000000080024bc                xQueueGenericReset
 .text.prvInitialiseNewQueue
                0x0000000008002540       0x22 ./FreeRTOS Source/queue.o
 .text.xQueueGenericCreate
                0x0000000008002562       0x48 ./FreeRTOS Source/queue.o
                0x0000000008002562                xQueueGenericCreate
 .text.xQueueGenericSend
                0x00000000080025aa      0x188 ./FreeRTOS Source/queue.o
                0x00000000080025aa                xQueueGenericSend
 .text.xQueueGenericSendFromISR
                0x0000000008002732       0xcc ./FreeRTOS Source/queue.o
                0x0000000008002732                xQueueGenericSendFromISR
 .text.xQueueGiveFromISR
                0x00000000080027fe       0xb2 ./FreeRTOS Source/queue.o
                0x00000000080027fe                xQueueGiveFromISR
 .text.xQueueGenericReceive
                0x00000000080028b0      0x1ba ./FreeRTOS Source/queue.o
                0x00000000080028b0                xQueueGenericReceive
 *fill*         0x0000000008002a6a        0x2 
 .text.vQueueAddToRegistry
                0x0000000008002a6c       0x28 ./FreeRTOS Source/queue.o
                0x0000000008002a6c                vQueueAddToRegistry
 .text.vQueueWaitForMessageRestricted
                0x0000000008002a94       0x52 ./FreeRTOS Source/queue.o
                0x0000000008002a94                vQueueWaitForMessageRestricted
 *fill*         0x0000000008002ae6        0x2 
 .text.prvResetNextTaskUnblockTime
                0x0000000008002ae8       0x2c ./FreeRTOS Source/tasks.o
 .text.prvDeleteTCB
                0x0000000008002b14       0x12 ./FreeRTOS Source/tasks.o
 .text.prvInitialiseNewTask
                0x0000000008002b26       0x98 ./FreeRTOS Source/tasks.o
 *fill*         0x0000000008002bbe        0x2 
 .text.prvInitialiseTaskLists
                0x0000000008002bc0       0x68 ./FreeRTOS Source/tasks.o
 .text.prvAddNewTaskToReadyList
                0x0000000008002c28       0xac ./FreeRTOS Source/tasks.o
 .text.prvAddCurrentTaskToDelayedList
                0x0000000008002cd4       0x98 ./FreeRTOS Source/tasks.o
 .text.xTaskCreate
                0x0000000008002d6c       0x60 ./FreeRTOS Source/tasks.o
                0x0000000008002d6c                xTaskCreate
 .text.vTaskStartScheduler
                0x0000000008002dcc       0x84 ./FreeRTOS Source/tasks.o
                0x0000000008002dcc                vTaskStartScheduler
 .text.vTaskSuspendAll
                0x0000000008002e50       0x10 ./FreeRTOS Source/tasks.o
                0x0000000008002e50                vTaskSuspendAll
 .text.xTaskGetTickCount
                0x0000000008002e60        0xc ./FreeRTOS Source/tasks.o
                0x0000000008002e60                xTaskGetTickCount
 .text.xTaskIncrementTick
                0x0000000008002e6c      0x128 ./FreeRTOS Source/tasks.o
                0x0000000008002e6c                xTaskIncrementTick
 .text.xTaskResumeAll
                0x0000000008002f94       0xf8 ./FreeRTOS Source/tasks.o
                0x0000000008002f94                xTaskResumeAll
 .text.prvCheckTasksWaitingTermination
                0x000000000800308c       0x5c ./FreeRTOS Source/tasks.o
 .text.prvIdleTask
                0x00000000080030e8       0x30 ./FreeRTOS Source/tasks.o
 .text.vTaskSwitchContext
                0x0000000008003118       0xcc ./FreeRTOS Source/tasks.o
                0x0000000008003118                vTaskSwitchContext
 .text.vTaskPlaceOnEventList
                0x00000000080031e4       0x30 ./FreeRTOS Source/tasks.o
                0x00000000080031e4                vTaskPlaceOnEventList
 .text.vTaskPlaceOnEventListRestricted
                0x0000000008003214       0x38 ./FreeRTOS Source/tasks.o
                0x0000000008003214                vTaskPlaceOnEventListRestricted
 .text.xTaskRemoveFromEventList
                0x000000000800324c       0x8c ./FreeRTOS Source/tasks.o
                0x000000000800324c                xTaskRemoveFromEventList
 .text.vTaskSetTimeOutState
                0x00000000080032d8       0x2c ./FreeRTOS Source/tasks.o
                0x00000000080032d8                vTaskSetTimeOutState
 .text.xTaskCheckForTimeOut
                0x0000000008003304       0x80 ./FreeRTOS Source/tasks.o
                0x0000000008003304                xTaskCheckForTimeOut
 .text.vTaskMissedYield
                0x0000000008003384        0xc ./FreeRTOS Source/tasks.o
                0x0000000008003384                vTaskMissedYield
 .text.xTaskGetSchedulerState
                0x0000000008003390       0x20 ./FreeRTOS Source/tasks.o
                0x0000000008003390                xTaskGetSchedulerState
 .text.vTaskPriorityInherit
                0x00000000080033b0       0xa0 ./FreeRTOS Source/tasks.o
                0x00000000080033b0                vTaskPriorityInherit
 .text.xTaskPriorityDisinherit
                0x0000000008003450       0xb0 ./FreeRTOS Source/tasks.o
                0x0000000008003450                xTaskPriorityDisinherit
 .text.pvTaskIncrementMutexHeldCount
                0x0000000008003500       0x1c ./FreeRTOS Source/tasks.o
                0x0000000008003500                pvTaskIncrementMutexHeldCount
 .text.prvGetNextExpireTime
                0x000000000800351c       0x20 ./FreeRTOS Source/timers.o
 .text.prvInsertTimerInActiveList
                0x000000000800353c       0x48 ./FreeRTOS Source/timers.o
 .text.prvCheckForValidListAndQueue
                0x0000000008003584       0x5c ./FreeRTOS Source/timers.o
 .text.prvInitialiseNewTimer
                0x00000000080035e0       0x40 ./FreeRTOS Source/timers.o
 .text.xTimerCreateTimerTask
                0x0000000008003620       0x50 ./FreeRTOS Source/timers.o
                0x0000000008003620                xTimerCreateTimerTask
 .text.xTimerCreate
                0x0000000008003670       0x32 ./FreeRTOS Source/timers.o
                0x0000000008003670                xTimerCreate
 *fill*         0x00000000080036a2        0x2 
 .text.xTimerGenericCommand
                0x00000000080036a4       0x6c ./FreeRTOS Source/timers.o
                0x00000000080036a4                xTimerGenericCommand
 .text.prvSwitchTimerLists
                0x0000000008003710       0x78 ./FreeRTOS Source/timers.o
 .text.prvSampleTimeNow
                0x0000000008003788       0x2c ./FreeRTOS Source/timers.o
 .text.prvProcessExpiredTimer
                0x00000000080037b4       0x60 ./FreeRTOS Source/timers.o
 .text.prvProcessTimerOrBlockTask
                0x0000000008003814       0x70 ./FreeRTOS Source/timers.o
 .text.prvProcessReceivedCommands
                0x0000000008003884       0xe0 ./FreeRTOS Source/timers.o
 .text.prvTimerTask
                0x0000000008003964       0x16 ./FreeRTOS Source/timers.o
 *fill*         0x000000000800397a        0x2 
 .text          0x000000000800397c      0x378 c:/users/nadeen/appdata/roaming/xpacks/@xpack-dev-tools/arm-none-eabi-gcc/12.2.1-1.2.1/.content/bin/../lib/gcc/arm-none-eabi/12.2.1/thumb/v7e-m+fp/softfp\libgcc.a(_arm_addsubdf3.o)
                0x000000000800397c                __aeabi_drsub
                0x0000000008003984                __aeabi_dsub
                0x0000000008003984                __subdf3
                0x0000000008003988                __aeabi_dadd
                0x0000000008003988                __adddf3
                0x0000000008003c00                __floatunsidf
                0x0000000008003c00                __aeabi_ui2d
                0x0000000008003c20                __floatsidf
                0x0000000008003c20                __aeabi_i2d
                0x0000000008003c44                __aeabi_f2d
                0x0000000008003c44                __extendsfdf2
                0x0000000008003c88                __floatundidf
                0x0000000008003c88                __aeabi_ul2d
                0x0000000008003c98                __floatdidf
                0x0000000008003c98                __aeabi_l2d
 .text          0x0000000008003cf4      0x424 c:/users/nadeen/appdata/roaming/xpacks/@xpack-dev-tools/arm-none-eabi-gcc/12.2.1-1.2.1/.content/bin/../lib/gcc/arm-none-eabi/12.2.1/thumb/v7e-m+fp/softfp\libgcc.a(_arm_muldivdf3.o)
                0x0000000008003cf4                __aeabi_dmul
                0x0000000008003cf4                __muldf3
                0x0000000008003f48                __divdf3
                0x0000000008003f48                __aeabi_ddiv
 .text          0x0000000008004118       0x40 c:/users/nadeen/appdata/roaming/xpacks/@xpack-dev-tools/arm-none-eabi-gcc/12.2.1-1.2.1/.content/bin/../lib/gcc/arm-none-eabi/12.2.1/thumb/v7e-m+fp/softfp\libgcc.a(_arm_fixunsdfsi.o)
                0x0000000008004118                __aeabi_d2uiz
                0x0000000008004118                __fixunsdfsi
 .text          0x0000000008004158       0x30 c:/users/nadeen/appdata/roaming/xpacks/@xpack-dev-tools/arm-none-eabi-gcc/12.2.1-1.2.1/.content/bin/../lib/gcc/arm-none-eabi/12.2.1/thumb/v7e-m+fp/softfp\libgcc.a(_aeabi_uldivmod.o)
                0x0000000008004158                __aeabi_uldivmod
 .text.__udivmoddi4
                0x0000000008004188      0x2bc c:/users/nadeen/appdata/roaming/xpacks/@xpack-dev-tools/arm-none-eabi-gcc/12.2.1-1.2.1/.content/bin/../lib/gcc/arm-none-eabi/12.2.1/thumb/v7e-m+fp/softfp\libgcc.a(_udivmoddi4.o)
                0x0000000008004188                __udivmoddi4
 .text          0x0000000008004444        0x4 c:/users/nadeen/appdata/roaming/xpacks/@xpack-dev-tools/arm-none-eabi-gcc/12.2.1-1.2.1/.content/bin/../lib/gcc/arm-none-eabi/12.2.1/thumb/v7e-m+fp/softfp\libgcc.a(_dvmd_tls.o)
                0x0000000008004444                __aeabi_idiv0
                0x0000000008004444                __aeabi_ldiv0
 .text.exit     0x0000000008004448       0x24 c:/users/nadeen/appdata/roaming/xpacks/@xpack-dev-tools/arm-none-eabi-gcc/12.2.1-1.2.1/.content/bin/../lib/gcc/arm-none-eabi/12.2.1/../../../../arm-none-eabi/lib/thumb/v7e-m+fp/softfp\libg_nano.a(libc_a-exit.o)
                0x0000000008004448                exit
 .text.srand    0x000000000800446c       0x5c c:/users/nadeen/appdata/roaming/xpacks/@xpack-dev-tools/arm-none-eabi-gcc/12.2.1-1.2.1/.content/bin/../lib/gcc/arm-none-eabi/12.2.1/../../../../arm-none-eabi/lib/thumb/v7e-m+fp/softfp\libg_nano.a(libc_a-rand.o)
                0x000000000800446c                srand
 .text.rand     0x00000000080044c8       0x7c c:/users/nadeen/appdata/roaming/xpacks/@xpack-dev-tools/arm-none-eabi-gcc/12.2.1-1.2.1/.content/bin/../lib/gcc/arm-none-eabi/12.2.1/../../../../arm-none-eabi/lib/thumb/v7e-m+fp/softfp\libg_nano.a(libc_a-rand.o)
                0x00000000080044c8                rand
 .text.std      0x0000000008004544       0x6c c:/users/nadeen/appdata/roaming/xpacks/@xpack-dev-tools/arm-none-eabi-gcc/12.2.1-1.2.1/.content/bin/../lib/gcc/arm-none-eabi/12.2.1/../../../../arm-none-eabi/lib/thumb/v7e-m+fp/softfp\libg_nano.a(libc_a-findfp.o)
 .text.stdio_exit_handler
                0x00000000080045b0       0x18 c:/users/nadeen/appdata/roaming/xpacks/@xpack-dev-tools/arm-none-eabi-gcc/12.2.1-1.2.1/.content/bin/../lib/gcc/arm-none-eabi/12.2.1/../../../../arm-none-eabi/lib/thumb/v7e-m+fp/softfp\libg_nano.a(libc_a-findfp.o)
 .text.cleanup_stdio
                0x00000000080045c8       0x40 c:/users/nadeen/appdata/roaming/xpacks/@xpack-dev-tools/arm-none-eabi-gcc/12.2.1-1.2.1/.content/bin/../lib/gcc/arm-none-eabi/12.2.1/../../../../arm-none-eabi/lib/thumb/v7e-m+fp/softfp\libg_nano.a(libc_a-findfp.o)
 .text.global_stdio_init.part.0
                0x0000000008004608       0x3c c:/users/nadeen/appdata/roaming/xpacks/@xpack-dev-tools/arm-none-eabi-gcc/12.2.1-1.2.1/.content/bin/../lib/gcc/arm-none-eabi/12.2.1/../../../../arm-none-eabi/lib/thumb/v7e-m+fp/softfp\libg_nano.a(libc_a-findfp.o)
 .text.__sfp_lock_acquire
                0x0000000008004644        0xc c:/users/nadeen/appdata/roaming/xpacks/@xpack-dev-tools/arm-none-eabi-gcc/12.2.1-1.2.1/.content/bin/../lib/gcc/arm-none-eabi/12.2.1/../../../../arm-none-eabi/lib/thumb/v7e-m+fp/softfp\libg_nano.a(libc_a-findfp.o)
                0x0000000008004644                __sfp_lock_acquire
 .text.__sfp_lock_release
                0x0000000008004650        0xc c:/users/nadeen/appdata/roaming/xpacks/@xpack-dev-tools/arm-none-eabi-gcc/12.2.1-1.2.1/.content/bin/../lib/gcc/arm-none-eabi/12.2.1/../../../../arm-none-eabi/lib/thumb/v7e-m+fp/softfp\libg_nano.a(libc_a-findfp.o)
                0x0000000008004650                __sfp_lock_release
 .text.__sinit  0x000000000800465c       0x30 c:/users/nadeen/appdata/roaming/xpacks/@xpack-dev-tools/arm-none-eabi-gcc/12.2.1-1.2.1/.content/bin/../lib/gcc/arm-none-eabi/12.2.1/../../../../arm-none-eabi/lib/thumb/v7e-m+fp/softfp\libg_nano.a(libc_a-findfp.o)
                0x000000000800465c                __sinit
 .text._fwalk_sglue
                0x000000000800468c       0x3c c:/users/nadeen/appdata/roaming/xpacks/@xpack-dev-tools/arm-none-eabi-gcc/12.2.1-1.2.1/.content/bin/../lib/gcc/arm-none-eabi/12.2.1/../../../../arm-none-eabi/lib/thumb/v7e-m+fp/softfp\libg_nano.a(libc_a-fwalk.o)
                0x000000000800468c                _fwalk_sglue
 .text.printf   0x00000000080046c8       0x24 c:/users/nadeen/appdata/roaming/xpacks/@xpack-dev-tools/arm-none-eabi-gcc/12.2.1-1.2.1/.content/bin/../lib/gcc/arm-none-eabi/12.2.1/../../../../arm-none-eabi/lib/thumb/v7e-m+fp/softfp\libg_nano.a(libc_a-printf.o)
                0x00000000080046c8                iprintf
                0x00000000080046c8                printf
 .text._puts_r  0x00000000080046ec       0xaa c:/users/nadeen/appdata/roaming/xpacks/@xpack-dev-tools/arm-none-eabi-gcc/12.2.1-1.2.1/.content/bin/../lib/gcc/arm-none-eabi/12.2.1/../../../../arm-none-eabi/lib/thumb/v7e-m+fp/softfp\libg_nano.a(libc_a-puts.o)
                0x00000000080046ec                _puts_r
 *fill*         0x0000000008004796        0x2 
 .text.puts     0x0000000008004798       0x10 c:/users/nadeen/appdata/roaming/xpacks/@xpack-dev-tools/arm-none-eabi-gcc/12.2.1-1.2.1/.content/bin/../lib/gcc/arm-none-eabi/12.2.1/../../../../arm-none-eabi/lib/thumb/v7e-m+fp/softfp\libg_nano.a(libc_a-puts.o)
                0x0000000008004798                puts
 .text.snprintf
                0x00000000080047a8       0x68 c:/users/nadeen/appdata/roaming/xpacks/@xpack-dev-tools/arm-none-eabi-gcc/12.2.1-1.2.1/.content/bin/../lib/gcc/arm-none-eabi/12.2.1/../../../../arm-none-eabi/lib/thumb/v7e-m+fp/softfp\libg_nano.a(libc_a-snprintf.o)
                0x00000000080047a8                sniprintf
                0x00000000080047a8                snprintf
 .text.__sread  0x0000000008004810       0x22 c:/users/nadeen/appdata/roaming/xpacks/@xpack-dev-tools/arm-none-eabi-gcc/12.2.1-1.2.1/.content/bin/../lib/gcc/arm-none-eabi/12.2.1/../../../../arm-none-eabi/lib/thumb/v7e-m+fp/softfp\libg_nano.a(libc_a-stdio.o)
                0x0000000008004810                __sread
 .text.__swrite
                0x0000000008004832       0x38 c:/users/nadeen/appdata/roaming/xpacks/@xpack-dev-tools/arm-none-eabi-gcc/12.2.1-1.2.1/.content/bin/../lib/gcc/arm-none-eabi/12.2.1/../../../../arm-none-eabi/lib/thumb/v7e-m+fp/softfp\libg_nano.a(libc_a-stdio.o)
                0x0000000008004832                __swrite
 .text.__sseek  0x000000000800486a       0x24 c:/users/nadeen/appdata/roaming/xpacks/@xpack-dev-tools/arm-none-eabi-gcc/12.2.1-1.2.1/.content/bin/../lib/gcc/arm-none-eabi/12.2.1/../../../../arm-none-eabi/lib/thumb/v7e-m+fp/softfp\libg_nano.a(libc_a-stdio.o)
                0x000000000800486a                __sseek
 .text.__sclose
                0x000000000800488e        0x8 c:/users/nadeen/appdata/roaming/xpacks/@xpack-dev-tools/arm-none-eabi-gcc/12.2.1-1.2.1/.content/bin/../lib/gcc/arm-none-eabi/12.2.1/../../../../arm-none-eabi/lib/thumb/v7e-m+fp/softfp\libg_nano.a(libc_a-stdio.o)
                0x000000000800488e                __sclose
 .text._vsnprintf_r
                0x0000000008004896       0x56 c:/users/nadeen/appdata/roaming/xpacks/@xpack-dev-tools/arm-none-eabi-gcc/12.2.1-1.2.1/.content/bin/../lib/gcc/arm-none-eabi/12.2.1/../../../../arm-none-eabi/lib/thumb/v7e-m+fp/softfp\libg_nano.a(libc_a-vsnprintf.o)
                0x0000000008004896                _vsniprintf_r
                0x0000000008004896                _vsnprintf_r
 .text.vsnprintf
                0x00000000080048ec       0x1c c:/users/nadeen/appdata/roaming/xpacks/@xpack-dev-tools/arm-none-eabi-gcc/12.2.1-1.2.1/.content/bin/../lib/gcc/arm-none-eabi/12.2.1/../../../../arm-none-eabi/lib/thumb/v7e-m+fp/softfp\libg_nano.a(libc_a-vsnprintf.o)
                0x00000000080048ec                vsniprintf
                0x00000000080048ec                vsnprintf
 .text.__swbuf_r
                0x0000000008004908       0x7c c:/users/nadeen/appdata/roaming/xpacks/@xpack-dev-tools/arm-none-eabi-gcc/12.2.1-1.2.1/.content/bin/../lib/gcc/arm-none-eabi/12.2.1/../../../../arm-none-eabi/lib/thumb/v7e-m+fp/softfp\libg_nano.a(libc_a-wbuf.o)
                0x0000000008004908                __swbuf_r
 .text.__swsetup_r
                0x0000000008004984       0xac c:/users/nadeen/appdata/roaming/xpacks/@xpack-dev-tools/arm-none-eabi-gcc/12.2.1-1.2.1/.content/bin/../lib/gcc/arm-none-eabi/12.2.1/../../../../arm-none-eabi/lib/thumb/v7e-m+fp/softfp\libg_nano.a(libc_a-wsetup.o)
                0x0000000008004984                __swsetup_r
 .text.memset   0x0000000008004a30       0x10 c:/users/nadeen/appdata/roaming/xpacks/@xpack-dev-tools/arm-none-eabi-gcc/12.2.1-1.2.1/.content/bin/../lib/gcc/arm-none-eabi/12.2.1/../../../../arm-none-eabi/lib/thumb/v7e-m+fp/softfp\libg_nano.a(libc_a-memset.o)
                0x0000000008004a30                memset
 .text.time     0x0000000008004a40       0x38 c:/users/nadeen/appdata/roaming/xpacks/@xpack-dev-tools/arm-none-eabi-gcc/12.2.1-1.2.1/.content/bin/../lib/gcc/arm-none-eabi/12.2.1/../../../../arm-none-eabi/lib/thumb/v7e-m+fp/softfp\libg_nano.a(libc_a-time.o)
                0x0000000008004a40                time
 .text._close_r
                0x0000000008004a78       0x20 c:/users/nadeen/appdata/roaming/xpacks/@xpack-dev-tools/arm-none-eabi-gcc/12.2.1-1.2.1/.content/bin/../lib/gcc/arm-none-eabi/12.2.1/../../../../arm-none-eabi/lib/thumb/v7e-m+fp/softfp\libg_nano.a(libc_a-closer.o)
                0x0000000008004a78                _close_r
 .text._gettimeofday_r
                0x0000000008004a98       0x24 c:/users/nadeen/appdata/roaming/xpacks/@xpack-dev-tools/arm-none-eabi-gcc/12.2.1-1.2.1/.content/bin/../lib/gcc/arm-none-eabi/12.2.1/../../../../arm-none-eabi/lib/thumb/v7e-m+fp/softfp\libg_nano.a(libc_a-gettimeofdayr.o)
                0x0000000008004a98                _gettimeofday_r
 .text._lseek_r
                0x0000000008004abc       0x24 c:/users/nadeen/appdata/roaming/xpacks/@xpack-dev-tools/arm-none-eabi-gcc/12.2.1-1.2.1/.content/bin/../lib/gcc/arm-none-eabi/12.2.1/../../../../arm-none-eabi/lib/thumb/v7e-m+fp/softfp\libg_nano.a(libc_a-lseekr.o)
                0x0000000008004abc                _lseek_r
 .text._read_r  0x0000000008004ae0       0x24 c:/users/nadeen/appdata/roaming/xpacks/@xpack-dev-tools/arm-none-eabi-gcc/12.2.1-1.2.1/.content/bin/../lib/gcc/arm-none-eabi/12.2.1/../../../../arm-none-eabi/lib/thumb/v7e-m+fp/softfp\libg_nano.a(libc_a-readr.o)
                0x0000000008004ae0                _read_r
 .text._write_r
                0x0000000008004b04       0x24 c:/users/nadeen/appdata/roaming/xpacks/@xpack-dev-tools/arm-none-eabi-gcc/12.2.1-1.2.1/.content/bin/../lib/gcc/arm-none-eabi/12.2.1/../../../../arm-none-eabi/lib/thumb/v7e-m+fp/softfp\libg_nano.a(libc_a-writer.o)
                0x0000000008004b04                _write_r
 .text.__errno  0x0000000008004b28        0xc c:/users/nadeen/appdata/roaming/xpacks/@xpack-dev-tools/arm-none-eabi-gcc/12.2.1-1.2.1/.content/bin/../lib/gcc/arm-none-eabi/12.2.1/../../../../arm-none-eabi/lib/thumb/v7e-m+fp/softfp\libg_nano.a(libc_a-errno.o)
                0x0000000008004b28                __errno
 .text.__retarget_lock_init_recursive
                0x0000000008004b34        0x2 c:/users/nadeen/appdata/roaming/xpacks/@xpack-dev-tools/arm-none-eabi-gcc/12.2.1-1.2.1/.content/bin/../lib/gcc/arm-none-eabi/12.2.1/../../../../arm-none-eabi/lib/thumb/v7e-m+fp/softfp\libg_nano.a(libc_a-lock.o)
                0x0000000008004b34                __retarget_lock_init_recursive
 .text.__retarget_lock_acquire_recursive
                0x0000000008004b36        0x2 c:/users/nadeen/appdata/roaming/xpacks/@xpack-dev-tools/arm-none-eabi-gcc/12.2.1-1.2.1/.content/bin/../lib/gcc/arm-none-eabi/12.2.1/../../../../arm-none-eabi/lib/thumb/v7e-m+fp/softfp\libg_nano.a(libc_a-lock.o)
                0x0000000008004b36                __retarget_lock_acquire_recursive
 .text.__retarget_lock_release_recursive
                0x0000000008004b38        0x2 c:/users/nadeen/appdata/roaming/xpacks/@xpack-dev-tools/arm-none-eabi-gcc/12.2.1-1.2.1/.content/bin/../lib/gcc/arm-none-eabi/12.2.1/../../../../arm-none-eabi/lib/thumb/v7e-m+fp/softfp\libg_nano.a(libc_a-lock.o)
                0x0000000008004b38                __retarget_lock_release_recursive
 .text          0x0000000008004b3a       0x14 c:/users/nadeen/appdata/roaming/xpacks/@xpack-dev-tools/arm-none-eabi-gcc/12.2.1-1.2.1/.content/bin/../lib/gcc/arm-none-eabi/12.2.1/../../../../arm-none-eabi/lib/thumb/v7e-m+fp/softfp\libg_nano.a(libc_a-strcmp.o)
                0x0000000008004b3a                strcmp
 .text.memcpy   0x0000000008004b4e       0x1c c:/users/nadeen/appdata/roaming/xpacks/@xpack-dev-tools/arm-none-eabi-gcc/12.2.1-1.2.1/.content/bin/../lib/gcc/arm-none-eabi/12.2.1/../../../../arm-none-eabi/lib/thumb/v7e-m+fp/softfp\libg_nano.a(libc_a-memcpy-stub.o)
                0x0000000008004b4e                memcpy
 .text          0x0000000008004b6a       0x10 c:/users/nadeen/appdata/roaming/xpacks/@xpack-dev-tools/arm-none-eabi-gcc/12.2.1-1.2.1/.content/bin/../lib/gcc/arm-none-eabi/12.2.1/../../../../arm-none-eabi/lib/thumb/v7e-m+fp/softfp\libg_nano.a(libc_a-strlen.o)
                0x0000000008004b6a                strlen
 *fill*         0x0000000008004b7a        0x2 
 .text._free_r  0x0000000008004b7c       0x94 c:/users/nadeen/appdata/roaming/xpacks/@xpack-dev-tools/arm-none-eabi-gcc/12.2.1-1.2.1/.content/bin/../lib/gcc/arm-none-eabi/12.2.1/../../../../arm-none-eabi/lib/thumb/v7e-m+fp/softfp\libg_nano.a(libc_a-freer.o)
                0x0000000008004b7c                _free_r
 .text.malloc   0x0000000008004c10       0x10 c:/users/nadeen/appdata/roaming/xpacks/@xpack-dev-tools/arm-none-eabi-gcc/12.2.1-1.2.1/.content/bin/../lib/gcc/arm-none-eabi/12.2.1/../../../../arm-none-eabi/lib/thumb/v7e-m+fp/softfp\libg_nano.a(libc_a-malloc.o)
                0x0000000008004c10                malloc
 .text.sbrk_aligned
                0x0000000008004c20       0x44 c:/users/nadeen/appdata/roaming/xpacks/@xpack-dev-tools/arm-none-eabi-gcc/12.2.1-1.2.1/.content/bin/../lib/gcc/arm-none-eabi/12.2.1/../../../../arm-none-eabi/lib/thumb/v7e-m+fp/softfp\libg_nano.a(libc_a-mallocr.o)
 .text._malloc_r
                0x0000000008004c64       0xf0 c:/users/nadeen/appdata/roaming/xpacks/@xpack-dev-tools/arm-none-eabi-gcc/12.2.1-1.2.1/.content/bin/../lib/gcc/arm-none-eabi/12.2.1/../../../../arm-none-eabi/lib/thumb/v7e-m+fp/softfp\libg_nano.a(libc_a-mallocr.o)
                0x0000000008004c64                _malloc_r
 .text.__malloc_lock
                0x0000000008004d54        0xc c:/users/nadeen/appdata/roaming/xpacks/@xpack-dev-tools/arm-none-eabi-gcc/12.2.1-1.2.1/.content/bin/../lib/gcc/arm-none-eabi/12.2.1/../../../../arm-none-eabi/lib/thumb/v7e-m+fp/softfp\libg_nano.a(libc_a-mlock.o)
                0x0000000008004d54                __malloc_lock
 .text.__malloc_unlock
                0x0000000008004d60        0xc c:/users/nadeen/appdata/roaming/xpacks/@xpack-dev-tools/arm-none-eabi-gcc/12.2.1-1.2.1/.content/bin/../lib/gcc/arm-none-eabi/12.2.1/../../../../arm-none-eabi/lib/thumb/v7e-m+fp/softfp\libg_nano.a(libc_a-mlock.o)
                0x0000000008004d60                __malloc_unlock
 .text.__ssputs_r
                0x0000000008004d6c       0xb6 c:/users/nadeen/appdata/roaming/xpacks/@xpack-dev-tools/arm-none-eabi-gcc/12.2.1-1.2.1/.content/bin/../lib/gcc/arm-none-eabi/12.2.1/../../../../arm-none-eabi/lib/thumb/v7e-m+fp/softfp\libg_nano.a(libc_a-nano-svfprintf.o)
                0x0000000008004d6c                __ssputs_r
 *fill*         0x0000000008004e22        0x2 
 .text._svfprintf_r
                0x0000000008004e24      0x1f8 c:/users/nadeen/appdata/roaming/xpacks/@xpack-dev-tools/arm-none-eabi-gcc/12.2.1-1.2.1/.content/bin/../lib/gcc/arm-none-eabi/12.2.1/../../../../arm-none-eabi/lib/thumb/v7e-m+fp/softfp\libg_nano.a(libc_a-nano-svfprintf.o)
                0x0000000008004e24                _svfiprintf_r
                0x0000000008004e24                _svfprintf_r
 .text.__sfputc_r
                0x000000000800501c       0x2e c:/users/nadeen/appdata/roaming/xpacks/@xpack-dev-tools/arm-none-eabi-gcc/12.2.1-1.2.1/.content/bin/../lib/gcc/arm-none-eabi/12.2.1/../../../../arm-none-eabi/lib/thumb/v7e-m+fp/softfp\libg_nano.a(libc_a-nano-vfprintf.o)
 .text.__sfputs_r
                0x000000000800504a       0x24 c:/users/nadeen/appdata/roaming/xpacks/@xpack-dev-tools/arm-none-eabi-gcc/12.2.1-1.2.1/.content/bin/../lib/gcc/arm-none-eabi/12.2.1/../../../../arm-none-eabi/lib/thumb/v7e-m+fp/softfp\libg_nano.a(libc_a-nano-vfprintf.o)
                0x000000000800504a                __sfputs_r
 *fill*         0x000000000800506e        0x2 
 .text._vfprintf_r
                0x0000000008005070      0x230 c:/users/nadeen/appdata/roaming/xpacks/@xpack-dev-tools/arm-none-eabi-gcc/12.2.1-1.2.1/.content/bin/../lib/gcc/arm-none-eabi/12.2.1/../../../../arm-none-eabi/lib/thumb/v7e-m+fp/softfp\libg_nano.a(libc_a-nano-vfprintf.o)
                0x0000000008005070                _vfprintf_r
                0x0000000008005070                _vfiprintf_r
 .text._printf_common
                0x00000000080052a0       0xda c:/users/nadeen/appdata/roaming/xpacks/@xpack-dev-tools/arm-none-eabi-gcc/12.2.1-1.2.1/.content/bin/../lib/gcc/arm-none-eabi/12.2.1/../../../../arm-none-eabi/lib/thumb/v7e-m+fp/softfp\libg_nano.a(libc_a-nano-vfprintf_i.o)
                0x00000000080052a0                _printf_common
 *fill*         0x000000000800537a        0x2 
 .text._printf_i
                0x000000000800537c      0x258 c:/users/nadeen/appdata/roaming/xpacks/@xpack-dev-tools/arm-none-eabi-gcc/12.2.1-1.2.1/.content/bin/../lib/gcc/arm-none-eabi/12.2.1/../../../../arm-none-eabi/lib/thumb/v7e-m+fp/softfp\libg_nano.a(libc_a-nano-vfprintf_i.o)
                0x000000000800537c                _printf_i
 .text.__sflush_r
                0x00000000080055d4      0x108 c:/users/nadeen/appdata/roaming/xpacks/@xpack-dev-tools/arm-none-eabi-gcc/12.2.1-1.2.1/.content/bin/../lib/gcc/arm-none-eabi/12.2.1/../../../../arm-none-eabi/lib/thumb/v7e-m+fp/softfp\libg_nano.a(libc_a-fflush.o)
                0x00000000080055d4                __sflush_r
 .text._fflush_r
                0x00000000080056dc       0x50 c:/users/nadeen/appdata/roaming/xpacks/@xpack-dev-tools/arm-none-eabi-gcc/12.2.1-1.2.1/.content/bin/../lib/gcc/arm-none-eabi/12.2.1/../../../../arm-none-eabi/lib/thumb/v7e-m+fp/softfp\libg_nano.a(libc_a-fflush.o)
                0x00000000080056dc                _fflush_r
 .text.__swhatbuf_r
                0x000000000800572c       0x4c c:/users/nadeen/appdata/roaming/xpacks/@xpack-dev-tools/arm-none-eabi-gcc/12.2.1-1.2.1/.content/bin/../lib/gcc/arm-none-eabi/12.2.1/../../../../arm-none-eabi/lib/thumb/v7e-m+fp/softfp\libg_nano.a(libc_a-makebuf.o)
                0x000000000800572c                __swhatbuf_r
 .text.__smakebuf_r
                0x0000000008005778       0x78 c:/users/nadeen/appdata/roaming/xpacks/@xpack-dev-tools/arm-none-eabi-gcc/12.2.1-1.2.1/.content/bin/../lib/gcc/arm-none-eabi/12.2.1/../../../../arm-none-eabi/lib/thumb/v7e-m+fp/softfp\libg_nano.a(libc_a-makebuf.o)
                0x0000000008005778                __smakebuf_r
 .text.memmove  0x00000000080057f0       0x34 c:/users/nadeen/appdata/roaming/xpacks/@xpack-dev-tools/arm-none-eabi-gcc/12.2.1-1.2.1/.content/bin/../lib/gcc/arm-none-eabi/12.2.1/../../../../arm-none-eabi/lib/thumb/v7e-m+fp/softfp\libg_nano.a(libc_a-memmove.o)
                0x00000000080057f0                memmove
 .text._fstat_r
                0x0000000008005824       0x24 c:/users/nadeen/appdata/roaming/xpacks/@xpack-dev-tools/arm-none-eabi-gcc/12.2.1-1.2.1/.content/bin/../lib/gcc/arm-none-eabi/12.2.1/../../../../arm-none-eabi/lib/thumb/v7e-m+fp/softfp\libg_nano.a(libc_a-fstatr.o)
                0x0000000008005824                _fstat_r
 .text._isatty_r
                0x0000000008005848       0x20 c:/users/nadeen/appdata/roaming/xpacks/@xpack-dev-tools/arm-none-eabi-gcc/12.2.1-1.2.1/.content/bin/../lib/gcc/arm-none-eabi/12.2.1/../../../../arm-none-eabi/lib/thumb/v7e-m+fp/softfp\libg_nano.a(libc_a-isattyr.o)
                0x0000000008005848                _isatty_r
 .text._sbrk_r  0x0000000008005868       0x20 c:/users/nadeen/appdata/roaming/xpacks/@xpack-dev-tools/arm-none-eabi-gcc/12.2.1-1.2.1/.content/bin/../lib/gcc/arm-none-eabi/12.2.1/../../../../arm-none-eabi/lib/thumb/v7e-m+fp/softfp\libg_nano.a(libc_a-sbrkr.o)
                0x0000000008005868                _sbrk_r
 *fill*         0x0000000008005888        0x8 
 .text          0x0000000008005890       0xa0 c:/users/nadeen/appdata/roaming/xpacks/@xpack-dev-tools/arm-none-eabi-gcc/12.2.1-1.2.1/.content/bin/../lib/gcc/arm-none-eabi/12.2.1/../../../../arm-none-eabi/lib/thumb/v7e-m+fp/softfp\libg_nano.a(libc_a-memchr.o)
                0x0000000008005890                memchr
 .text._realloc_r
                0x0000000008005930       0x5c c:/users/nadeen/appdata/roaming/xpacks/@xpack-dev-tools/arm-none-eabi-gcc/12.2.1-1.2.1/.content/bin/../lib/gcc/arm-none-eabi/12.2.1/../../../../arm-none-eabi/lib/thumb/v7e-m+fp/softfp\libg_nano.a(libc_a-reallocr.o)
                0x0000000008005930                _realloc_r
 .text._malloc_usable_size_r
                0x000000000800598c       0x10 c:/users/nadeen/appdata/roaming/xpacks/@xpack-dev-tools/arm-none-eabi-gcc/12.2.1-1.2.1/.content/bin/../lib/gcc/arm-none-eabi/12.2.1/../../../../arm-none-eabi/lib/thumb/v7e-m+fp/softfp\libg_nano.a(libc_a-msizer.o)
                0x000000000800598c                _malloc_usable_size_r
 *(.rodata .rodata.* .constdata .constdata.*)
 .rodata.HAL_NVIC_SetPriorityGrouping.str1.4
                0x000000000800599c       0x31 ./system/src/stm32f4-hal/stm32f4xx_hal_cortex.o
 *fill*         0x00000000080059cd        0x3 
 .rodata.HAL_RCC_OscConfig.str1.4
                0x00000000080059d0       0x2e ./system/src/stm32f4-hal/stm32f4xx_hal_rcc.o
 *fill*         0x00000000080059fe        0x2 
 .rodata.__assert_func.str1.4
                0x0000000008005a00       0x3f ./system/src/newlib/assert.o
                                         0x43 (size before relaxing)
 *fill*         0x0000000008005a3f        0x1 
 .rodata.abort.str1.4
                0x0000000008005a40       0x14 ./system/src/newlib/exit.o
 .rodata.initialise_monitor_handles.str1.4
                0x0000000008005a54        0x4 ./system/src/newlib/syscalls.o
 .rodata.trace_puts.str1.4
                0x0000000008005a58        0x4 ./system/src/diag/trace.o
                                          0x2 (size before relaxing)
 .rodata.dumpExceptionStack.str1.4
                0x0000000008005a58      0x11a ./system/src/cortexm/exception-handlers.o
 .rodata.isSemihosting.str1.4
                0x0000000008005b72        0x4 ./system/src/cortexm/exception-handlers.o
 *fill*         0x0000000008005b72        0x2 
 .rodata.str1.4
                0x0000000008005b74       0x2a ./system/src/cortexm/exception-handlers.o
 *fill*         0x0000000008005b9e        0x2 
 .rodata.AHBPrescTable
                0x0000000008005ba0       0x10 ./system/src/cmsis/system_stm32f4xx.o
                0x0000000008005ba0                AHBPrescTable
 .rodata.assert_failed.str1.4
                0x0000000008005bb0       0x2d ./src/initialize-hardware.o
 *fill*         0x0000000008005bdd        0x3 
 .rodata.receiverTask.str1.4
                0x0000000008005be0        0xf ./src/main.o
 *fill*         0x0000000008005bef        0x1 
 .rodata.createTasks.str1.4
                0x0000000008005bf0       0x7e ./src/main.o
 *fill*         0x0000000008005c6e        0x2 
 .rodata.createSemaphores.str1.4
                0x0000000008005c70       0x56 ./src/main.o
 *fill*         0x0000000008005cc6        0x2 
 .rodata.createTimers.str1.4
                0x0000000008005cc8      0x10b ./src/main.o
 *fill*         0x0000000008005dd3        0x1 
 .rodata.main.str1.4
                0x0000000008005dd4       0x27 ./src/main.o
 *fill*         0x0000000008005dfb        0x1 
 .rodata.changeSenderPeriod.str1.4
                0x0000000008005dfc       0x37 ./src/main.o
 *fill*         0x0000000008005e33        0x1 
 .rodata.senderTask.str1.4
                0x0000000008005e34       0x17 ./src/main.o
 *fill*         0x0000000008005e4b        0x1 
 .rodata.endOfIteration.str1.4
                0x0000000008005e4c      0x23e ./src/main.o
 *fill*         0x000000000800608a        0x2 
 .rodata.maxBoundOfTsender
                0x000000000800608c       0x18 ./src/main.o
 .rodata.minBoundOfTsender
                0x00000000080060a4       0x18 ./src/main.o
 .rodata.vTaskStartScheduler.str1.4
                0x00000000080060bc        0x5 ./FreeRTOS Source/tasks.o
 *fill*         0x00000000080060c1        0x3 
 .rodata.prvCheckForValidListAndQueue.str1.4
                0x00000000080060c4        0x5 ./FreeRTOS Source/timers.o
 *fill*         0x00000000080060c9        0x3 
 .rodata.xTimerCreateTimerTask.str1.4
                0x00000000080060cc        0x8 ./FreeRTOS Source/timers.o
 .rodata.srand.str1.1
                0x00000000080060d4       0x8c c:/users/nadeen/appdata/roaming/xpacks/@xpack-dev-tools/arm-none-eabi-gcc/12.2.1-1.2.1/.content/bin/../lib/gcc/arm-none-eabi/12.2.1/../../../../arm-none-eabi/lib/thumb/v7e-m+fp/softfp\libg_nano.a(libc_a-rand.o)
 .rodata._ctype_
                0x0000000008006160      0x101 c:/users/nadeen/appdata/roaming/xpacks/@xpack-dev-tools/arm-none-eabi-gcc/12.2.1-1.2.1/.content/bin/../lib/gcc/arm-none-eabi/12.2.1/../../../../arm-none-eabi/lib/thumb/v7e-m+fp/softfp\libg_nano.a(libc_a-ctype_.o)
                0x0000000008006160                _ctype_
 .rodata._svfprintf_r.str1.1
                0x0000000008006261       0x11 c:/users/nadeen/appdata/roaming/xpacks/@xpack-dev-tools/arm-none-eabi-gcc/12.2.1-1.2.1/.content/bin/../lib/gcc/arm-none-eabi/12.2.1/../../../../arm-none-eabi/lib/thumb/v7e-m+fp/softfp\libg_nano.a(libc_a-nano-svfprintf.o)
 .rodata._vfprintf_r.str1.1
                0x0000000008006272       0x11 c:/users/nadeen/appdata/roaming/xpacks/@xpack-dev-tools/arm-none-eabi-gcc/12.2.1-1.2.1/.content/bin/../lib/gcc/arm-none-eabi/12.2.1/../../../../arm-none-eabi/lib/thumb/v7e-m+fp/softfp\libg_nano.a(libc_a-nano-vfprintf.o)
 .rodata._printf_i.str1.1
                0x0000000008006272       0x22 c:/users/nadeen/appdata/roaming/xpacks/@xpack-dev-tools/arm-none-eabi-gcc/12.2.1-1.2.1/.content/bin/../lib/gcc/arm-none-eabi/12.2.1/../../../../arm-none-eabi/lib/thumb/v7e-m+fp/softfp\libg_nano.a(libc_a-nano-vfprintf_i.o)
 *(vtable)
 *(.eh_frame*)
 *(.glue_7)
 .glue_7        0x0000000008006294        0x0 linker stubs
 *(.glue_7t)
 .glue_7t       0x0000000008006294        0x0 linker stubs

.vfp11_veneer   0x0000000008006294        0x0
 .vfp11_veneer  0x0000000008006294        0x0 linker stubs

.v4_bx          0x0000000008006294        0x0
 .v4_bx         0x0000000008006294        0x0 linker stubs

.iplt           0x0000000008006294        0x0
 .iplt          0x0000000008006294        0x0 ./system/src/stm32f4-hal/stm32f4xx_hal.o

.ARM.extab
 *(.ARM.extab* .gnu.linkonce.armextab.*)
                0x0000000008006294                . = ALIGN (0x4)
                0x0000000008006294                __exidx_start = .

.ARM.exidx      0x0000000008006294        0x8
 *(.ARM.exidx* .gnu.linkonce.armexidx.*)
 .ARM.exidx.text.__udivmoddi4
                0x0000000008006294        0x8 c:/users/nadeen/appdata/roaming/xpacks/@xpack-dev-tools/arm-none-eabi-gcc/12.2.1-1.2.1/.content/bin/../lib/gcc/arm-none-eabi/12.2.1/thumb/v7e-m+fp/softfp\libgcc.a(_udivmoddi4.o)
                0x000000000800629c                __exidx_end = .

.rel.dyn        0x000000000800629c        0x0
 .rel.iplt      0x000000000800629c        0x0 ./system/src/stm32f4-hal/stm32f4xx_hal.o
                0x000000000800629c                . = ALIGN (0x4)
                0x000000000800629c                _etext = .
                0x000000000800629c                __etext = .

.data_CCMRAM    0x0000000010000000        0x0 load address 0x000000000800629c
 FILL mask 0xff
 *(.data.CCMRAM .data.CCMRAM.*)
                0x0000000010000000                . = ALIGN (0x4)
                0x000000000800629c                _sidata = LOADADDR (.data)

.data           0x0000000020000000       0x74 load address 0x000000000800629c
 FILL mask 0xff
                0x0000000020000000                _sdata = .
                0x0000000020000000                __data_start__ = .
 *(.data_begin .data_begin.*)
 .data_begin    0x0000000020000000        0x4 ./system/src/newlib/startup.o
 *(.data .data.*)
 .data.uwTickFreq
                0x0000000020000004        0x1 ./system/src/stm32f4-hal/stm32f4xx_hal.o
                0x0000000020000004                uwTickFreq
 *fill*         0x0000000020000005        0x3 ff
 .data.uwTickPrio
                0x0000000020000008        0x4 ./system/src/stm32f4-hal/stm32f4xx_hal.o
                0x0000000020000008                uwTickPrio
 .data.SystemCoreClock
                0x000000002000000c        0x4 ./system/src/cmsis/system_stm32f4xx.o
                0x000000002000000c                SystemCoreClock
 .data.uxCriticalNesting
                0x0000000020000010        0x4 ./FreeRTOS Source/portable/GCC/ARM_CM4F/port.o
 .data.__sglue  0x0000000020000014        0xc c:/users/nadeen/appdata/roaming/xpacks/@xpack-dev-tools/arm-none-eabi-gcc/12.2.1-1.2.1/.content/bin/../lib/gcc/arm-none-eabi/12.2.1/../../../../arm-none-eabi/lib/thumb/v7e-m+fp/softfp\libg_nano.a(libc_a-findfp.o)
                0x0000000020000014                __sglue
 .data._impure_ptr
                0x0000000020000020        0x4 c:/users/nadeen/appdata/roaming/xpacks/@xpack-dev-tools/arm-none-eabi-gcc/12.2.1-1.2.1/.content/bin/../lib/gcc/arm-none-eabi/12.2.1/../../../../arm-none-eabi/lib/thumb/v7e-m+fp/softfp\libg_nano.a(libc_a-impure.o)
                0x0000000020000020                _impure_ptr
 .data._impure_data
                0x0000000020000024       0x4c c:/users/nadeen/appdata/roaming/xpacks/@xpack-dev-tools/arm-none-eabi-gcc/12.2.1-1.2.1/.content/bin/../lib/gcc/arm-none-eabi/12.2.1/../../../../arm-none-eabi/lib/thumb/v7e-m+fp/softfp\libg_nano.a(libc_a-impure.o)
                0x0000000020000024                _impure_data
 *(.data_end .data_end.*)
 .data_end      0x0000000020000070        0x4 ./system/src/newlib/startup.o
                0x0000000020000074                . = ALIGN (0x4)
                0x0000000020000074                _edata = .
                0x0000000020000074                __data_end__ = .

.igot.plt       0x0000000020000074        0x0 load address 0x0000000008006310
 .igot.plt      0x0000000020000074        0x0 ./system/src/stm32f4-hal/stm32f4xx_hal.o

.bss_CCMRAM     0x0000000010000000        0x0
 *(.bss.CCMRAM .bss.CCMRAM.*)

.bss            0x0000000020000074    0x13160
                0x0000000020000074                __bss_start__ = .
                0x0000000020000074                _sbss = .
 *(.bss_begin .bss_begin.*)
 .bss_begin     0x0000000020000074        0x4 ./system/src/newlib/startup.o
 *(.bss .bss.*)
 .bss.uwTick    0x0000000020000078        0x4 ./system/src/stm32f4-hal/stm32f4xx_hal.o
                0x0000000020000078                uwTick
 .bss.current_heap_end.0
                0x000000002000007c        0x4 ./system/src/newlib/sbrk.o
 .bss.argv_buf.0
                0x0000000020000080       0x28 ./system/src/newlib/syscalls.o
 .bss.args_buf.1
                0x00000000200000a8       0x50 ./system/src/newlib/syscalls.o
 .bss.monitor_stderr
                0x00000000200000f8        0x4 ./system/src/newlib/syscalls.o
 .bss.monitor_stdout
                0x00000000200000fc        0x4 ./system/src/newlib/syscalls.o
 .bss.monitor_stdin
                0x0000000020000100        0x4 ./system/src/newlib/syscalls.o
 .bss.openfiles
                0x0000000020000104       0xa0 ./system/src/newlib/syscalls.o
 .bss.errno     0x00000000200001a4        0x4 ./system/src/newlib/syscalls.o
                0x00000000200001a4                errno
 .bss.buf.0     0x00000000200001a8       0x80 ./system/src/diag/trace.o
 .bss.gTsenderSumArr
                0x0000000020000228       0x48 ./src/main.o
 .bss.gCurrentRunNumber
                0x0000000020000270        0x1 ./src/main.o
 *fill*         0x0000000020000271        0x3 
 .bss.gRandomTsender
                0x0000000020000274        0x4 ./src/main.o
 .bss.gNumOfReceivedMessages
                0x0000000020000278        0x4 ./src/main.o
 .bss.gNumOfBlockedMessagesOfSender
                0x000000002000027c        0xc ./src/main.o
 .bss.gNumOfTransmittedMessagesOfSender
                0x0000000020000288        0xc ./src/main.o
 .bss.xSemaphoreReceiver
                0x0000000020000294        0x4 ./src/main.o
 .bss.xSemaphoreSender
                0x0000000020000298        0xc ./src/main.o
 .bss.xReceiver
                0x00000000200002a4        0x4 ./src/main.o
 .bss.xSender   0x00000000200002a8        0xc ./src/main.o
 .bss.xTimerReceiverStarted
                0x00000000200002b4        0x4 ./src/main.o
 .bss.xTimerSenderStarted
                0x00000000200002b8        0xc ./src/main.o
 .bss.xReceiverHandle
                0x00000000200002c4        0x4 ./src/main.o
 .bss.xSenderHandle
                0x00000000200002c8        0xc ./src/main.o
 .bss.xTimerReceiver
                0x00000000200002d4        0x4 ./src/main.o
 .bss.xTimerSender
                0x00000000200002d8        0xc ./src/main.o
 .bss.gQueueHandle
                0x00000000200002e4        0x4 ./src/main.o
 .bss.xBlockAllocatedBit
                0x00000000200002e8        0x4 ./FreeRTOS Source/portable/MemMang/heap_4.o
 .bss.xMinimumEverFreeBytesRemaining
                0x00000000200002ec        0x4 ./FreeRTOS Source/portable/MemMang/heap_4.o
 .bss.xFreeBytesRemaining
                0x00000000200002f0        0x4 ./FreeRTOS Source/portable/MemMang/heap_4.o
 .bss.pxEnd     0x00000000200002f4        0x4 ./FreeRTOS Source/portable/MemMang/heap_4.o
 .bss.xStart    0x00000000200002f8        0x8 ./FreeRTOS Source/portable/MemMang/heap_4.o
 .bss.ucHeap    0x0000000020000300    0x12c00 ./FreeRTOS Source/portable/MemMang/heap_4.o
 .bss.ulMaxPRIGROUPValue
                0x0000000020012f00        0x4 ./FreeRTOS Source/portable/GCC/ARM_CM4F/port.o
 .bss.ucMaxSysCallPriority
                0x0000000020012f04        0x1 ./FreeRTOS Source/portable/GCC/ARM_CM4F/port.o
 *fill*         0x0000000020012f05        0x3 
 .bss.xQueueRegistry
                0x0000000020012f08       0x40 ./FreeRTOS Source/queue.o
                0x0000000020012f08                xQueueRegistry
 .bss.uxSchedulerSuspended
                0x0000000020012f48        0x4 ./FreeRTOS Source/tasks.o
 .bss.xIdleTaskHandle
                0x0000000020012f4c        0x4 ./FreeRTOS Source/tasks.o
 .bss.xNextTaskUnblockTime
                0x0000000020012f50        0x4 ./FreeRTOS Source/tasks.o
 .bss.uxTaskNumber
                0x0000000020012f54        0x4 ./FreeRTOS Source/tasks.o
 .bss.xNumOfOverflows
                0x0000000020012f58        0x4 ./FreeRTOS Source/tasks.o
 .bss.xYieldPending
                0x0000000020012f5c        0x4 ./FreeRTOS Source/tasks.o
 .bss.uxPendedTicks
                0x0000000020012f60        0x4 ./FreeRTOS Source/tasks.o
 .bss.xSchedulerRunning
                0x0000000020012f64        0x4 ./FreeRTOS Source/tasks.o
 .bss.uxTopReadyPriority
                0x0000000020012f68        0x4 ./FreeRTOS Source/tasks.o
 .bss.xTickCount
                0x0000000020012f6c        0x4 ./FreeRTOS Source/tasks.o
 .bss.uxCurrentNumberOfTasks
                0x0000000020012f70        0x4 ./FreeRTOS Source/tasks.o
 .bss.xSuspendedTaskList
                0x0000000020012f74       0x14 ./FreeRTOS Source/tasks.o
 .bss.uxDeletedTasksWaitingCleanUp
                0x0000000020012f88        0x4 ./FreeRTOS Source/tasks.o
 .bss.xTasksWaitingTermination
                0x0000000020012f8c       0x14 ./FreeRTOS Source/tasks.o
 .bss.xPendingReadyList
                0x0000000020012fa0       0x14 ./FreeRTOS Source/tasks.o
 .bss.pxOverflowDelayedTaskList
                0x0000000020012fb4        0x4 ./FreeRTOS Source/tasks.o
 .bss.pxDelayedTaskList
                0x0000000020012fb8        0x4 ./FreeRTOS Source/tasks.o
 .bss.xDelayedTaskList2
                0x0000000020012fbc       0x14 ./FreeRTOS Source/tasks.o
 .bss.xDelayedTaskList1
                0x0000000020012fd0       0x14 ./FreeRTOS Source/tasks.o
 .bss.pxReadyTasksLists
                0x0000000020012fe4       0x64 ./FreeRTOS Source/tasks.o
 .bss.pxCurrentTCB
                0x0000000020013048        0x4 ./FreeRTOS Source/tasks.o
                0x0000000020013048                pxCurrentTCB
 .bss.xLastTime.0
                0x000000002001304c        0x4 ./FreeRTOS Source/timers.o
 .bss.xTimerTaskHandle
                0x0000000020013050        0x4 ./FreeRTOS Source/timers.o
 .bss.xTimerQueue
                0x0000000020013054        0x4 ./FreeRTOS Source/timers.o
 .bss.pxOverflowTimerList
                0x0000000020013058        0x4 ./FreeRTOS Source/timers.o
 .bss.pxCurrentTimerList
                0x000000002001305c        0x4 ./FreeRTOS Source/timers.o
 .bss.xActiveTimerList2
                0x0000000020013060       0x14 ./FreeRTOS Source/timers.o
 .bss.xActiveTimerList1
                0x0000000020013074       0x14 ./FreeRTOS Source/timers.o
 .bss.__sf      0x0000000020013088      0x138 c:/users/nadeen/appdata/roaming/xpacks/@xpack-dev-tools/arm-none-eabi-gcc/12.2.1-1.2.1/.content/bin/../lib/gcc/arm-none-eabi/12.2.1/../../../../arm-none-eabi/lib/thumb/v7e-m+fp/softfp\libg_nano.a(libc_a-findfp.o)
                0x0000000020013088                __sf
 .bss.__stdio_exit_handler
                0x00000000200131c0        0x4 c:/users/nadeen/appdata/roaming/xpacks/@xpack-dev-tools/arm-none-eabi-gcc/12.2.1-1.2.1/.content/bin/../lib/gcc/arm-none-eabi/12.2.1/../../../../arm-none-eabi/lib/thumb/v7e-m+fp/softfp\libg_nano.a(libc_a-findfp.o)
                0x00000000200131c0                __stdio_exit_handler
 .bss.__lock___malloc_recursive_mutex
                0x00000000200131c4        0x1 c:/users/nadeen/appdata/roaming/xpacks/@xpack-dev-tools/arm-none-eabi-gcc/12.2.1-1.2.1/.content/bin/../lib/gcc/arm-none-eabi/12.2.1/../../../../arm-none-eabi/lib/thumb/v7e-m+fp/softfp\libg_nano.a(libc_a-lock.o)
                0x00000000200131c4                __lock___malloc_recursive_mutex
 .bss.__lock___sfp_recursive_mutex
                0x00000000200131c5        0x1 c:/users/nadeen/appdata/roaming/xpacks/@xpack-dev-tools/arm-none-eabi-gcc/12.2.1-1.2.1/.content/bin/../lib/gcc/arm-none-eabi/12.2.1/../../../../arm-none-eabi/lib/thumb/v7e-m+fp/softfp\libg_nano.a(libc_a-lock.o)
                0x00000000200131c5                __lock___sfp_recursive_mutex
 *fill*         0x00000000200131c6        0x2 
 .bss.__malloc_sbrk_start
                0x00000000200131c8        0x4 c:/users/nadeen/appdata/roaming/xpacks/@xpack-dev-tools/arm-none-eabi-gcc/12.2.1-1.2.1/.content/bin/../lib/gcc/arm-none-eabi/12.2.1/../../../../arm-none-eabi/lib/thumb/v7e-m+fp/softfp\libg_nano.a(libc_a-mallocr.o)
                0x00000000200131c8                __malloc_sbrk_start
 .bss.__malloc_free_list
                0x00000000200131cc        0x4 c:/users/nadeen/appdata/roaming/xpacks/@xpack-dev-tools/arm-none-eabi-gcc/12.2.1-1.2.1/.content/bin/../lib/gcc/arm-none-eabi/12.2.1/../../../../arm-none-eabi/lib/thumb/v7e-m+fp/softfp\libg_nano.a(libc_a-mallocr.o)
                0x00000000200131cc                __malloc_free_list
 *(COMMON)
 *(.bss_end .bss_end.*)
 .bss_end       0x00000000200131d0        0x4 ./system/src/newlib/startup.o
                0x00000000200131d4                . = ALIGN (0x4)
                0x00000000200131d4                __bss_end__ = .
                0x00000000200131d4                _ebss = .

.noinit_CCMRAM
 *(.noinit.CCMRAM .noinit.CCMRAM.*)

.noinit         0x00000000200131d4        0x0
                0x00000000200131d4                _noinit = .
 *(.noinit .noinit.*)
                0x00000000200131d4                . = ALIGN (0x4)
                0x00000000200131d4                _end_noinit = .
                [!provide]                        PROVIDE (end = _end_noinit)
                [!provide]                        PROVIDE (_end = _end_noinit)
                [!provide]                        PROVIDE (__end = _end_noinit)
                [!provide]                        PROVIDE (__end__ = _end_noinit)

._check_stack   0x00000000200131d4      0x100
                0x00000000200132d4                . = (. + _Minimum_Stack_Size)
 *fill*         0x00000000200131d4      0x100 

.b1text
 *(.b1text)
 *(.b1rodata)
 *(.b1rodata.*)

.eb0text
 *(.eb0text)
 *(.eb0rodata)
 *(.eb0rodata.*)

.eb1text
 *(.eb1text)
 *(.eb1rodata)
 *(.eb1rodata.*)

.eb2text
 *(.eb2text)
 *(.eb2rodata)
 *(.eb2rodata.*)

.eb3text
 *(.eb3text)
 *(.eb3rodata)
 *(.eb3rodata.*)

.stab
 *(.stab)

.stabstr
 *(.stabstr)

.stab.excl
 *(.stab.excl)

.stab.exclstr
 *(.stab.exclstr)

.stab.index
 *(.stab.index)

.stab.indexstr
 *(.stab.indexstr)

.comment        0x0000000000000000       0x39
 *(.comment)
 .comment       0x0000000000000000       0x39 ./system/src/stm32f4-hal/stm32f4xx_hal.o
                                         0x3a (size before relaxing)
 .comment       0x0000000000000039       0x3a ./system/src/stm32f4-hal/stm32f4xx_hal_cortex.o
 .comment       0x0000000000000039       0x3a ./system/src/stm32f4-hal/stm32f4xx_hal_rcc.o
 .comment       0x0000000000000039       0x3a ./system/src/newlib/assert.o
 .comment       0x0000000000000039       0x3a ./system/src/newlib/exit.o
 .comment       0x0000000000000039       0x3a ./system/src/newlib/sbrk.o
 .comment       0x0000000000000039       0x3a ./system/src/newlib/startup.o
 .comment       0x0000000000000039       0x3a ./system/src/newlib/syscalls.o
 .comment       0x0000000000000039       0x3a ./system/src/diag/trace-impl.o
 .comment       0x0000000000000039       0x3a ./system/src/diag/trace.o
 .comment       0x0000000000000039       0x3a ./system/src/cortexm/exception-handlers.o
 .comment       0x0000000000000039       0x3a ./system/src/cortexm/initialize-hardware.o
 .comment       0x0000000000000039       0x3a ./system/src/cmsis/system_stm32f4xx.o
 .comment       0x0000000000000039       0x3a ./system/src/cmsis/vectors_stm32f407xx.o
 .comment       0x0000000000000039       0x3a ./src/initialize-hardware.o
 .comment       0x0000000000000039       0x3a ./src/main.o
 .comment       0x0000000000000039       0x3a ./src/stm32f4xx_hal_msp.o
 .comment       0x0000000000000039       0x3a ./FreeRTOS Source/portable/MemMang/heap_4.o
 .comment       0x0000000000000039       0x3a ./FreeRTOS Source/portable/GCC/ARM_CM4F/port.o
 .comment       0x0000000000000039       0x3a ./FreeRTOS Source/list.o
 .comment       0x0000000000000039       0x3a ./FreeRTOS Source/queue.o
 .comment       0x0000000000000039       0x3a ./FreeRTOS Source/tasks.o
 .comment       0x0000000000000039       0x3a ./FreeRTOS Source/timers.o
 .comment       0x0000000000000039       0x3a c:/users/nadeen/appdata/roaming/xpacks/@xpack-dev-tools/arm-none-eabi-gcc/12.2.1-1.2.1/.content/bin/../lib/gcc/arm-none-eabi/12.2.1/thumb/v7e-m+fp/softfp\libgcc.a(_udivmoddi4.o)
 .comment       0x0000000000000039       0x3a c:/users/nadeen/appdata/roaming/xpacks/@xpack-dev-tools/arm-none-eabi-gcc/12.2.1-1.2.1/.content/bin/../lib/gcc/arm-none-eabi/12.2.1/../../../../arm-none-eabi/lib/thumb/v7e-m+fp/softfp\libg_nano.a(libc_a-exit.o)
 .comment       0x0000000000000039       0x3a c:/users/nadeen/appdata/roaming/xpacks/@xpack-dev-tools/arm-none-eabi-gcc/12.2.1-1.2.1/.content/bin/../lib/gcc/arm-none-eabi/12.2.1/../../../../arm-none-eabi/lib/thumb/v7e-m+fp/softfp\libg_nano.a(libc_a-rand.o)
 .comment       0x0000000000000039       0x3a c:/users/nadeen/appdata/roaming/xpacks/@xpack-dev-tools/arm-none-eabi-gcc/12.2.1-1.2.1/.content/bin/../lib/gcc/arm-none-eabi/12.2.1/../../../../arm-none-eabi/lib/thumb/v7e-m+fp/softfp\libg_nano.a(libc_a-ctype_.o)
 .comment       0x0000000000000039       0x3a c:/users/nadeen/appdata/roaming/xpacks/@xpack-dev-tools/arm-none-eabi-gcc/12.2.1-1.2.1/.content/bin/../lib/gcc/arm-none-eabi/12.2.1/../../../../arm-none-eabi/lib/thumb/v7e-m+fp/softfp\libg_nano.a(libc_a-findfp.o)
 .comment       0x0000000000000039       0x3a c:/users/nadeen/appdata/roaming/xpacks/@xpack-dev-tools/arm-none-eabi-gcc/12.2.1-1.2.1/.content/bin/../lib/gcc/arm-none-eabi/12.2.1/../../../../arm-none-eabi/lib/thumb/v7e-m+fp/softfp\libg_nano.a(libc_a-fwalk.o)
 .comment       0x0000000000000039       0x3a c:/users/nadeen/appdata/roaming/xpacks/@xpack-dev-tools/arm-none-eabi-gcc/12.2.1-1.2.1/.content/bin/../lib/gcc/arm-none-eabi/12.2.1/../../../../arm-none-eabi/lib/thumb/v7e-m+fp/softfp\libg_nano.a(libc_a-printf.o)
 .comment       0x0000000000000039       0x3a c:/users/nadeen/appdata/roaming/xpacks/@xpack-dev-tools/arm-none-eabi-gcc/12.2.1-1.2.1/.content/bin/../lib/gcc/arm-none-eabi/12.2.1/../../../../arm-none-eabi/lib/thumb/v7e-m+fp/softfp\libg_nano.a(libc_a-puts.o)
 .comment       0x0000000000000039       0x3a c:/users/nadeen/appdata/roaming/xpacks/@xpack-dev-tools/arm-none-eabi-gcc/12.2.1-1.2.1/.content/bin/../lib/gcc/arm-none-eabi/12.2.1/../../../../arm-none-eabi/lib/thumb/v7e-m+fp/softfp\libg_nano.a(libc_a-snprintf.o)
 .comment       0x0000000000000039       0x3a c:/users/nadeen/appdata/roaming/xpacks/@xpack-dev-tools/arm-none-eabi-gcc/12.2.1-1.2.1/.content/bin/../lib/gcc/arm-none-eabi/12.2.1/../../../../arm-none-eabi/lib/thumb/v7e-m+fp/softfp\libg_nano.a(libc_a-stdio.o)
 .comment       0x0000000000000039       0x3a c:/users/nadeen/appdata/roaming/xpacks/@xpack-dev-tools/arm-none-eabi-gcc/12.2.1-1.2.1/.content/bin/../lib/gcc/arm-none-eabi/12.2.1/../../../../arm-none-eabi/lib/thumb/v7e-m+fp/softfp\libg_nano.a(libc_a-vsnprintf.o)
 .comment       0x0000000000000039       0x3a c:/users/nadeen/appdata/roaming/xpacks/@xpack-dev-tools/arm-none-eabi-gcc/12.2.1-1.2.1/.content/bin/../lib/gcc/arm-none-eabi/12.2.1/../../../../arm-none-eabi/lib/thumb/v7e-m+fp/softfp\libg_nano.a(libc_a-wbuf.o)
 .comment       0x0000000000000039       0x3a c:/users/nadeen/appdata/roaming/xpacks/@xpack-dev-tools/arm-none-eabi-gcc/12.2.1-1.2.1/.content/bin/../lib/gcc/arm-none-eabi/12.2.1/../../../../arm-none-eabi/lib/thumb/v7e-m+fp/softfp\libg_nano.a(libc_a-wsetup.o)
 .comment       0x0000000000000039       0x3a c:/users/nadeen/appdata/roaming/xpacks/@xpack-dev-tools/arm-none-eabi-gcc/12.2.1-1.2.1/.content/bin/../lib/gcc/arm-none-eabi/12.2.1/../../../../arm-none-eabi/lib/thumb/v7e-m+fp/softfp\libg_nano.a(libc_a-memset.o)
 .comment       0x0000000000000039       0x3a c:/users/nadeen/appdata/roaming/xpacks/@xpack-dev-tools/arm-none-eabi-gcc/12.2.1-1.2.1/.content/bin/../lib/gcc/arm-none-eabi/12.2.1/../../../../arm-none-eabi/lib/thumb/v7e-m+fp/softfp\libg_nano.a(libc_a-time.o)
 .comment       0x0000000000000039       0x3a c:/users/nadeen/appdata/roaming/xpacks/@xpack-dev-tools/arm-none-eabi-gcc/12.2.1-1.2.1/.content/bin/../lib/gcc/arm-none-eabi/12.2.1/../../../../arm-none-eabi/lib/thumb/v7e-m+fp/softfp\libg_nano.a(libc_a-closer.o)
 .comment       0x0000000000000039       0x3a c:/users/nadeen/appdata/roaming/xpacks/@xpack-dev-tools/arm-none-eabi-gcc/12.2.1-1.2.1/.content/bin/../lib/gcc/arm-none-eabi/12.2.1/../../../../arm-none-eabi/lib/thumb/v7e-m+fp/softfp\libg_nano.a(libc_a-impure.o)
 .comment       0x0000000000000039       0x3a c:/users/nadeen/appdata/roaming/xpacks/@xpack-dev-tools/arm-none-eabi-gcc/12.2.1-1.2.1/.content/bin/../lib/gcc/arm-none-eabi/12.2.1/../../../../arm-none-eabi/lib/thumb/v7e-m+fp/softfp\libg_nano.a(libc_a-gettimeofdayr.o)
 .comment       0x0000000000000039       0x3a c:/users/nadeen/appdata/roaming/xpacks/@xpack-dev-tools/arm-none-eabi-gcc/12.2.1-1.2.1/.content/bin/../lib/gcc/arm-none-eabi/12.2.1/../../../../arm-none-eabi/lib/thumb/v7e-m+fp/softfp\libg_nano.a(libc_a-lseekr.o)
 .comment       0x0000000000000039       0x3a c:/users/nadeen/appdata/roaming/xpacks/@xpack-dev-tools/arm-none-eabi-gcc/12.2.1-1.2.1/.content/bin/../lib/gcc/arm-none-eabi/12.2.1/../../../../arm-none-eabi/lib/thumb/v7e-m+fp/softfp\libg_nano.a(libc_a-readr.o)
 .comment       0x0000000000000039       0x3a c:/users/nadeen/appdata/roaming/xpacks/@xpack-dev-tools/arm-none-eabi-gcc/12.2.1-1.2.1/.content/bin/../lib/gcc/arm-none-eabi/12.2.1/../../../../arm-none-eabi/lib/thumb/v7e-m+fp/softfp\libg_nano.a(libc_a-writer.o)
 .comment       0x0000000000000039       0x3a c:/users/nadeen/appdata/roaming/xpacks/@xpack-dev-tools/arm-none-eabi-gcc/12.2.1-1.2.1/.content/bin/../lib/gcc/arm-none-eabi/12.2.1/../../../../arm-none-eabi/lib/thumb/v7e-m+fp/softfp\libg_nano.a(libc_a-errno.o)
 .comment       0x0000000000000039       0x3a c:/users/nadeen/appdata/roaming/xpacks/@xpack-dev-tools/arm-none-eabi-gcc/12.2.1-1.2.1/.content/bin/../lib/gcc/arm-none-eabi/12.2.1/../../../../arm-none-eabi/lib/thumb/v7e-m+fp/softfp\libg_nano.a(libc_a-lock.o)
 .comment       0x0000000000000039       0x3a c:/users/nadeen/appdata/roaming/xpacks/@xpack-dev-tools/arm-none-eabi-gcc/12.2.1-1.2.1/.content/bin/../lib/gcc/arm-none-eabi/12.2.1/../../../../arm-none-eabi/lib/thumb/v7e-m+fp/softfp\libg_nano.a(libc_a-memcpy-stub.o)
 .comment       0x0000000000000039       0x3a c:/users/nadeen/appdata/roaming/xpacks/@xpack-dev-tools/arm-none-eabi-gcc/12.2.1-1.2.1/.content/bin/../lib/gcc/arm-none-eabi/12.2.1/../../../../arm-none-eabi/lib/thumb/v7e-m+fp/softfp\libg_nano.a(libc_a-freer.o)
 .comment       0x0000000000000039       0x3a c:/users/nadeen/appdata/roaming/xpacks/@xpack-dev-tools/arm-none-eabi-gcc/12.2.1-1.2.1/.content/bin/../lib/gcc/arm-none-eabi/12.2.1/../../../../arm-none-eabi/lib/thumb/v7e-m+fp/softfp\libg_nano.a(libc_a-malloc.o)
 .comment       0x0000000000000039       0x3a c:/users/nadeen/appdata/roaming/xpacks/@xpack-dev-tools/arm-none-eabi-gcc/12.2.1-1.2.1/.content/bin/../lib/gcc/arm-none-eabi/12.2.1/../../../../arm-none-eabi/lib/thumb/v7e-m+fp/softfp\libg_nano.a(libc_a-mallocr.o)
 .comment       0x0000000000000039       0x3a c:/users/nadeen/appdata/roaming/xpacks/@xpack-dev-tools/arm-none-eabi-gcc/12.2.1-1.2.1/.content/bin/../lib/gcc/arm-none-eabi/12.2.1/../../../../arm-none-eabi/lib/thumb/v7e-m+fp/softfp\libg_nano.a(libc_a-mlock.o)
 .comment       0x0000000000000039       0x3a c:/users/nadeen/appdata/roaming/xpacks/@xpack-dev-tools/arm-none-eabi-gcc/12.2.1-1.2.1/.content/bin/../lib/gcc/arm-none-eabi/12.2.1/../../../../arm-none-eabi/lib/thumb/v7e-m+fp/softfp\libg_nano.a(libc_a-nano-svfprintf.o)
 .comment       0x0000000000000039       0x3a c:/users/nadeen/appdata/roaming/xpacks/@xpack-dev-tools/arm-none-eabi-gcc/12.2.1-1.2.1/.content/bin/../lib/gcc/arm-none-eabi/12.2.1/../../../../arm-none-eabi/lib/thumb/v7e-m+fp/softfp\libg_nano.a(libc_a-nano-vfprintf.o)
 .comment       0x0000000000000039       0x3a c:/users/nadeen/appdata/roaming/xpacks/@xpack-dev-tools/arm-none-eabi-gcc/12.2.1-1.2.1/.content/bin/../lib/gcc/arm-none-eabi/12.2.1/../../../../arm-none-eabi/lib/thumb/v7e-m+fp/softfp\libg_nano.a(libc_a-nano-vfprintf_i.o)
 .comment       0x0000000000000039       0x3a c:/users/nadeen/appdata/roaming/xpacks/@xpack-dev-tools/arm-none-eabi-gcc/12.2.1-1.2.1/.content/bin/../lib/gcc/arm-none-eabi/12.2.1/../../../../arm-none-eabi/lib/thumb/v7e-m+fp/softfp\libg_nano.a(libc_a-fflush.o)
 .comment       0x0000000000000039       0x3a c:/users/nadeen/appdata/roaming/xpacks/@xpack-dev-tools/arm-none-eabi-gcc/12.2.1-1.2.1/.content/bin/../lib/gcc/arm-none-eabi/12.2.1/../../../../arm-none-eabi/lib/thumb/v7e-m+fp/softfp\libg_nano.a(libc_a-makebuf.o)
 .comment       0x0000000000000039       0x3a c:/users/nadeen/appdata/roaming/xpacks/@xpack-dev-tools/arm-none-eabi-gcc/12.2.1-1.2.1/.content/bin/../lib/gcc/arm-none-eabi/12.2.1/../../../../arm-none-eabi/lib/thumb/v7e-m+fp/softfp\libg_nano.a(libc_a-memmove.o)
 .comment       0x0000000000000039       0x3a c:/users/nadeen/appdata/roaming/xpacks/@xpack-dev-tools/arm-none-eabi-gcc/12.2.1-1.2.1/.content/bin/../lib/gcc/arm-none-eabi/12.2.1/../../../../arm-none-eabi/lib/thumb/v7e-m+fp/softfp\libg_nano.a(libc_a-fstatr.o)
 .comment       0x0000000000000039       0x3a c:/users/nadeen/appdata/roaming/xpacks/@xpack-dev-tools/arm-none-eabi-gcc/12.2.1-1.2.1/.content/bin/../lib/gcc/arm-none-eabi/12.2.1/../../../../arm-none-eabi/lib/thumb/v7e-m+fp/softfp\libg_nano.a(libc_a-isattyr.o)
 .comment       0x0000000000000039       0x3a c:/users/nadeen/appdata/roaming/xpacks/@xpack-dev-tools/arm-none-eabi-gcc/12.2.1-1.2.1/.content/bin/../lib/gcc/arm-none-eabi/12.2.1/../../../../arm-none-eabi/lib/thumb/v7e-m+fp/softfp\libg_nano.a(libc_a-sbrkr.o)
 .comment       0x0000000000000039       0x3a c:/users/nadeen/appdata/roaming/xpacks/@xpack-dev-tools/arm-none-eabi-gcc/12.2.1-1.2.1/.content/bin/../lib/gcc/arm-none-eabi/12.2.1/../../../../arm-none-eabi/lib/thumb/v7e-m+fp/softfp\libg_nano.a(libc_a-reallocr.o)
 .comment       0x0000000000000039       0x3a c:/users/nadeen/appdata/roaming/xpacks/@xpack-dev-tools/arm-none-eabi-gcc/12.2.1-1.2.1/.content/bin/../lib/gcc/arm-none-eabi/12.2.1/../../../../arm-none-eabi/lib/thumb/v7e-m+fp/softfp\libg_nano.a(libc_a-msizer.o)

.ARM.attributes
                0x0000000000000000       0x30
 .ARM.attributes
                0x0000000000000000       0x32 ./system/src/stm32f4-hal/stm32f4xx_hal.o
 .ARM.attributes
                0x0000000000000032       0x32 ./system/src/stm32f4-hal/stm32f4xx_hal_cortex.o
 .ARM.attributes
                0x0000000000000064       0x32 ./system/src/stm32f4-hal/stm32f4xx_hal_rcc.o
 .ARM.attributes
                0x0000000000000096       0x32 ./system/src/newlib/assert.o
 .ARM.attributes
                0x00000000000000c8       0x32 ./system/src/newlib/exit.o
 .ARM.attributes
                0x00000000000000fa       0x32 ./system/src/newlib/sbrk.o
 .ARM.attributes
                0x000000000000012c       0x32 ./system/src/newlib/startup.o
 .ARM.attributes
                0x000000000000015e       0x32 ./system/src/newlib/syscalls.o
 .ARM.attributes
                0x0000000000000190       0x32 ./system/src/diag/trace-impl.o
 .ARM.attributes
                0x00000000000001c2       0x32 ./system/src/diag/trace.o
 .ARM.attributes
                0x00000000000001f4       0x32 ./system/src/cortexm/exception-handlers.o
 .ARM.attributes
                0x0000000000000226       0x32 ./system/src/cortexm/initialize-hardware.o
 .ARM.attributes
                0x0000000000000258       0x32 ./system/src/cmsis/system_stm32f4xx.o
 .ARM.attributes
                0x000000000000028a       0x32 ./system/src/cmsis/vectors_stm32f407xx.o
 .ARM.attributes
                0x00000000000002bc       0x32 ./src/initialize-hardware.o
 .ARM.attributes
                0x00000000000002ee       0x32 ./src/main.o
 .ARM.attributes
                0x0000000000000320       0x32 ./src/stm32f4xx_hal_msp.o
 .ARM.attributes
                0x0000000000000352       0x32 ./FreeRTOS Source/portable/MemMang/heap_4.o
 .ARM.attributes
                0x0000000000000384       0x32 ./FreeRTOS Source/portable/GCC/ARM_CM4F/port.o
 .ARM.attributes
                0x00000000000003b6       0x32 ./FreeRTOS Source/list.o
 .ARM.attributes
                0x00000000000003e8       0x32 ./FreeRTOS Source/queue.o
 .ARM.attributes
                0x000000000000041a       0x32 ./FreeRTOS Source/tasks.o
 .ARM.attributes
                0x000000000000044c       0x32 ./FreeRTOS Source/timers.o
 .ARM.attributes
                0x000000000000047e       0x22 c:/users/nadeen/appdata/roaming/xpacks/@xpack-dev-tools/arm-none-eabi-gcc/12.2.1-1.2.1/.content/bin/../lib/gcc/arm-none-eabi/12.2.1/thumb/v7e-m+fp/softfp\libgcc.a(_arm_addsubdf3.o)
 .ARM.attributes
                0x00000000000004a0       0x22 c:/users/nadeen/appdata/roaming/xpacks/@xpack-dev-tools/arm-none-eabi-gcc/12.2.1-1.2.1/.content/bin/../lib/gcc/arm-none-eabi/12.2.1/thumb/v7e-m+fp/softfp\libgcc.a(_arm_muldivdf3.o)
 .ARM.attributes
                0x00000000000004c2       0x22 c:/users/nadeen/appdata/roaming/xpacks/@xpack-dev-tools/arm-none-eabi-gcc/12.2.1-1.2.1/.content/bin/../lib/gcc/arm-none-eabi/12.2.1/thumb/v7e-m+fp/softfp\libgcc.a(_arm_fixunsdfsi.o)
 .ARM.attributes
                0x00000000000004e4       0x22 c:/users/nadeen/appdata/roaming/xpacks/@xpack-dev-tools/arm-none-eabi-gcc/12.2.1-1.2.1/.content/bin/../lib/gcc/arm-none-eabi/12.2.1/thumb/v7e-m+fp/softfp\libgcc.a(_aeabi_uldivmod.o)
 .ARM.attributes
                0x0000000000000506       0x32 c:/users/nadeen/appdata/roaming/xpacks/@xpack-dev-tools/arm-none-eabi-gcc/12.2.1-1.2.1/.content/bin/../lib/gcc/arm-none-eabi/12.2.1/thumb/v7e-m+fp/softfp\libgcc.a(_udivmoddi4.o)
 .ARM.attributes
                0x0000000000000538       0x22 c:/users/nadeen/appdata/roaming/xpacks/@xpack-dev-tools/arm-none-eabi-gcc/12.2.1-1.2.1/.content/bin/../lib/gcc/arm-none-eabi/12.2.1/thumb/v7e-m+fp/softfp\libgcc.a(_dvmd_tls.o)
 .ARM.attributes
                0x000000000000055a       0x32 c:/users/nadeen/appdata/roaming/xpacks/@xpack-dev-tools/arm-none-eabi-gcc/12.2.1-1.2.1/.content/bin/../lib/gcc/arm-none-eabi/12.2.1/../../../../arm-none-eabi/lib/thumb/v7e-m+fp/softfp\libg_nano.a(libc_a-exit.o)
 .ARM.attributes
                0x000000000000058c       0x32 c:/users/nadeen/appdata/roaming/xpacks/@xpack-dev-tools/arm-none-eabi-gcc/12.2.1-1.2.1/.content/bin/../lib/gcc/arm-none-eabi/12.2.1/../../../../arm-none-eabi/lib/thumb/v7e-m+fp/softfp\libg_nano.a(libc_a-rand.o)
 .ARM.attributes
                0x00000000000005be       0x32 c:/users/nadeen/appdata/roaming/xpacks/@xpack-dev-tools/arm-none-eabi-gcc/12.2.1-1.2.1/.content/bin/../lib/gcc/arm-none-eabi/12.2.1/../../../../arm-none-eabi/lib/thumb/v7e-m+fp/softfp\libg_nano.a(libc_a-ctype_.o)
 .ARM.attributes
                0x00000000000005f0       0x32 c:/users/nadeen/appdata/roaming/xpacks/@xpack-dev-tools/arm-none-eabi-gcc/12.2.1-1.2.1/.content/bin/../lib/gcc/arm-none-eabi/12.2.1/../../../../arm-none-eabi/lib/thumb/v7e-m+fp/softfp\libg_nano.a(libc_a-findfp.o)
 .ARM.attributes
                0x0000000000000622       0x32 c:/users/nadeen/appdata/roaming/xpacks/@xpack-dev-tools/arm-none-eabi-gcc/12.2.1-1.2.1/.content/bin/../lib/gcc/arm-none-eabi/12.2.1/../../../../arm-none-eabi/lib/thumb/v7e-m+fp/softfp\libg_nano.a(libc_a-fwalk.o)
 .ARM.attributes