15:23:08 **** Incremental Build of configuration Debug for project Demo ****
make all 
Invoking: GNU Arm Cross Print Size
arm-none-eabi-size --format=berkeley "Demo.elf"
   text	   data	    bss	    dec	    hex	filename
  26108	    156	  78432	 104696	  198f8	Demo.elf
Finished building: Demo.siz
 
15:23:12 **** Incremental Build of configuration Debug for project Demo ****
make all 
Invoking: GNU Arm Cross Print Size
arm-none-eabi-size --format=berkeley "Demo.elf"
   text	   data	    bss	    dec	    hex	filename
  26108	    156	  78432	 104696	  198f8	Demo.elf
Finished building: Demo.siz
 
15:25:20 **** Incremental Build of configuration Debug for project Demo ****
make all 
Building file: ../src/main.c
Invoking: GNU Arm Cross C Compiler
arm-none-eabi-gcc -mcpu=cortex-m4 -mthumb -mfloat-abi=softfp -mfpu=fpv4-sp-d16 -Og -fmessage-length=0 -fsigned-char -ffunction-sections -fdata-sections -fno-move-loop-invariants -Wall -Wextra -g3 -DDEBUG -DUSE_FULL_ASSERT -DOS_USE_SEMIHOSTING -DTRACE -DOS_USE_TRACE_SEMIHOSTING_DEBUG -DSTM32F407xx -DUSE_HAL_DRIVER -DHSE_VALUE=8000000 -I"../include" -I"C:\Users\Nadeen\OneDrive\Desktop\RTOS_2025\Demo\Demo\FreeRTOS Source\include" -I"C:\Users\Nadeen\OneDrive\Desktop\RTOS_2025\Demo\Demo\FreeRTOS Source\portable\GCC\ARM_CM4F" -I"../system/include" -I"../system/include/cmsis" -I"../system/include/stm32f4-hal" -std=gnu11 -MMD -MP -MF"src/main.d" -MT"src/main.o" -c -o "src/main.o" "../src/main.c"
../src/main.c: In function 'senderTask1':
../src/main.c:278:25: warning: unused parameter 'parameters' [-Wunused-parameter]
  278 | void senderTask1 (void* parameters)
      |                   ~~~~~~^~~~~~~~~~
../src/main.c: In function 'senderTask2':
../src/main.c:325:25: warning: unused parameter 'parameters' [-Wunused-parameter]
  325 | void senderTask2 (void* parameters)
      |                   ~~~~~~^~~~~~~~~~
../src/main.c: In function 'senderTask3':
../src/main.c:372:25: warning: unused parameter 'parameters' [-Wunused-parameter]
  372 | void senderTask3 (void* parameters)
      |                   ~~~~~~^~~~~~~~~~
../src/main.c: In function 'receiverTask':
../src/main.c:415:26: warning: unused parameter 'parameters' [-Wunused-parameter]
  415 | void receiverTask (void* parameters)
      |                    ~~~~~~^~~~~~~~~~
../src/main.c: In function 'prvReceiverTimerCallback':
../src/main.c:455:53: warning: unused parameter 'xTimer' [-Wunused-parameter]
  455 | static void prvReceiverTimerCallback( TimerHandle_t xTimer )
      |                                       ~~~~~~~~~~~~~~^~~~~~
../src/main.c: In function 'endOfIteration':
../src/main.c:481:51: warning: format '%d' expects argument of type 'int', but argument 2 has type 'uint32_t' {aka 'long unsigned int'} [-Wformat=]
  481 |         printf("\n\nThe statistics of Run number %d is\nThe total number of transmitted messages is: %lu \nThe total number of blocked messages is: %lu\nThe total number of sent messages is: %lu\n\n",
      |                                                  ~^
      |                                                   |
      |                                                   int
      |                                                  %ld
  482 |                         totalTranmittedMsgs, totalBlockedMsgs, totalSentMsgs);
      |                         ~~~~~~~~~~~~~~~~~~~        
      |                         |
      |                         uint32_t {aka long unsigned int}
../src/main.c:481:194: warning: format '%lu' expects a matching 'long unsigned int' argument [-Wformat=]
  481 |         printf("\n\nThe statistics of Run number %d is\nThe total number of transmitted messages is: %lu \nThe total number of blocked messages is: %lu\nThe total number of sent messages is: %lu\n\n",
      |                                                                                                                                                                                                ~~^
      |                                                                                                                                                                                                  |
      |                                                                                                                                                                                                  long unsigned int
../src/main.c:490:16: warning: too many arguments for format [-Wformat-extra-args]
  490 |         printf("The statistics of Sender (3) (High priority task) is: \nThe number of transmitted messages is %lu \nThe number of blocked messages is %lu \n\n\n",
      |                ^~~~~~~~~~~~~~~~~~~~~~~~~~~~~~~~~~~~~~~~~~~~~~~~~~~~~~~~~~~~~~~~~~~~~~~~~~~~~~~~~~~~~~~~~~~~~~~~~~~~~~~~~~~~~~~~~~~~~~~~~~~~~~~~~~~~~~~~~~~~~~~~~~
../src/main.c:495:71: warning: format '%lu' expects argument of type 'long unsigned int', but argument 3 has type 'double' [-Wformat=]
  495 |         printf("The avg of Tsender of senderTask (1) of run# %d is: %lu\n", gCurrentRunNumber+1 ,  ( (double) gTsenderSumArr1[gCurrentRunNumber]/totalSentMsgs1));
      |                                                                     ~~^                            ~~~~~~~~~~~~~~~~~~~~~~~~~~~~~~~~~~~~~~~~~~~~~~~~~~~~~~~~~~~~~
      |                                                                       |                                                                         |
      |                                                                       long unsigned int                                                         double
      |                                                                     %f
../src/main.c:496:71: warning: format '%lu' expects argument of type 'long unsigned int', but argument 3 has type 'double' [-Wformat=]
  496 |         printf("The avg of Tsender of senderTask (2) of run# %d is: %lu\n", gCurrentRunNumber+1 ,  ( (double) gTsenderSumArr2[gCurrentRunNumber]/totalSentMsgs2));
      |                                                                     ~~^                            ~~~~~~~~~~~~~~~~~~~~~~~~~~~~~~~~~~~~~~~~~~~~~~~~~~~~~~~~~~~~~
      |                                                                       |                                                                         |
      |                                                                       long unsigned int                                                         double
      |                                                                     %f
../src/main.c:497:71: warning: format '%lu' expects argument of type 'long unsigned int', but argument 3 has type 'double' [-Wformat=]
  497 |         printf("The avg of Tsender of senderTask (3) of run# %d is: %lu\n", gCurrentRunNumber+1 ,  ( (double) gTsenderSumArr3[gCurrentRunNumber]/totalSentMsgs3));
      |                                                                     ~~^                            ~~~~~~~~~~~~~~~~~~~~~~~~~~~~~~~~~~~~~~~~~~~~~~~~~~~~~~~~~~~~~
      |                                                                       |                                                                         |
      |                                                                       long unsigned int                                                         double
      |                                                                     %f
../src/main.c:498:62: warning: format '%lu' expects argument of type 'long unsigned int', but argument 3 has type 'double' [-Wformat=]
  498 |         printf("The avg of total Tsender of of run# %d is: %lu\n", gCurrentRunNumber+1 ,  ( (double) totalAvgTsender/totalSentMsgs ) );
      |                                                            ~~^                            ~~~~~~~~~~~~~~~~~~~~~~~~~~~~~~~~~~~~~~~~~~
      |                                                              |                                                      |
      |                                                              long unsigned int                                      double
      |                                                            %f
Finished building: ../src/main.c
 
Building target: Demo.elf
Invoking: GNU Arm Cross C++ Linker
arm-none-eabi-g++ -mcpu=cortex-m4 -mthumb -mfloat-abi=softfp -mfpu=fpv4-sp-d16 -Og -fmessage-length=0 -fsigned-char -ffunction-sections -fdata-sections -fno-move-loop-invariants -Wall -Wextra -g3 -T mem.ld -T libs.ld -T sections.ld -nostartfiles -Xlinker --gc-sections -L"../ldscripts" -Wl,-Map,"Demo.map" --specs=nano.specs -o "Demo.elf" ./system/src/stm32f4-hal/stm32f4xx_hal.o ./system/src/stm32f4-hal/stm32f4xx_hal_cortex.o ./system/src/stm32f4-hal/stm32f4xx_hal_flash.o ./system/src/stm32f4-hal/stm32f4xx_hal_flash_ex.o ./system/src/stm32f4-hal/stm32f4xx_hal_flash_ramfunc.o ./system/src/stm32f4-hal/stm32f4xx_hal_gpio.o ./system/src/stm32f4-hal/stm32f4xx_hal_iwdg.o ./system/src/stm32f4-hal/stm32f4xx_hal_pwr.o ./system/src/stm32f4-hal/stm32f4xx_hal_rcc.o  ./system/src/newlib/assert.o ./system/src/newlib/cxx.o ./system/src/newlib/exit.o ./system/src/newlib/sbrk.o ./system/src/newlib/startup.o ./system/src/newlib/syscalls.o  ./system/src/diag/trace-impl.o ./system/src/diag/trace.o  ./system/src/cortexm/exception-handlers.o ./system/src/cortexm/initialize-hardware.o ./system/src/cortexm/reset-hardware.o  ./system/src/cmsis/system_stm32f4xx.o ./system/src/cmsis/vectors_stm32f407xx.o  ./src/initialize-hardware.o ./src/led.o ./src/main.o ./src/stm32f4xx_hal_msp.o ./src/write.o  ./FreeRTOS\ Source/portable/MemMang/heap_4.o  ./FreeRTOS\ Source/portable/GCC/ARM_CM4F/port.o  ./FreeRTOS\ Source/croutine.o ./FreeRTOS\ Source/event_groups.o ./FreeRTOS\ Source/list.o ./FreeRTOS\ Source/queue.o ./FreeRTOS\ Source/tasks.o ./FreeRTOS\ Source/timers.o   
c:/users/nadeen/appdata/roaming/xpacks/@xpack-dev-tools/arm-none-eabi-gcc/12.2.1-1.2.1/.content/bin/../lib/gcc/arm-none-eabi/12.2.1/../../../../arm-none-eabi/bin/ld.exe: warning: Demo.elf has a LOAD segment with RWX permissions
Finished building target: Demo.elf
 
Invoking: GNU Arm Cross Create Flash Image
arm-none-eabi-objcopy -O ihex "Demo.elf"  "Demo.hex"
Finished building: Demo.hex
 
Invoking: GNU Arm Cross Print Size
arm-none-eabi-size --format=berkeley "Demo.elf"
   text	   data	    bss	    dec	    hex	filename
  26108	    156	  78432	 104696	  198f8	Demo.elf
Finished building: Demo.siz
 
15:25:49 **** Incremental Build of configuration Debug for project Demo ****
make all 
Invoking: GNU Arm Cross Print Size
arm-none-eabi-size --format=berkeley "Demo.elf"
   text	   data	    bss	    dec	    hex	filename
  26108	    156	  78432	 104696	  198f8	Demo.elf
Finished building: Demo.siz
 
15:33:19 **** Incremental Build of configuration Debug for project Demo ****
make all 
Building file: ../src/main.c
Invoking: GNU Arm Cross C Compiler
arm-none-eabi-gcc -mcpu=cortex-m4 -mthumb -mfloat-abi=softfp -mfpu=fpv4-sp-d16 -Og -fmessage-length=0 -fsigned-char -ffunction-sections -fdata-sections -fno-move-loop-invariants -Wall -Wextra -g3 -DDEBUG -DUSE_FULL_ASSERT -DOS_USE_SEMIHOSTING -DTRACE -DOS_USE_TRACE_SEMIHOSTING_DEBUG -DSTM32F407xx -DUSE_HAL_DRIVER -DHSE_VALUE=8000000 -I"../include" -I"C:\Users\Nadeen\OneDrive\Desktop\RTOS_2025\Demo\Demo\FreeRTOS Source\include" -I"C:\Users\Nadeen\OneDrive\Desktop\RTOS_2025\Demo\Demo\FreeRTOS Source\portable\GCC\ARM_CM4F" -I"../system/include" -I"../system/include/cmsis" -I"../system/include/stm32f4-hal" -std=gnu11 -MMD -MP -MF"src/main.d" -MT"src/main.o" -c -o "src/main.o" "../src/main.c"
../src/main.c: In function 'senderTask1':
../src/main.c:278:25: warning: unused parameter 'parameters' [-Wunused-parameter]
  278 | void senderTask1 (void* parameters)
      |                   ~~~~~~^~~~~~~~~~
../src/main.c: In function 'senderTask2':
../src/main.c:325:25: warning: unused parameter 'parameters' [-Wunused-parameter]
  325 | void senderTask2 (void* parameters)
      |                   ~~~~~~^~~~~~~~~~
../src/main.c: In function 'senderTask3':
../src/main.c:372:25: warning: unused parameter 'parameters' [-Wunused-parameter]
  372 | void senderTask3 (void* parameters)
      |                   ~~~~~~^~~~~~~~~~
../src/main.c: In function 'receiverTask':
../src/main.c:415:26: warning: unused parameter 'parameters' [-Wunused-parameter]
  415 | void receiverTask (void* parameters)
      |                    ~~~~~~^~~~~~~~~~
../src/main.c: In function 'prvReceiverTimerCallback':
../src/main.c:455:53: warning: unused parameter 'xTimer' [-Wunused-parameter]
  455 | static void prvReceiverTimerCallback( TimerHandle_t xTimer )
      |                                       ~~~~~~~~~~~~~~^~~~~~
../src/main.c: In function 'endOfIteration':
../src/main.c:490:16: warning: too many arguments for format [-Wformat-extra-args]
  490 |         printf("The statistics of Sender (3) (High priority task) is: \nThe number of transmitted messages is %lu \nThe number of blocked messages is %lu \n\n\n",
      |                ^~~~~~~~~~~~~~~~~~~~~~~~~~~~~~~~~~~~~~~~~~~~~~~~~~~~~~~~~~~~~~~~~~~~~~~~~~~~~~~~~~~~~~~~~~~~~~~~~~~~~~~~~~~~~~~~~~~~~~~~~~~~~~~~~~~~~~~~~~~~~~~~~~
../src/main.c:495:71: warning: format '%lu' expects argument of type 'long unsigned int', but argument 3 has type 'double' [-Wformat=]
  495 |         printf("The avg of Tsender of senderTask (1) of run# %d is: %lu\n", gCurrentRunNumber+1 ,  ( (double) gTsenderSumArr1[gCurrentRunNumber]/totalSentMsgs1));
      |                                                                     ~~^                            ~~~~~~~~~~~~~~~~~~~~~~~~~~~~~~~~~~~~~~~~~~~~~~~~~~~~~~~~~~~~~
      |                                                                       |                                                                         |
      |                                                                       long unsigned int                                                         double
      |                                                                     %f
../src/main.c:496:71: warning: format '%lu' expects argument of type 'long unsigned int', but argument 3 has type 'double' [-Wformat=]
  496 |         printf("The avg of Tsender of senderTask (2) of run# %d is: %lu\n", gCurrentRunNumber+1 ,  ( (double) gTsenderSumArr2[gCurrentRunNumber]/totalSentMsgs2));
      |                                                                     ~~^                            ~~~~~~~~~~~~~~~~~~~~~~~~~~~~~~~~~~~~~~~~~~~~~~~~~~~~~~~~~~~~~
      |                                                                       |                                                                         |
      |                                                                       long unsigned int                                                         double
      |                                                                     %f
../src/main.c:497:71: warning: format '%lu' expects argument of type 'long unsigned int', but argument 3 has type 'double' [-Wformat=]
  497 |         printf("The avg of Tsender of senderTask (3) of run# %d is: %lu\n", gCurrentRunNumber+1 ,  ( (double) gTsenderSumArr3[gCurrentRunNumber]/totalSentMsgs3));
      |                                                                     ~~^                            ~~~~~~~~~~~~~~~~~~~~~~~~~~~~~~~~~~~~~~~~~~~~~~~~~~~~~~~~~~~~~
      |                                                                       |                                                                         |
      |                                                                       long unsigned int                                                         double
      |                                                                     %f
../src/main.c:498:62: warning: format '%lu' expects argument of type 'long unsigned int', but argument 3 has type 'double' [-Wformat=]
  498 |         printf("The avg of total Tsender of of run# %d is: %lu\n", gCurrentRunNumber+1 ,  ( (double) totalAvgTsender/totalSentMsgs ) );
      |                                                            ~~^                            ~~~~~~~~~~~~~~~~~~~~~~~~~~~~~~~~~~~~~~~~~~
      |                                                              |                                                      |
      |                                                              long unsigned int                                      double
      |                                                            %f
Finished building: ../src/main.c
 
Building target: Demo.elf
Invoking: GNU Arm Cross C++ Linker
arm-none-eabi-g++ -mcpu=cortex-m4 -mthumb -mfloat-abi=softfp -mfpu=fpv4-sp-d16 -Og -fmessage-length=0 -fsigned-char -ffunction-sections -fdata-sections -fno-move-loop-invariants -Wall -Wextra -g3 -T mem.ld -T libs.ld -T sections.ld -nostartfiles -Xlinker --gc-sections -L"../ldscripts" -Wl,-Map,"Demo.map" --specs=nano.specs -o "Demo.elf" ./system/src/stm32f4-hal/stm32f4xx_hal.o ./system/src/stm32f4-hal/stm32f4xx_hal_cortex.o ./system/src/stm32f4-hal/stm32f4xx_hal_flash.o ./system/src/stm32f4-hal/stm32f4xx_hal_flash_ex.o ./system/src/stm32f4-hal/stm32f4xx_hal_flash_ramfunc.o ./system/src/stm32f4-hal/stm32f4xx_hal_gpio.o ./system/src/stm32f4-hal/stm32f4xx_hal_iwdg.o ./system/src/stm32f4-hal/stm32f4xx_hal_pwr.o ./system/src/stm32f4-hal/stm32f4xx_hal_rcc.o  ./system/src/newlib/assert.o ./system/src/newlib/cxx.o ./system/src/newlib/exit.o ./system/src/newlib/sbrk.o ./system/src/newlib/startup.o ./system/src/newlib/syscalls.o  ./system/src/diag/trace-impl.o ./system/src/diag/trace.o  ./system/src/cortexm/exception-handlers.o ./system/src/cortexm/initialize-hardware.o ./system/src/cortexm/reset-hardware.o  ./system/src/cmsis/system_stm32f4xx.o ./system/src/cmsis/vectors_stm32f407xx.o  ./src/initialize-hardware.o ./src/led.o ./src/main.o ./src/stm32f4xx_hal_msp.o ./src/write.o  ./FreeRTOS\ Source/portable/MemMang/heap_4.o  ./FreeRTOS\ Source/portable/GCC/ARM_CM4F/port.o  ./FreeRTOS\ Source/croutine.o ./FreeRTOS\ Source/event_groups.o ./FreeRTOS\ Source/list.o ./FreeRTOS\ Source/queue.o ./FreeRTOS\ Source/tasks.o ./FreeRTOS\ Source/timers.o   
c:/users/nadeen/appdata/roaming/xpacks/@xpack-dev-tools/arm-none-eabi-gcc/12.2.1-1.2.1/.content/bin/../lib/gcc/arm-none-eabi/12.2.1/../../../../arm-none-eabi/bin/ld.exe: warning: Demo.elf has a LOAD segment with RWX permissions
Finished building target: Demo.elf
 
Invoking: GNU Arm Cross Create Flash Image
arm-none-eabi-objcopy -O ihex "Demo.elf"  "Demo.hex"
Finished building: Demo.hex
 
Invoking: GNU Arm Cross Print Size
arm-none-eabi-size --format=berkeley "Demo.elf"
   text	   data	    bss	    dec	    hex	filename
  26108	    156	  78432	 104696	  198f8	Demo.elf
Finished building: Demo.siz
 
15:33:34 **** Incremental Build of configuration Debug for project Demo ****
make all 
Invoking: GNU Arm Cross Print Size
arm-none-eabi-size --format=berkeley "Demo.elf"
   text	   data	    bss	    dec	    hex	filename
  26108	    156	  78432	 104696	  198f8	Demo.elf
Finished building: Demo.siz
 
15:36:33 **** Incremental Build of configuration Debug for project Demo ****
make all 
Building file: ../src/main.c
Invoking: GNU Arm Cross C Compiler
arm-none-eabi-gcc -mcpu=cortex-m4 -mthumb -mfloat-abi=softfp -mfpu=fpv4-sp-d16 -Og -fmessage-length=0 -fsigned-char -ffunction-sections -fdata-sections -fno-move-loop-invariants -Wall -Wextra -g3 -DDEBUG -DUSE_FULL_ASSERT -DOS_USE_SEMIHOSTING -DTRACE -DOS_USE_TRACE_SEMIHOSTING_DEBUG -DSTM32F407xx -DUSE_HAL_DRIVER -DHSE_VALUE=8000000 -I"../include" -I"C:\Users\Nadeen\OneDrive\Desktop\RTOS_2025\Demo\Demo\FreeRTOS Source\include" -I"C:\Users\Nadeen\OneDrive\Desktop\RTOS_2025\Demo\Demo\FreeRTOS Source\portable\GCC\ARM_CM4F" -I"../system/include" -I"../system/include/cmsis" -I"../system/include/stm32f4-hal" -std=gnu11 -MMD -MP -MF"src/main.d" -MT"src/main.o" -c -o "src/main.o" "../src/main.c"
../src/main.c: In function 'senderTask1':
../src/main.c:278:25: warning: unused parameter 'parameters' [-Wunused-parameter]
  278 | void senderTask1 (void* parameters)
      |                   ~~~~~~^~~~~~~~~~
../src/main.c: In function 'senderTask2':
../src/main.c:325:25: warning: unused parameter 'parameters' [-Wunused-parameter]
  325 | void senderTask2 (void* parameters)
      |                   ~~~~~~^~~~~~~~~~
../src/main.c: In function 'senderTask3':
../src/main.c:372:25: warning: unused parameter 'parameters' [-Wunused-parameter]
  372 | void senderTask3 (void* parameters)
      |                   ~~~~~~^~~~~~~~~~
../src/main.c: In function 'receiverTask':
../src/main.c:415:26: warning: unused parameter 'parameters' [-Wunused-parameter]
  415 | void receiverTask (void* parameters)
      |                    ~~~~~~^~~~~~~~~~
../src/main.c: In function 'prvReceiverTimerCallback':
../src/main.c:455:53: warning: unused parameter 'xTimer' [-Wunused-parameter]
  455 | static void prvReceiverTimerCallback( TimerHandle_t xTimer )
      |                                       ~~~~~~~~~~~~~~^~~~~~
../src/main.c: In function 'endOfIteration':
../src/main.c:495:71: warning: format '%lu' expects argument of type 'long unsigned int', but argument 3 has type 'double' [-Wformat=]
  495 |         printf("The avg of Tsender of senderTask (1) of run# %d is: %lu\n", gCurrentRunNumber+1 ,  ( (double) gTsenderSumArr1[gCurrentRunNumber]/ (double) totalSentMsgs1));
      |                                                                     ~~^                            ~~~~~~~~~~~~~~~~~~~~~~~~~~~~~~~~~~~~~~~~~~~~~~~~~~~~~~~~~~~~~~~~~~~~~~~
      |                                                                       |                                                                         |
      |                                                                       long unsigned int                                                         double
      |                                                                     %f
../src/main.c:496:71: warning: format '%lu' expects argument of type 'long unsigned int', but argument 3 has type 'double' [-Wformat=]
  496 |         printf("The avg of Tsender of senderTask (2) of run# %d is: %lu\n", gCurrentRunNumber+1 ,  ( (double) gTsenderSumArr2[gCurrentRunNumber]/ (double) totalSentMsgs2));
      |                                                                     ~~^                            ~~~~~~~~~~~~~~~~~~~~~~~~~~~~~~~~~~~~~~~~~~~~~~~~~~~~~~~~~~~~~~~~~~~~~~~
      |                                                                       |                                                                         |
      |                                                                       long unsigned int                                                         double
      |                                                                     %f
../src/main.c:497:71: warning: format '%lu' expects argument of type 'long unsigned int', but argument 3 has type 'double' [-Wformat=]
  497 |         printf("The avg of Tsender of senderTask (3) of run# %d is: %lu\n", gCurrentRunNumber+1 ,  ( (double) gTsenderSumArr3[gCurrentRunNumber]/ (double) totalSentMsgs3));
      |                                                                     ~~^                            ~~~~~~~~~~~~~~~~~~~~~~~~~~~~~~~~~~~~~~~~~~~~~~~~~~~~~~~~~~~~~~~~~~~~~~~
      |                                                                       |                                                                         |
      |                                                                       long unsigned int                                                         double
      |                                                                     %f
../src/main.c:498:62: warning: format '%lu' expects argument of type 'long unsigned int', but argument 3 has type 'double' [-Wformat=]
  498 |         printf("The avg of total Tsender of of run# %d is: %lu\n", gCurrentRunNumber+1 ,  ( (double) totalAvgTsender/ (double) totalSentMsgs ) );
      |                                                            ~~^                            ~~~~~~~~~~~~~~~~~~~~~~~~~~~~~~~~~~~~~~~~~~~~~~~~~~~~
      |                                                              |                                                      |
      |                                                              long unsigned int                                      double
      |                                                            %f
Finished building: ../src/main.c
 
Building target: Demo.elf
Invoking: GNU Arm Cross C++ Linker
arm-none-eabi-g++ -mcpu=cortex-m4 -mthumb -mfloat-abi=softfp -mfpu=fpv4-sp-d16 -Og -fmessage-length=0 -fsigned-char -ffunction-sections -fdata-sections -fno-move-loop-invariants -Wall -Wextra -g3 -T mem.ld -T libs.ld -T sections.ld -nostartfiles -Xlinker --gc-sections -L"../ldscripts" -Wl,-Map,"Demo.map" --specs=nano.specs -o "Demo.elf" ./system/src/stm32f4-hal/stm32f4xx_hal.o ./system/src/stm32f4-hal/stm32f4xx_hal_cortex.o ./system/src/stm32f4-hal/stm32f4xx_hal_flash.o ./system/src/stm32f4-hal/stm32f4xx_hal_flash_ex.o ./system/src/stm32f4-hal/stm32f4xx_hal_flash_ramfunc.o ./system/src/stm32f4-hal/stm32f4xx_hal_gpio.o ./system/src/stm32f4-hal/stm32f4xx_hal_iwdg.o ./system/src/stm32f4-hal/stm32f4xx_hal_pwr.o ./system/src/stm32f4-hal/stm32f4xx_hal_rcc.o  ./system/src/newlib/assert.o ./system/src/newlib/cxx.o ./system/src/newlib/exit.o ./system/src/newlib/sbrk.o ./system/src/newlib/startup.o ./system/src/newlib/syscalls.o  ./system/src/diag/trace-impl.o ./system/src/diag/trace.o  ./system/src/cortexm/exception-handlers.o ./system/src/cortexm/initialize-hardware.o ./system/src/cortexm/reset-hardware.o  ./system/src/cmsis/system_stm32f4xx.o ./system/src/cmsis/vectors_stm32f407xx.o  ./src/initialize-hardware.o ./src/led.o ./src/main.o ./src/stm32f4xx_hal_msp.o ./src/write.o  ./FreeRTOS\ Source/portable/MemMang/heap_4.o  ./FreeRTOS\ Source/portable/GCC/ARM_CM4F/port.o  ./FreeRTOS\ Source/croutine.o ./FreeRTOS\ Source/event_groups.o ./FreeRTOS\ Source/list.o ./FreeRTOS\ Source/queue.o ./FreeRTOS\ Source/tasks.o ./FreeRTOS\ Source/timers.o   
c:/users/nadeen/appdata/roaming/xpacks/@xpack-dev-tools/arm-none-eabi-gcc/12.2.1-1.2.1/.content/bin/../lib/gcc/arm-none-eabi/12.2.1/../../../../arm-none-eabi/bin/ld.exe: warning: Demo.elf has a LOAD segment with RWX permissions
Finished building target: Demo.elf
 
Invoking: GNU Arm Cross Create Flash Image
arm-none-eabi-objcopy -O ihex "Demo.elf"  "Demo.hex"
Finished building: Demo.hex
 
Invoking: GNU Arm Cross Print Size
arm-none-eabi-size --format=berkeley "Demo.elf"
   text	   data	    bss	    dec	    hex	filename
  26144	    156	  78432	 104732	  1991c	Demo.elf
Finished building: Demo.siz
 
15:36:43 **** Incremental Build of configuration Debug for project Demo ****
make all 
Invoking: GNU Arm Cross Print Size
arm-none-eabi-size --format=berkeley "Demo.elf"
   text	   data	    bss	    dec	    hex	filename
  26144	    156	  78432	 104732	  1991c	Demo.elf
Finished building: Demo.siz
 
15:42:40 **** Incremental Build of configuration Debug for project Demo ****
make all 
Building file: ../src/main.c
Invoking: GNU Arm Cross C Compiler
arm-none-eabi-gcc -mcpu=cortex-m4 -mthumb -mfloat-abi=softfp -mfpu=fpv4-sp-d16 -Og -fmessage-length=0 -fsigned-char -ffunction-sections -fdata-sections -fno-move-loop-invariants -Wall -Wextra -g3 -DDEBUG -DUSE_FULL_ASSERT -DOS_USE_SEMIHOSTING -DTRACE -DOS_USE_TRACE_SEMIHOSTING_DEBUG -DSTM32F407xx -DUSE_HAL_DRIVER -DHSE_VALUE=8000000 -I"../include" -I"C:\Users\Nadeen\OneDrive\Desktop\RTOS_2025\Demo\Demo\FreeRTOS Source\include" -I"C:\Users\Nadeen\OneDrive\Desktop\RTOS_2025\Demo\Demo\FreeRTOS Source\portable\GCC\ARM_CM4F" -I"../system/include" -I"../system/include/cmsis" -I"../system/include/stm32f4-hal" -std=gnu11 -MMD -MP -MF"src/main.d" -MT"src/main.o" -c -o "src/main.o" "../src/main.c"
../src/main.c: In function 'senderTask1':
../src/main.c:278:25: warning: unused parameter 'parameters' [-Wunused-parameter]
  278 | void senderTask1 (void* parameters)
      |                   ~~~~~~^~~~~~~~~~
../src/main.c: In function 'senderTask2':
../src/main.c:325:25: warning: unused parameter 'parameters' [-Wunused-parameter]
  325 | void senderTask2 (void* parameters)
      |                   ~~~~~~^~~~~~~~~~
../src/main.c: In function 'senderTask3':
../src/main.c:372:25: warning: unused parameter 'parameters' [-Wunused-parameter]
  372 | void senderTask3 (void* parameters)
      |                   ~~~~~~^~~~~~~~~~
../src/main.c: In function 'receiverTask':
../src/main.c:415:26: warning: unused parameter 'parameters' [-Wunused-parameter]
  415 | void receiverTask (void* parameters)
      |                    ~~~~~~^~~~~~~~~~
../src/main.c: In function 'prvReceiverTimerCallback':
../src/main.c:455:53: warning: unused parameter 'xTimer' [-Wunused-parameter]
  455 | static void prvReceiverTimerCallback( TimerHandle_t xTimer )
      |                                       ~~~~~~~~~~~~~~^~~~~~
../src/main.c: In function 'endOfIteration':
../src/main.c:495:71: warning: format '%lu' expects argument of type 'long unsigned int', but argument 3 has type 'double' [-Wformat=]
  495 |         printf("The avg of Tsender of senderTask (1) of run# %d is: %lu\n", gCurrentRunNumber+1 ,  ( (double) gTsenderSumArr1[gCurrentRunNumber]/  totalSentMsgs1));
      |                                                                     ~~^                            ~~~~~~~~~~~~~~~~~~~~~~~~~~~~~~~~~~~~~~~~~~~~~~~~~~~~~~~~~~~~~~~
      |                                                                       |                                                                         |
      |                                                                       long unsigned int                                                         double
      |                                                                     %f
../src/main.c:496:71: warning: format '%lu' expects argument of type 'long unsigned int', but argument 3 has type 'double' [-Wformat=]
  496 |         printf("The avg of Tsender of senderTask (2) of run# %d is: %lu\n", gCurrentRunNumber+1 ,  ( (double) gTsenderSumArr2[gCurrentRunNumber]/  totalSentMsgs2));
      |                                                                     ~~^                            ~~~~~~~~~~~~~~~~~~~~~~~~~~~~~~~~~~~~~~~~~~~~~~~~~~~~~~~~~~~~~~~
      |                                                                       |                                                                         |
      |                                                                       long unsigned int                                                         double
      |                                                                     %f
../src/main.c:497:71: warning: format '%lu' expects argument of type 'long unsigned int', but argument 3 has type 'double' [-Wformat=]
  497 |         printf("The avg of Tsender of senderTask (3) of run# %d is: %lu\n", gCurrentRunNumber+1 ,  ( (double) gTsenderSumArr3[gCurrentRunNumber]/  totalSentMsgs3));
      |                                                                     ~~^                            ~~~~~~~~~~~~~~~~~~~~~~~~~~~~~~~~~~~~~~~~~~~~~~~~~~~~~~~~~~~~~~~
      |                                                                       |                                                                         |
      |                                                                       long unsigned int                                                         double
      |                                                                     %f
../src/main.c:498:62: warning: format '%lu' expects argument of type 'long unsigned int', but argument 3 has type 'double' [-Wformat=]
  498 |         printf("The avg of total Tsender of of run# %d is: %lu\n", gCurrentRunNumber+1 ,  ( (double) totalAvgTsender/ totalSentMsgs ) );
      |                                                            ~~^                            ~~~~~~~~~~~~~~~~~~~~~~~~~~~~~~~~~~~~~~~~~~~
      |                                                              |                                                      |
      |                                                              long unsigned int                                      double
      |                                                            %f
Finished building: ../src/main.c
 
Building target: Demo.elf
Invoking: GNU Arm Cross C++ Linker
arm-none-eabi-g++ -mcpu=cortex-m4 -mthumb -mfloat-abi=softfp -mfpu=fpv4-sp-d16 -Og -fmessage-length=0 -fsigned-char -ffunction-sections -fdata-sections -fno-move-loop-invariants -Wall -Wextra -g3 -T mem.ld -T libs.ld -T sections.ld -nostartfiles -Xlinker --gc-sections -L"../ldscripts" -Wl,-Map,"Demo.map" --specs=nano.specs -o "Demo.elf" ./system/src/stm32f4-hal/stm32f4xx_hal.o ./system/src/stm32f4-hal/stm32f4xx_hal_cortex.o ./system/src/stm32f4-hal/stm32f4xx_hal_flash.o ./system/src/stm32f4-hal/stm32f4xx_hal_flash_ex.o ./system/src/stm32f4-hal/stm32f4xx_hal_flash_ramfunc.o ./system/src/stm32f4-hal/stm32f4xx_hal_gpio.o ./system/src/stm32f4-hal/stm32f4xx_hal_iwdg.o ./system/src/stm32f4-hal/stm32f4xx_hal_pwr.o ./system/src/stm32f4-hal/stm32f4xx_hal_rcc.o  ./system/src/newlib/assert.o ./system/src/newlib/cxx.o ./system/src/newlib/exit.o ./system/src/newlib/sbrk.o ./system/src/newlib/startup.o ./system/src/newlib/syscalls.o  ./system/src/diag/trace-impl.o ./system/src/diag/trace.o  ./system/src/cortexm/exception-handlers.o ./system/src/cortexm/initialize-hardware.o ./system/src/cortexm/reset-hardware.o  ./system/src/cmsis/system_stm32f4xx.o ./system/src/cmsis/vectors_stm32f407xx.o  ./src/initialize-hardware.o ./src/led.o ./src/main.o ./src/stm32f4xx_hal_msp.o ./src/write.o  ./FreeRTOS\ Source/portable/MemMang/heap_4.o  ./FreeRTOS\ Source/portable/GCC/ARM_CM4F/port.o  ./FreeRTOS\ Source/croutine.o ./FreeRTOS\ Source/event_groups.o ./FreeRTOS\ Source/list.o ./FreeRTOS\ Source/queue.o ./FreeRTOS\ Source/tasks.o ./FreeRTOS\ Source/timers.o   
c:/users/nadeen/appdata/roaming/xpacks/@xpack-dev-tools/arm-none-eabi-gcc/12.2.1-1.2.1/.content/bin/../lib/gcc/arm-none-eabi/12.2.1/../../../../arm-none-eabi/bin/ld.exe: warning: Demo.elf has a LOAD segment with RWX permissions
Finished building target: Demo.elf
 
Invoking: GNU Arm Cross Create Flash Image
arm-none-eabi-objcopy -O ihex "Demo.elf"  "Demo.hex"
Finished building: Demo.hex
 
Invoking: GNU Arm Cross Print Size
arm-none-eabi-size --format=berkeley "Demo.elf"
   text	   data	    bss	    dec	    hex	filename
  26144	    156	  78432	 104732	  1991c	Demo.elf
Finished building: Demo.siz
 
15:42:47 **** Incremental Build of configuration Debug for project Demo ****
make all 
Invoking: GNU Arm Cross Print Size
arm-none-eabi-size --format=berkeley "Demo.elf"
   text	   data	    bss	    dec	    hex	filename
  26144	    156	  78432	 104732	  1991c	Demo.elf
Finished building: Demo.siz
 
15:42:50 **** Incremental Build of configuration Debug for project Demo ****
make all 
Invoking: GNU Arm Cross Print Size
arm-none-eabi-size --format=berkeley "Demo.elf"
   text	   data	    bss	    dec	    hex	filename
  26144	    156	  78432	 104732	  1991c	Demo.elf
Finished building: Demo.siz
 
15:43:05 **** Incremental Build of configuration Debug for project Demo ****
make all 
Invoking: GNU Arm Cross Print Size
arm-none-eabi-size --format=berkeley "Demo.elf"
   text	   data	    bss	    dec	    hex	filename
  26144	    156	  78432	 104732	  1991c	Demo.elf
Finished building: Demo.siz
 
15:44:39 **** Incremental Build of configuration Debug for project Demo ****
make all 
Building file: ../src/main.c
Invoking: GNU Arm Cross C Compiler
arm-none-eabi-gcc -mcpu=cortex-m4 -mthumb -mfloat-abi=softfp -mfpu=fpv4-sp-d16 -Og -fmessage-length=0 -fsigned-char -ffunction-sections -fdata-sections -fno-move-loop-invariants -Wall -Wextra -g3 -DDEBUG -DUSE_FULL_ASSERT -DOS_USE_SEMIHOSTING -DTRACE -DOS_USE_TRACE_SEMIHOSTING_DEBUG -DSTM32F407xx -DUSE_HAL_DRIVER -DHSE_VALUE=8000000 -I"../include" -I"C:\Users\Nadeen\OneDrive\Desktop\RTOS_2025\Demo\Demo\FreeRTOS Source\include" -I"C:\Users\Nadeen\OneDrive\Desktop\RTOS_2025\Demo\Demo\FreeRTOS Source\portable\GCC\ARM_CM4F" -I"../system/include" -I"../system/include/cmsis" -I"../system/include/stm32f4-hal" -std=gnu11 -MMD -MP -MF"src/main.d" -MT"src/main.o" -c -o "src/main.o" "../src/main.c"
../src/main.c: In function 'senderTask1':
../src/main.c:278:25: warning: unused parameter 'parameters' [-Wunused-parameter]
  278 | void senderTask1 (void* parameters)
      |                   ~~~~~~^~~~~~~~~~
../src/main.c: In function 'senderTask2':
../src/main.c:325:25: warning: unused parameter 'parameters' [-Wunused-parameter]
  325 | void senderTask2 (void* parameters)
      |                   ~~~~~~^~~~~~~~~~
../src/main.c: In function 'senderTask3':
../src/main.c:372:25: warning: unused parameter 'parameters' [-Wunused-parameter]
  372 | void senderTask3 (void* parameters)
      |                   ~~~~~~^~~~~~~~~~
../src/main.c: In function 'receiverTask':
../src/main.c:415:26: warning: unused parameter 'parameters' [-Wunused-parameter]
  415 | void receiverTask (void* parameters)
      |                    ~~~~~~^~~~~~~~~~
../src/main.c: In function 'prvReceiverTimerCallback':
../src/main.c:455:53: warning: unused parameter 'xTimer' [-Wunused-parameter]
  455 | static void prvReceiverTimerCallback( TimerHandle_t xTimer )
      |                                       ~~~~~~~~~~~~~~^~~~~~
../src/main.c: In function 'endOfIteration':
../src/main.c:495:71: warning: format '%lu' expects argument of type 'long unsigned int', but argument 3 has type 'double' [-Wformat=]
  495 |         printf("The avg of Tsender of senderTask (1) of run# %d is: %lu\n", gCurrentRunNumber+1 ,  ( (float) gTsenderSumArr1[gCurrentRunNumber]/  totalSentMsgs1));
      |                                                                     ~~^                            ~~~~~~~~~~~~~~~~~~~~~~~~~~~~~~~~~~~~~~~~~~~~~~~~~~~~~~~~~~~~~~
      |                                                                       |                                                                        |
      |                                                                       long unsigned int                                                        double
      |                                                                     %f
../src/main.c:496:71: warning: format '%lu' expects argument of type 'long unsigned int', but argument 3 has type 'double' [-Wformat=]
  496 |         printf("The avg of Tsender of senderTask (2) of run# %d is: %lu\n", gCurrentRunNumber+1 ,  ( (float) gTsenderSumArr2[gCurrentRunNumber]/  totalSentMsgs2));
      |                                                                     ~~^                            ~~~~~~~~~~~~~~~~~~~~~~~~~~~~~~~~~~~~~~~~~~~~~~~~~~~~~~~~~~~~~~
      |                                                                       |                                                                        |
      |                                                                       long unsigned int                                                        double
      |                                                                     %f
../src/main.c:497:71: warning: format '%lu' expects argument of type 'long unsigned int', but argument 3 has type 'double' [-Wformat=]
  497 |         printf("The avg of Tsender of senderTask (3) of run# %d is: %lu\n", gCurrentRunNumber+1 ,  ( (float) gTsenderSumArr3[gCurrentRunNumber]/  totalSentMsgs3));
      |                                                                     ~~^                            ~~~~~~~~~~~~~~~~~~~~~~~~~~~~~~~~~~~~~~~~~~~~~~~~~~~~~~~~~~~~~~
      |                                                                       |                                                                        |
      |                                                                       long unsigned int                                                        double
      |                                                                     %f
../src/main.c:498:62: warning: format '%lu' expects argument of type 'long unsigned int', but argument 3 has type 'double' [-Wformat=]
  498 |         printf("The avg of total Tsender of of run# %d is: %lu\n", gCurrentRunNumber+1 ,  ( (float) totalAvgTsender/ totalSentMsgs ) );
      |                                                            ~~^                            ~~~~~~~~~~~~~~~~~~~~~~~~~~~~~~~~~~~~~~~~~~
      |                                                              |                                                     |
      |                                                              long unsigned int                                     double
      |                                                            %f
Finished building: ../src/main.c
 
Building target: Demo.elf
Invoking: GNU Arm Cross C++ Linker
arm-none-eabi-g++ -mcpu=cortex-m4 -mthumb -mfloat-abi=softfp -mfpu=fpv4-sp-d16 -Og -fmessage-length=0 -fsigned-char -ffunction-sections -fdata-sections -fno-move-loop-invariants -Wall -Wextra -g3 -T mem.ld -T libs.ld -T sections.ld -nostartfiles -Xlinker --gc-sections -L"../ldscripts" -Wl,-Map,"Demo.map" --specs=nano.specs -o "Demo.elf" ./system/src/stm32f4-hal/stm32f4xx_hal.o ./system/src/stm32f4-hal/stm32f4xx_hal_cortex.o ./system/src/stm32f4-hal/stm32f4xx_hal_flash.o ./system/src/stm32f4-hal/stm32f4xx_hal_flash_ex.o ./system/src/stm32f4-hal/stm32f4xx_hal_flash_ramfunc.o ./system/src/stm32f4-hal/stm32f4xx_hal_gpio.o ./system/src/stm32f4-hal/stm32f4xx_hal_iwdg.o ./system/src/stm32f4-hal/stm32f4xx_hal_pwr.o ./system/src/stm32f4-hal/stm32f4xx_hal_rcc.o  ./system/src/newlib/assert.o ./system/src/newlib/cxx.o ./system/src/newlib/exit.o ./system/src/newlib/sbrk.o ./system/src/newlib/startup.o ./system/src/newlib/syscalls.o  ./system/src/diag/trace-impl.o ./system/src/diag/trace.o  ./system/src/cortexm/exception-handlers.o ./system/src/cortexm/initialize-hardware.o ./system/src/cortexm/reset-hardware.o  ./system/src/cmsis/system_stm32f4xx.o ./system/src/cmsis/vectors_stm32f407xx.o  ./src/initialize-hardware.o ./src/led.o ./src/main.o ./src/stm32f4xx_hal_msp.o ./src/write.o  ./FreeRTOS\ Source/portable/MemMang/heap_4.o  ./FreeRTOS\ Source/portable/GCC/ARM_CM4F/port.o  ./FreeRTOS\ Source/croutine.o ./FreeRTOS\ Source/event_groups.o ./FreeRTOS\ Source/list.o ./FreeRTOS\ Source/queue.o ./FreeRTOS\ Source/tasks.o ./FreeRTOS\ Source/timers.o   
c:/users/nadeen/appdata/roaming/xpacks/@xpack-dev-tools/arm-none-eabi-gcc/12.2.1-1.2.1/.content/bin/../lib/gcc/arm-none-eabi/12.2.1/../../../../arm-none-eabi/bin/ld.exe: warning: Demo.elf has a LOAD segment with RWX permissions
Finished building target: Demo.elf
 
Invoking: GNU Arm Cross Create Flash Image
arm-none-eabi-objcopy -O ihex "Demo.elf"  "Demo.hex"
Finished building: Demo.hex
 
Invoking: GNU Arm Cross Print Size
arm-none-eabi-size --format=berkeley "Demo.elf"
   text	   data	    bss	    dec	    hex	filename
  26160	    156	  78432	 104748	  1992c	Demo.elf
Finished building: Demo.siz
 
15:44:48 **** Incremental Build of configuration Debug for project Demo ****
make all 
Invoking: GNU Arm Cross Print Size
arm-none-eabi-size --format=berkeley "Demo.elf"
   text	   data	    bss	    dec	    hex	filename
  26160	    156	  78432	 104748	  1992c	Demo.elf
Finished building: Demo.siz
 
15:46:23 **** Incremental Build of configuration Debug for project Demo ****
make all 
Building file: ../src/main.c
Invoking: GNU Arm Cross C Compiler
arm-none-eabi-gcc -mcpu=cortex-m4 -mthumb -mfloat-abi=softfp -mfpu=fpv4-sp-d16 -Og -fmessage-length=0 -fsigned-char -ffunction-sections -fdata-sections -fno-move-loop-invariants -Wall -Wextra -g3 -DDEBUG -DUSE_FULL_ASSERT -DOS_USE_SEMIHOSTING -DTRACE -DOS_USE_TRACE_SEMIHOSTING_DEBUG -DSTM32F407xx -DUSE_HAL_DRIVER -DHSE_VALUE=8000000 -I"../include" -I"C:\Users\Nadeen\OneDrive\Desktop\RTOS_2025\Demo\Demo\FreeRTOS Source\include" -I"C:\Users\Nadeen\OneDrive\Desktop\RTOS_2025\Demo\Demo\FreeRTOS Source\portable\GCC\ARM_CM4F" -I"../system/include" -I"../system/include/cmsis" -I"../system/include/stm32f4-hal" -std=gnu11 -MMD -MP -MF"src/main.d" -MT"src/main.o" -c -o "src/main.o" "../src/main.c"
../src/main.c: In function 'senderTask1':
../src/main.c:278:25: warning: unused parameter 'parameters' [-Wunused-parameter]
  278 | void senderTask1 (void* parameters)
      |                   ~~~~~~^~~~~~~~~~
../src/main.c: In function 'senderTask2':
../src/main.c:325:25: warning: unused parameter 'parameters' [-Wunused-parameter]
  325 | void senderTask2 (void* parameters)
      |                   ~~~~~~^~~~~~~~~~
../src/main.c: In function 'senderTask3':
../src/main.c:372:25: warning: unused parameter 'parameters' [-Wunused-parameter]
  372 | void senderTask3 (void* parameters)
      |                   ~~~~~~^~~~~~~~~~
../src/main.c: In function 'receiverTask':
../src/main.c:415:26: warning: unused parameter 'parameters' [-Wunused-parameter]
  415 | void receiverTask (void* parameters)
      |                    ~~~~~~^~~~~~~~~~
../src/main.c: In function 'prvReceiverTimerCallback':
../src/main.c:455:53: warning: unused parameter 'xTimer' [-Wunused-parameter]
  455 | static void prvReceiverTimerCallback( TimerHandle_t xTimer )
      |                                       ~~~~~~~~~~~~~~^~~~~~
../src/main.c: In function 'endOfIteration':
../src/main.c:498:71: warning: format '%lu' expects argument of type 'long unsigned int', but argument 3 has type 'double' [-Wformat=]
  498 |         printf("The avg of Tsender of senderTask (2) of run# %d is: %lu\n", gCurrentRunNumber+1 ,  ( (double) gTsenderSumArr2[gCurrentRunNumber]/  totalSentMsgs2));
      |                                                                     ~~^                            ~~~~~~~~~~~~~~~~~~~~~~~~~~~~~~~~~~~~~~~~~~~~~~~~~~~~~~~~~~~~~~~
      |                                                                       |                                                                         |
      |                                                                       long unsigned int                                                         double
      |                                                                     %f
../src/main.c:499:71: warning: format '%lu' expects argument of type 'long unsigned int', but argument 3 has type 'double' [-Wformat=]
  499 |         printf("The avg of Tsender of senderTask (3) of run# %d is: %lu\n", gCurrentRunNumber+1 ,  ( (double) gTsenderSumArr3[gCurrentRunNumber]/  totalSentMsgs3));
      |                                                                     ~~^                            ~~~~~~~~~~~~~~~~~~~~~~~~~~~~~~~~~~~~~~~~~~~~~~~~~~~~~~~~~~~~~~~
      |                                                                       |                                                                         |
      |                                                                       long unsigned int                                                         double
      |                                                                     %f
../src/main.c:500:62: warning: format '%lu' expects argument of type 'long unsigned int', but argument 3 has type 'double' [-Wformat=]
  500 |         printf("The avg of total Tsender of of run# %d is: %lu\n", gCurrentRunNumber+1 ,  ( (double) totalAvgTsender/ totalSentMsgs ) );
      |                                                            ~~^                            ~~~~~~~~~~~~~~~~~~~~~~~~~~~~~~~~~~~~~~~~~~~
      |                                                              |                                                      |
      |                                                              long unsigned int                                      double
      |                                                            %f
Finished building: ../src/main.c
 
Building target: Demo.elf
Invoking: GNU Arm Cross C++ Linker
arm-none-eabi-g++ -mcpu=cortex-m4 -mthumb -mfloat-abi=softfp -mfpu=fpv4-sp-d16 -Og -fmessage-length=0 -fsigned-char -ffunction-sections -fdata-sections -fno-move-loop-invariants -Wall -Wextra -g3 -T mem.ld -T libs.ld -T sections.ld -nostartfiles -Xlinker --gc-sections -L"../ldscripts" -Wl,-Map,"Demo.map" --specs=nano.specs -o "Demo.elf" ./system/src/stm32f4-hal/stm32f4xx_hal.o ./system/src/stm32f4-hal/stm32f4xx_hal_cortex.o ./system/src/stm32f4-hal/stm32f4xx_hal_flash.o ./system/src/stm32f4-hal/stm32f4xx_hal_flash_ex.o ./system/src/stm32f4-hal/stm32f4xx_hal_flash_ramfunc.o ./system/src/stm32f4-hal/stm32f4xx_hal_gpio.o ./system/src/stm32f4-hal/stm32f4xx_hal_iwdg.o ./system/src/stm32f4-hal/stm32f4xx_hal_pwr.o ./system/src/stm32f4-hal/stm32f4xx_hal_rcc.o  ./system/src/newlib/assert.o ./system/src/newlib/cxx.o ./system/src/newlib/exit.o ./system/src/newlib/sbrk.o ./system/src/newlib/startup.o ./system/src/newlib/syscalls.o  ./system/src/diag/trace-impl.o ./system/src/diag/trace.o  ./system/src/cortexm/exception-handlers.o ./system/src/cortexm/initialize-hardware.o ./system/src/cortexm/reset-hardware.o  ./system/src/cmsis/system_stm32f4xx.o ./system/src/cmsis/vectors_stm32f407xx.o  ./src/initialize-hardware.o ./src/led.o ./src/main.o ./src/stm32f4xx_hal_msp.o ./src/write.o  ./FreeRTOS\ Source/portable/MemMang/heap_4.o  ./FreeRTOS\ Source/portable/GCC/ARM_CM4F/port.o  ./FreeRTOS\ Source/croutine.o ./FreeRTOS\ Source/event_groups.o ./FreeRTOS\ Source/list.o ./FreeRTOS\ Source/queue.o ./FreeRTOS\ Source/tasks.o ./FreeRTOS\ Source/timers.o   
c:/users/nadeen/appdata/roaming/xpacks/@xpack-dev-tools/arm-none-eabi-gcc/12.2.1-1.2.1/.content/bin/../lib/gcc/arm-none-eabi/12.2.1/../../../../arm-none-eabi/bin/ld.exe: warning: Demo.elf has a LOAD segment with RWX permissions
Finished building target: Demo.elf
 
Invoking: GNU Arm Cross Create Flash Image
arm-none-eabi-objcopy -O ihex "Demo.elf"  "Demo.hex"
Finished building: Demo.hex
 
Invoking: GNU Arm Cross Print Size
arm-none-eabi-size --format=berkeley "Demo.elf"
   text	   data	    bss	    dec	    hex	filename
  26144	    156	  78432	 104732	  1991c	Demo.elf
Finished building: Demo.siz
 
15:46:29 **** Incremental Build of configuration Debug for project Demo ****
make all 
Invoking: GNU Arm Cross Print Size
arm-none-eabi-size --format=berkeley "Demo.elf"
   text	   data	    bss	    dec	    hex	filename
  26144	    156	  78432	 104732	  1991c	Demo.elf
Finished building: Demo.siz
 
15:46:32 **** Incremental Build of configuration Debug for project Demo ****
make all 
Invoking: GNU Arm Cross Print Size
arm-none-eabi-size --format=berkeley "Demo.elf"
   text	   data	    bss	    dec	    hex	filename
  26144	    156	  78432	 104732	  1991c	Demo.elf
Finished building: Demo.siz
 
15:48:04 **** Incremental Build of configuration Debug for project Demo ****
make all 
Building file: ../src/main.c
Invoking: GNU Arm Cross C Compiler
arm-none-eabi-gcc -mcpu=cortex-m4 -mthumb -mfloat-abi=softfp -mfpu=fpv4-sp-d16 -Og -fmessage-length=0 -fsigned-char -ffunction-sections -fdata-sections -fno-move-loop-invariants -Wall -Wextra -g3 -DDEBUG -DUSE_FULL_ASSERT -DOS_USE_SEMIHOSTING -DTRACE -DOS_USE_TRACE_SEMIHOSTING_DEBUG -DSTM32F407xx -DUSE_HAL_DRIVER -DHSE_VALUE=8000000 -I"../include" -I"C:\Users\Nadeen\OneDrive\Desktop\RTOS_2025\Demo\Demo\FreeRTOS Source\include" -I"C:\Users\Nadeen\OneDrive\Desktop\RTOS_2025\Demo\Demo\FreeRTOS Source\portable\GCC\ARM_CM4F" -I"../system/include" -I"../system/include/cmsis" -I"../system/include/stm32f4-hal" -std=gnu11 -MMD -MP -MF"src/main.d" -MT"src/main.o" -c -o "src/main.o" "../src/main.c"
../src/main.c: In function 'senderTask1':
../src/main.c:278:25: warning: unused parameter 'parameters' [-Wunused-parameter]
  278 | void senderTask1 (void* parameters)
      |                   ~~~~~~^~~~~~~~~~
../src/main.c: In function 'senderTask2':
../src/main.c:325:25: warning: unused parameter 'parameters' [-Wunused-parameter]
  325 | void senderTask2 (void* parameters)
      |                   ~~~~~~^~~~~~~~~~
../src/main.c: In function 'senderTask3':
../src/main.c:372:25: warning: unused parameter 'parameters' [-Wunused-parameter]
  372 | void senderTask3 (void* parameters)
      |                   ~~~~~~^~~~~~~~~~
../src/main.c: In function 'receiverTask':
../src/main.c:415:26: warning: unused parameter 'parameters' [-Wunused-parameter]
  415 | void receiverTask (void* parameters)
      |                    ~~~~~~^~~~~~~~~~
../src/main.c: In function 'prvReceiverTimerCallback':
../src/main.c:455:53: warning: unused parameter 'xTimer' [-Wunused-parameter]
  455 | static void prvReceiverTimerCallback( TimerHandle_t xTimer )
      |                                       ~~~~~~~~~~~~~~^~~~~~
../src/main.c: In function 'endOfIteration':
../src/main.c:498:71: warning: format '%lu' expects argument of type 'long unsigned int', but argument 3 has type 'double' [-Wformat=]
  498 |         printf("The avg of Tsender of senderTask (2) of run# %d is: %lu\n", gCurrentRunNumber+1 ,  ( (double) gTsenderSumArr2[gCurrentRunNumber]/  totalSentMsgs2));
      |                                                                     ~~^                            ~~~~~~~~~~~~~~~~~~~~~~~~~~~~~~~~~~~~~~~~~~~~~~~~~~~~~~~~~~~~~~~
      |                                                                       |                                                                         |
      |                                                                       long unsigned int                                                         double
      |                                                                     %f
../src/main.c:499:71: warning: format '%lu' expects argument of type 'long unsigned int', but argument 3 has type 'double' [-Wformat=]
  499 |         printf("The avg of Tsender of senderTask (3) of run# %d is: %lu\n", gCurrentRunNumber+1 ,  ( (double) gTsenderSumArr3[gCurrentRunNumber]/  totalSentMsgs3));
      |                                                                     ~~^                            ~~~~~~~~~~~~~~~~~~~~~~~~~~~~~~~~~~~~~~~~~~~~~~~~~~~~~~~~~~~~~~~
      |                                                                       |                                                                         |
      |                                                                       long unsigned int                                                         double
      |                                                                     %f
../src/main.c:500:62: warning: format '%lu' expects argument of type 'long unsigned int', but argument 3 has type 'double' [-Wformat=]
  500 |         printf("The avg of total Tsender of of run# %d is: %lu\n", gCurrentRunNumber+1 ,  ( (double) totalAvgTsender/ totalSentMsgs ) );
      |                                                            ~~^                            ~~~~~~~~~~~~~~~~~~~~~~~~~~~~~~~~~~~~~~~~~~~
      |                                                              |                                                      |
      |                                                              long unsigned int                                      double
      |                                                            %f
Finished building: ../src/main.c
 
Building target: Demo.elf
Invoking: GNU Arm Cross C++ Linker
arm-none-eabi-g++ -mcpu=cortex-m4 -mthumb -mfloat-abi=softfp -mfpu=fpv4-sp-d16 -Og -fmessage-length=0 -fsigned-char -ffunction-sections -fdata-sections -fno-move-loop-invariants -Wall -Wextra -g3 -T mem.ld -T libs.ld -T sections.ld -nostartfiles -Xlinker --gc-sections -L"../ldscripts" -Wl,-Map,"Demo.map" --specs=nano.specs -o "Demo.elf" ./system/src/stm32f4-hal/stm32f4xx_hal.o ./system/src/stm32f4-hal/stm32f4xx_hal_cortex.o ./system/src/stm32f4-hal/stm32f4xx_hal_flash.o ./system/src/stm32f4-hal/stm32f4xx_hal_flash_ex.o ./system/src/stm32f4-hal/stm32f4xx_hal_flash_ramfunc.o ./system/src/stm32f4-hal/stm32f4xx_hal_gpio.o ./system/src/stm32f4-hal/stm32f4xx_hal_iwdg.o ./system/src/stm32f4-hal/stm32f4xx_hal_pwr.o ./system/src/stm32f4-hal/stm32f4xx_hal_rcc.o  ./system/src/newlib/assert.o ./system/src/newlib/cxx.o ./system/src/newlib/exit.o ./system/src/newlib/sbrk.o ./system/src/newlib/startup.o ./system/src/newlib/syscalls.o  ./system/src/diag/trace-impl.o ./system/src/diag/trace.o  ./system/src/cortexm/exception-handlers.o ./system/src/cortexm/initialize-hardware.o ./system/src/cortexm/reset-hardware.o  ./system/src/cmsis/system_stm32f4xx.o ./system/src/cmsis/vectors_stm32f407xx.o  ./src/initialize-hardware.o ./src/led.o ./src/main.o ./src/stm32f4xx_hal_msp.o ./src/write.o  ./FreeRTOS\ Source/portable/MemMang/heap_4.o  ./FreeRTOS\ Source/portable/GCC/ARM_CM4F/port.o  ./FreeRTOS\ Source/croutine.o ./FreeRTOS\ Source/event_groups.o ./FreeRTOS\ Source/list.o ./FreeRTOS\ Source/queue.o ./FreeRTOS\ Source/tasks.o ./FreeRTOS\ Source/timers.o   
c:/users/nadeen/appdata/roaming/xpacks/@xpack-dev-tools/arm-none-eabi-gcc/12.2.1-1.2.1/.content/bin/../lib/gcc/arm-none-eabi/12.2.1/../../../../arm-none-eabi/bin/ld.exe: warning: Demo.elf has a LOAD segment with RWX permissions
Finished building target: Demo.elf
 
Invoking: GNU Arm Cross Create Flash Image
arm-none-eabi-objcopy -O ihex "Demo.elf"  "Demo.hex"
Finished building: Demo.hex
 
Invoking: GNU Arm Cross Print Size
arm-none-eabi-size --format=berkeley "Demo.elf"
   text	   data	    bss	    dec	    hex	filename
  26144	    156	  78432	 104732	  1991c	Demo.elf
Finished building: Demo.siz
 
15:48:09 **** Incremental Build of configuration Debug for project Demo ****
make all 
Invoking: GNU Arm Cross Print Size
arm-none-eabi-size --format=berkeley "Demo.elf"
   text	   data	    bss	    dec	    hex	filename
  26144	    156	  78432	 104732	  1991c	Demo.elf
Finished building: Demo.siz
 
15:53:04 **** Incremental Build of configuration Debug for project Demo ****
make all 
Building file: ../src/main.c
Invoking: GNU Arm Cross C Compiler
arm-none-eabi-gcc -mcpu=cortex-m4 -mthumb -mfloat-abi=softfp -mfpu=fpv4-sp-d16 -Og -fmessage-length=0 -fsigned-char -ffunction-sections -fdata-sections -fno-move-loop-invariants -Wall -Wextra -g3 -DDEBUG -DUSE_FULL_ASSERT -DOS_USE_SEMIHOSTING -DTRACE -DOS_USE_TRACE_SEMIHOSTING_DEBUG -DSTM32F407xx -DUSE_HAL_DRIVER -DHSE_VALUE=8000000 -I"../include" -I"C:\Users\Nadeen\OneDrive\Desktop\RTOS_2025\Demo\Demo\FreeRTOS Source\include" -I"C:\Users\Nadeen\OneDrive\Desktop\RTOS_2025\Demo\Demo\FreeRTOS Source\portable\GCC\ARM_CM4F" -I"../system/include" -I"../system/include/cmsis" -I"../system/include/stm32f4-hal" -std=gnu11 -MMD -MP -MF"src/main.d" -MT"src/main.o" -c -o "src/main.o" "../src/main.c"
../src/main.c: In function 'senderTask1':
../src/main.c:278:25: warning: unused parameter 'parameters' [-Wunused-parameter]
  278 | void senderTask1 (void* parameters)
      |                   ~~~~~~^~~~~~~~~~
../src/main.c: In function 'senderTask2':
../src/main.c:325:25: warning: unused parameter 'parameters' [-Wunused-parameter]
  325 | void senderTask2 (void* parameters)
      |                   ~~~~~~^~~~~~~~~~
../src/main.c: In function 'senderTask3':
../src/main.c:372:25: warning: unused parameter 'parameters' [-Wunused-parameter]
  372 | void senderTask3 (void* parameters)
      |                   ~~~~~~^~~~~~~~~~
../src/main.c: In function 'receiverTask':
../src/main.c:415:26: warning: unused parameter 'parameters' [-Wunused-parameter]
  415 | void receiverTask (void* parameters)
      |                    ~~~~~~^~~~~~~~~~
../src/main.c: In function 'prvReceiverTimerCallback':
../src/main.c:455:53: warning: unused parameter 'xTimer' [-Wunused-parameter]
  455 | static void prvReceiverTimerCallback( TimerHandle_t xTimer )
      |                                       ~~~~~~~~~~~~~~^~~~~~
../src/main.c: In function 'endOfIteration':
../src/main.c:502:71: warning: format '%lu' expects argument of type 'long unsigned int', but argument 3 has type 'int' [-Wformat=]
  502 |         printf("The avg of Tsender of senderTask (1) of run# %d is: %lu\n", gCurrentRunNumber+1 , avgTsender1 );
      |                                                                     ~~^                           ~~~~~~~~~~~
      |                                                                       |                           |
      |                                                                       long unsigned int           int
      |                                                                     %u
../src/main.c:503:71: warning: format '%lu' expects argument of type 'long unsigned int', but argument 3 has type 'int' [-Wformat=]
  503 |         printf("The avg of Tsender of senderTask (2) of run# %d is: %lu\n", gCurrentRunNumber+1 , avgTsender2 );
      |                                                                     ~~^                           ~~~~~~~~~~~
      |                                                                       |                           |
      |                                                                       long unsigned int           int
      |                                                                     %u
../src/main.c:504:71: warning: format '%lu' expects argument of type 'long unsigned int', but argument 3 has type 'int' [-Wformat=]
  504 |         printf("The avg of Tsender of senderTask (3) of run# %d is: %lu\n", gCurrentRunNumber+1 , avgTsender3 );
      |                                                                     ~~^                           ~~~~~~~~~~~
      |                                                                       |                           |
      |                                                                       long unsigned int           int
      |                                                                     %u
../src/main.c:505:62: warning: format '%lu' expects argument of type 'long unsigned int', but argument 3 has type 'int' [-Wformat=]
  505 |         printf("The avg of total Tsender of of run# %d is: %lu\n", gCurrentRunNumber+1 ,  totlAvgTsender);
      |                                                            ~~^                            ~~~~~~~~~~~~~~
      |                                                              |                            |
      |                                                              long unsigned int            int
      |                                                            %u
Finished building: ../src/main.c
 
Building target: Demo.elf
Invoking: GNU Arm Cross C++ Linker
arm-none-eabi-g++ -mcpu=cortex-m4 -mthumb -mfloat-abi=softfp -mfpu=fpv4-sp-d16 -Og -fmessage-length=0 -fsigned-char -ffunction-sections -fdata-sections -fno-move-loop-invariants -Wall -Wextra -g3 -T mem.ld -T libs.ld -T sections.ld -nostartfiles -Xlinker --gc-sections -L"../ldscripts" -Wl,-Map,"Demo.map" --specs=nano.specs -o "Demo.elf" ./system/src/stm32f4-hal/stm32f4xx_hal.o ./system/src/stm32f4-hal/stm32f4xx_hal_cortex.o ./system/src/stm32f4-hal/stm32f4xx_hal_flash.o ./system/src/stm32f4-hal/stm32f4xx_hal_flash_ex.o ./system/src/stm32f4-hal/stm32f4xx_hal_flash_ramfunc.o ./system/src/stm32f4-hal/stm32f4xx_hal_gpio.o ./system/src/stm32f4-hal/stm32f4xx_hal_iwdg.o ./system/src/stm32f4-hal/stm32f4xx_hal_pwr.o ./system/src/stm32f4-hal/stm32f4xx_hal_rcc.o  ./system/src/newlib/assert.o ./system/src/newlib/cxx.o ./system/src/newlib/exit.o ./system/src/newlib/sbrk.o ./system/src/newlib/startup.o ./system/src/newlib/syscalls.o  ./system/src/diag/trace-impl.o ./system/src/diag/trace.o  ./system/src/cortexm/exception-handlers.o ./system/src/cortexm/initialize-hardware.o ./system/src/cortexm/reset-hardware.o  ./system/src/cmsis/system_stm32f4xx.o ./system/src/cmsis/vectors_stm32f407xx.o  ./src/initialize-hardware.o ./src/led.o ./src/main.o ./src/stm32f4xx_hal_msp.o ./src/write.o  ./FreeRTOS\ Source/portable/MemMang/heap_4.o  ./FreeRTOS\ Source/portable/GCC/ARM_CM4F/port.o  ./FreeRTOS\ Source/croutine.o ./FreeRTOS\ Source/event_groups.o ./FreeRTOS\ Source/list.o ./FreeRTOS\ Source/queue.o ./FreeRTOS\ Source/tasks.o ./FreeRTOS\ Source/timers.o   
c:/users/nadeen/appdata/roaming/xpacks/@xpack-dev-tools/arm-none-eabi-gcc/12.2.1-1.2.1/.content/bin/../lib/gcc/arm-none-eabi/12.2.1/../../../../arm-none-eabi/bin/ld.exe: warning: Demo.elf has a LOAD segment with RWX permissions
Finished building target: Demo.elf
 
Invoking: GNU Arm Cross Create Flash Image
arm-none-eabi-objcopy -O ihex "Demo.elf"  "Demo.hex"
Finished building: Demo.hex
 
Invoking: GNU Arm Cross Print Size
arm-none-eabi-size --format=berkeley "Demo.elf"
   text	   data	    bss	    dec	    hex	filename
  26144	    156	  78432	 104732	  1991c	Demo.elf
Finished building: Demo.siz
 
15:53:29 **** Incremental Build of configuration Debug for project Demo ****
make all 
Building file: ../src/main.c
Invoking: GNU Arm Cross C Compiler
arm-none-eabi-gcc -mcpu=cortex-m4 -mthumb -mfloat-abi=softfp -mfpu=fpv4-sp-d16 -Og -fmessage-length=0 -fsigned-char -ffunction-sections -fdata-sections -fno-move-loop-invariants -Wall -Wextra -g3 -DDEBUG -DUSE_FULL_ASSERT -DOS_USE_SEMIHOSTING -DTRACE -DOS_USE_TRACE_SEMIHOSTING_DEBUG -DSTM32F407xx -DUSE_HAL_DRIVER -DHSE_VALUE=8000000 -I"../include" -I"C:\Users\Nadeen\OneDrive\Desktop\RTOS_2025\Demo\Demo\FreeRTOS Source\include" -I"C:\Users\Nadeen\OneDrive\Desktop\RTOS_2025\Demo\Demo\FreeRTOS Source\portable\GCC\ARM_CM4F" -I"../system/include" -I"../system/include/cmsis" -I"../system/include/stm32f4-hal" -std=gnu11 -MMD -MP -MF"src/main.d" -MT"src/main.o" -c -o "src/main.o" "../src/main.c"
../src/main.c: In function 'senderTask1':
../src/main.c:278:25: warning: unused parameter 'parameters' [-Wunused-parameter]
  278 | void senderTask1 (void* parameters)
      |                   ~~~~~~^~~~~~~~~~
../src/main.c: In function 'senderTask2':
../src/main.c:325:25: warning: unused parameter 'parameters' [-Wunused-parameter]
  325 | void senderTask2 (void* parameters)
      |                   ~~~~~~^~~~~~~~~~
../src/main.c: In function 'senderTask3':
../src/main.c:372:25: warning: unused parameter 'parameters' [-Wunused-parameter]
  372 | void senderTask3 (void* parameters)
      |                   ~~~~~~^~~~~~~~~~
../src/main.c: In function 'receiverTask':
../src/main.c:415:26: warning: unused parameter 'parameters' [-Wunused-parameter]
  415 | void receiverTask (void* parameters)
      |                    ~~~~~~^~~~~~~~~~
../src/main.c: In function 'prvReceiverTimerCallback':
../src/main.c:455:53: warning: unused parameter 'xTimer' [-Wunused-parameter]
  455 | static void prvReceiverTimerCallback( TimerHandle_t xTimer )
      |                                       ~~~~~~~~~~~~~~^~~~~~
Finished building: ../src/main.c
 
Building target: Demo.elf
Invoking: GNU Arm Cross C++ Linker
arm-none-eabi-g++ -mcpu=cortex-m4 -mthumb -mfloat-abi=softfp -mfpu=fpv4-sp-d16 -Og -fmessage-length=0 -fsigned-char -ffunction-sections -fdata-sections -fno-move-loop-invariants -Wall -Wextra -g3 -T mem.ld -T libs.ld -T sections.ld -nostartfiles -Xlinker --gc-sections -L"../ldscripts" -Wl,-Map,"Demo.map" --specs=nano.specs -o "Demo.elf" ./system/src/stm32f4-hal/stm32f4xx_hal.o ./system/src/stm32f4-hal/stm32f4xx_hal_cortex.o ./system/src/stm32f4-hal/stm32f4xx_hal_flash.o ./system/src/stm32f4-hal/stm32f4xx_hal_flash_ex.o ./system/src/stm32f4-hal/stm32f4xx_hal_flash_ramfunc.o ./system/src/stm32f4-hal/stm32f4xx_hal_gpio.o ./system/src/stm32f4-hal/stm32f4xx_hal_iwdg.o ./system/src/stm32f4-hal/stm32f4xx_hal_pwr.o ./system/src/stm32f4-hal/stm32f4xx_hal_rcc.o  ./system/src/newlib/assert.o ./system/src/newlib/cxx.o ./system/src/newlib/exit.o ./system/src/newlib/sbrk.o ./system/src/newlib/startup.o ./system/src/newlib/syscalls.o  ./system/src/diag/trace-impl.o ./system/src/diag/trace.o  ./system/src/cortexm/exception-handlers.o ./system/src/cortexm/initialize-hardware.o ./system/src/cortexm/reset-hardware.o  ./system/src/cmsis/system_stm32f4xx.o ./system/src/cmsis/vectors_stm32f407xx.o  ./src/initialize-hardware.o ./src/led.o ./src/main.o ./src/stm32f4xx_hal_msp.o ./src/write.o  ./FreeRTOS\ Source/portable/MemMang/heap_4.o  ./FreeRTOS\ Source/portable/GCC/ARM_CM4F/port.o  ./FreeRTOS\ Source/croutine.o ./FreeRTOS\ Source/event_groups.o ./FreeRTOS\ Source/list.o ./FreeRTOS\ Source/queue.o ./FreeRTOS\ Source/tasks.o ./FreeRTOS\ Source/timers.o   
c:/users/nadeen/appdata/roaming/xpacks/@xpack-dev-tools/arm-none-eabi-gcc/12.2.1-1.2.1/.content/bin/../lib/gcc/arm-none-eabi/12.2.1/../../../../arm-none-eabi/bin/ld.exe: warning: Demo.elf has a LOAD segment with RWX permissions
Finished building target: Demo.elf
 
Invoking: GNU Arm Cross Create Flash Image
arm-none-eabi-objcopy -O ihex "Demo.elf"  "Demo.hex"
Finished building: Demo.hex
 
Invoking: GNU Arm Cross Print Size
arm-none-eabi-size --format=berkeley "Demo.elf"
   text	   data	    bss	    dec	    hex	filename
  26144	    156	  78432	 104732	  1991c	Demo.elf
Finished building: Demo.siz
 
15:54:09 **** Incremental Build of configuration Debug for project Demo ****
make all 
Building file: ../src/main.c
Invoking: GNU Arm Cross C Compiler
arm-none-eabi-gcc -mcpu=cortex-m4 -mthumb -mfloat-abi=softfp -mfpu=fpv4-sp-d16 -Og -fmessage-length=0 -fsigned-char -ffunction-sections -fdata-sections -fno-move-loop-invariants -Wall -Wextra -g3 -DDEBUG -DUSE_FULL_ASSERT -DOS_USE_SEMIHOSTING -DTRACE -DOS_USE_TRACE_SEMIHOSTING_DEBUG -DSTM32F407xx -DUSE_HAL_DRIVER -DHSE_VALUE=8000000 -I"../include" -I"C:\Users\Nadeen\OneDrive\Desktop\RTOS_2025\Demo\Demo\FreeRTOS Source\include" -I"C:\Users\Nadeen\OneDrive\Desktop\RTOS_2025\Demo\Demo\FreeRTOS Source\portable\GCC\ARM_CM4F" -I"../system/include" -I"../system/include/cmsis" -I"../system/include/stm32f4-hal" -std=gnu11 -MMD -MP -MF"src/main.d" -MT"src/main.o" -c -o "src/main.o" "../src/main.c"
../src/main.c: In function 'senderTask1':
../src/main.c:278:25: warning: unused parameter 'parameters' [-Wunused-parameter]
  278 | void senderTask1 (void* parameters)
      |                   ~~~~~~^~~~~~~~~~
../src/main.c: In function 'senderTask2':
../src/main.c:325:25: warning: unused parameter 'parameters' [-Wunused-parameter]
  325 | void senderTask2 (void* parameters)
      |                   ~~~~~~^~~~~~~~~~
../src/main.c: In function 'senderTask3':
../src/main.c:372:25: warning: unused parameter 'parameters' [-Wunused-parameter]
  372 | void senderTask3 (void* parameters)
      |                   ~~~~~~^~~~~~~~~~
../src/main.c: In function 'receiverTask':
../src/main.c:415:26: warning: unused parameter 'parameters' [-Wunused-parameter]
  415 | void receiverTask (void* parameters)
      |                    ~~~~~~^~~~~~~~~~
../src/main.c: In function 'prvReceiverTimerCallback':
../src/main.c:455:53: warning: unused parameter 'xTimer' [-Wunused-parameter]
  455 | static void prvReceiverTimerCallback( TimerHandle_t xTimer )
      |                                       ~~~~~~~~~~~~~~^~~~~~
Finished building: ../src/main.c
 
Building target: Demo.elf
Invoking: GNU Arm Cross C++ Linker
arm-none-eabi-g++ -mcpu=cortex-m4 -mthumb -mfloat-abi=softfp -mfpu=fpv4-sp-d16 -Og -fmessage-length=0 -fsigned-char -ffunction-sections -fdata-sections -fno-move-loop-invariants -Wall -Wextra -g3 -T mem.ld -T libs.ld -T sections.ld -nostartfiles -Xlinker --gc-sections -L"../ldscripts" -Wl,-Map,"Demo.map" --specs=nano.specs -o "Demo.elf" ./system/src/stm32f4-hal/stm32f4xx_hal.o ./system/src/stm32f4-hal/stm32f4xx_hal_cortex.o ./system/src/stm32f4-hal/stm32f4xx_hal_flash.o ./system/src/stm32f4-hal/stm32f4xx_hal_flash_ex.o ./system/src/stm32f4-hal/stm32f4xx_hal_flash_ramfunc.o ./system/src/stm32f4-hal/stm32f4xx_hal_gpio.o ./system/src/stm32f4-hal/stm32f4xx_hal_iwdg.o ./system/src/stm32f4-hal/stm32f4xx_hal_pwr.o ./system/src/stm32f4-hal/stm32f4xx_hal_rcc.o  ./system/src/newlib/assert.o ./system/src/newlib/cxx.o ./system/src/newlib/exit.o ./system/src/newlib/sbrk.o ./system/src/newlib/startup.o ./system/src/newlib/syscalls.o  ./system/src/diag/trace-impl.o ./system/src/diag/trace.o  ./system/src/cortexm/exception-handlers.o ./system/src/cortexm/initialize-hardware.o ./system/src/cortexm/reset-hardware.o  ./system/src/cmsis/system_stm32f4xx.o ./system/src/cmsis/vectors_stm32f407xx.o  ./src/initialize-hardware.o ./src/led.o ./src/main.o ./src/stm32f4xx_hal_msp.o ./src/write.o  ./FreeRTOS\ Source/portable/MemMang/heap_4.o  ./FreeRTOS\ Source/portable/GCC/ARM_CM4F/port.o  ./FreeRTOS\ Source/croutine.o ./FreeRTOS\ Source/event_groups.o ./FreeRTOS\ Source/list.o ./FreeRTOS\ Source/queue.o ./FreeRTOS\ Source/tasks.o ./FreeRTOS\ Source/timers.o   
c:/users/nadeen/appdata/roaming/xpacks/@xpack-dev-tools/arm-none-eabi-gcc/12.2.1-1.2.1/.content/bin/../lib/gcc/arm-none-eabi/12.2.1/../../../../arm-none-eabi/bin/ld.exe: warning: Demo.elf has a LOAD segment with RWX permissions
Finished building target: Demo.elf
 
Invoking: GNU Arm Cross Create Flash Image
arm-none-eabi-objcopy -O ihex "Demo.elf"  "Demo.hex"
Finished building: Demo.hex
 
Invoking: GNU Arm Cross Print Size
arm-none-eabi-size --format=berkeley "Demo.elf"
   text	   data	    bss	    dec	    hex	filename
  26144	    156	  78432	 104732	  1991c	Demo.elf
Finished building: Demo.siz
 
15:54:11 **** Incremental Build of configuration Debug for project Demo ****
make all 
Invoking: GNU Arm Cross Print Size
arm-none-eabi-size --format=berkeley "Demo.elf"
   text	   data	    bss	    dec	    hex	filename
  26144	    156	  78432	 104732	  1991c	Demo.elf
Finished building: Demo.siz
 
15:54:14 **** Incremental Build of configuration Debug for project Demo ****
make all 
Invoking: GNU Arm Cross Print Size
arm-none-eabi-size --format=berkeley "Demo.elf"
   text	   data	    bss	    dec	    hex	filename
  26144	    156	  78432	 104732	  1991c	Demo.elf
Finished building: Demo.siz
 
16:01:41 **** Incremental Build of configuration Debug for project Demo ****
make all 
Building file: ../src/main.c
Invoking: GNU Arm Cross C Compiler
arm-none-eabi-gcc -mcpu=cortex-m4 -mthumb -mfloat-abi=softfp -mfpu=fpv4-sp-d16 -Og -fmessage-length=0 -fsigned-char -ffunction-sections -fdata-sections -fno-move-loop-invariants -Wall -Wextra -g3 -DDEBUG -DUSE_FULL_ASSERT -DOS_USE_SEMIHOSTING -DTRACE -DOS_USE_TRACE_SEMIHOSTING_DEBUG -DSTM32F407xx -DUSE_HAL_DRIVER -DHSE_VALUE=8000000 -I"../include" -I"C:\Users\Nadeen\OneDrive\Desktop\RTOS_2025\Demo\Demo\FreeRTOS Source\include" -I"C:\Users\Nadeen\OneDrive\Desktop\RTOS_2025\Demo\Demo\FreeRTOS Source\portable\GCC\ARM_CM4F" -I"../system/include" -I"../system/include/cmsis" -I"../system/include/stm32f4-hal" -std=gnu11 -MMD -MP -MF"src/main.d" -MT"src/main.o" -c -o "src/main.o" "../src/main.c"
../src/main.c: In function 'senderTask1':
../src/main.c:278:25: warning: unused parameter 'parameters' [-Wunused-parameter]
  278 | void senderTask1 (void* parameters)
      |                   ~~~~~~^~~~~~~~~~
../src/main.c: In function 'senderTask2':
../src/main.c:325:25: warning: unused parameter 'parameters' [-Wunused-parameter]
  325 | void senderTask2 (void* parameters)
      |                   ~~~~~~^~~~~~~~~~
../src/main.c: In function 'senderTask3':
../src/main.c:372:25: warning: unused parameter 'parameters' [-Wunused-parameter]
  372 | void senderTask3 (void* parameters)
      |                   ~~~~~~^~~~~~~~~~
../src/main.c: In function 'receiverTask':
../src/main.c:415:26: warning: unused parameter 'parameters' [-Wunused-parameter]
  415 | void receiverTask (void* parameters)
      |                    ~~~~~~^~~~~~~~~~
../src/main.c: In function 'prvReceiverTimerCallback':
../src/main.c:455:53: warning: unused parameter 'xTimer' [-Wunused-parameter]
  455 | static void prvReceiverTimerCallback( TimerHandle_t xTimer )
      |                                       ~~~~~~~~~~~~~~^~~~~~
Finished building: ../src/main.c
 
Building target: Demo.elf
Invoking: GNU Arm Cross C++ Linker
arm-none-eabi-g++ -mcpu=cortex-m4 -mthumb -mfloat-abi=softfp -mfpu=fpv4-sp-d16 -Og -fmessage-length=0 -fsigned-char -ffunction-sections -fdata-sections -fno-move-loop-invariants -Wall -Wextra -g3 -T mem.ld -T libs.ld -T sections.ld -nostartfiles -Xlinker --gc-sections -L"../ldscripts" -Wl,-Map,"Demo.map" --specs=nano.specs -o "Demo.elf" ./system/src/stm32f4-hal/stm32f4xx_hal.o ./system/src/stm32f4-hal/stm32f4xx_hal_cortex.o ./system/src/stm32f4-hal/stm32f4xx_hal_flash.o ./system/src/stm32f4-hal/stm32f4xx_hal_flash_ex.o ./system/src/stm32f4-hal/stm32f4xx_hal_flash_ramfunc.o ./system/src/stm32f4-hal/stm32f4xx_hal_gpio.o ./system/src/stm32f4-hal/stm32f4xx_hal_iwdg.o ./system/src/stm32f4-hal/stm32f4xx_hal_pwr.o ./system/src/stm32f4-hal/stm32f4xx_hal_rcc.o  ./system/src/newlib/assert.o ./system/src/newlib/cxx.o ./system/src/newlib/exit.o ./system/src/newlib/sbrk.o ./system/src/newlib/startup.o ./system/src/newlib/syscalls.o  ./system/src/diag/trace-impl.o ./system/src/diag/trace.o  ./system/src/cortexm/exception-handlers.o ./system/src/cortexm/initialize-hardware.o ./system/src/cortexm/reset-hardware.o  ./system/src/cmsis/system_stm32f4xx.o ./system/src/cmsis/vectors_stm32f407xx.o  ./src/initialize-hardware.o ./src/led.o ./src/main.o ./src/stm32f4xx_hal_msp.o ./src/write.o  ./FreeRTOS\ Source/portable/MemMang/heap_4.o  ./FreeRTOS\ Source/portable/GCC/ARM_CM4F/port.o  ./FreeRTOS\ Source/croutine.o ./FreeRTOS\ Source/event_groups.o ./FreeRTOS\ Source/list.o ./FreeRTOS\ Source/queue.o ./FreeRTOS\ Source/tasks.o ./FreeRTOS\ Source/timers.o   
c:/users/nadeen/appdata/roaming/xpacks/@xpack-dev-tools/arm-none-eabi-gcc/12.2.1-1.2.1/.content/bin/../lib/gcc/arm-none-eabi/12.2.1/../../../../arm-none-eabi/bin/ld.exe: warning: Demo.elf has a LOAD segment with RWX permissions
Finished building target: Demo.elf
 
Invoking: GNU Arm Cross Create Flash Image
arm-none-eabi-objcopy -O ihex "Demo.elf"  "Demo.hex"
Finished building: Demo.hex
 
Invoking: GNU Arm Cross Print Size
arm-none-eabi-size --format=berkeley "Demo.elf"
   text	   data	    bss	    dec	    hex	filename
  26312	    156	  78432	 104900	  199c4	Demo.elf
Finished building: Demo.siz
 
17:17:20 **** Incremental Build of configuration Debug for project Demo ****
make all 
Building file: ../src/main.c
Invoking: GNU Arm Cross C Compiler
arm-none-eabi-gcc -mcpu=cortex-m4 -mthumb -mfloat-abi=softfp -mfpu=fpv4-sp-d16 -Og -fmessage-length=0 -fsigned-char -ffunction-sections -fdata-sections -fno-move-loop-invariants -Wall -Wextra -g3 -DDEBUG -DUSE_FULL_ASSERT -DOS_USE_SEMIHOSTING -DTRACE -DOS_USE_TRACE_SEMIHOSTING_DEBUG -DSTM32F407xx -DUSE_HAL_DRIVER -DHSE_VALUE=8000000 -I"../include" -I"C:\Users\Nadeen\OneDrive\Desktop\RTOS_2025\Demo\Demo\FreeRTOS Source\include" -I"C:\Users\Nadeen\OneDrive\Desktop\RTOS_2025\Demo\Demo\FreeRTOS Source\portable\GCC\ARM_CM4F" -I"../system/include" -I"../system/include/cmsis" -I"../system/include/stm32f4-hal" -std=gnu11 -MMD -MP -MF"src/main.d" -MT"src/main.o" -c -o "src/main.o" "../src/main.c"
../src/main.c: In function 'senderTask1':
../src/main.c:278:25: warning: unused parameter 'parameters' [-Wunused-parameter]
  278 | void senderTask1 (void* parameters)
      |                   ~~~~~~^~~~~~~~~~
../src/main.c: In function 'senderTask2':
../src/main.c:325:25: warning: unused parameter 'parameters' [-Wunused-parameter]
  325 | void senderTask2 (void* parameters)
      |                   ~~~~~~^~~~~~~~~~
../src/main.c: In function 'senderTask3':
../src/main.c:372:25: warning: unused parameter 'parameters' [-Wunused-parameter]
  372 | void senderTask3 (void* parameters)
      |                   ~~~~~~^~~~~~~~~~
../src/main.c: In function 'receiverTask':
../src/main.c:415:26: warning: unused parameter 'parameters' [-Wunused-parameter]
  415 | void receiverTask (void* parameters)
      |                    ~~~~~~^~~~~~~~~~
../src/main.c: In function 'prvReceiverTimerCallback':
../src/main.c:455:53: warning: unused parameter 'xTimer' [-Wunused-parameter]
  455 | static void prvReceiverTimerCallback( TimerHandle_t xTimer )
[...]
c:/users/nadeen/appdata/roaming/xpacks/@xpack-dev-tools/arm-none-eabi-gcc/12.2.1-1.2.1/.content/bin/../lib/gcc/arm-none-eabi/12.2.1/../../../../arm-none-eabi/bin/ld.exe: warning: Demo.elf has a LOAD segment with RWX permissions
Finished building target: Demo.elf
 
Invoking: GNU Arm Cross Create Flash Image
arm-none-eabi-objcopy -O ihex "Demo.elf"  "Demo.hex"
Finished building: Demo.hex
 
Invoking: GNU Arm Cross Print Size
arm-none-eabi-size --format=berkeley "Demo.elf"
   text	   data	    bss	    dec	    hex	filename
  25332	    156	  78432	 103920	  195f0	Demo.elf
Finished building: Demo.siz
 
06:34:17 **** Incremental Build of configuration Debug for project Demo ****
make all 
Invoking: GNU Arm Cross Print Size
arm-none-eabi-size --format=berkeley "Demo.elf"
   text	   data	    bss	    dec	    hex	filename
  25332	    156	  78432	 103920	  195f0	Demo.elf
Finished building: Demo.siz
 
06:34:21 **** Incremental Build of configuration Debug for project Demo ****
make all 
Invoking: GNU Arm Cross Print Size
arm-none-eabi-size --format=berkeley "Demo.elf"
   text	   data	    bss	    dec	    hex	filename
  25332	    156	  78432	 103920	  195f0	Demo.elf
Finished building: Demo.siz
 
06:34:40 **** Incremental Build of configuration Debug for project Demo ****
make all 
Invoking: GNU Arm Cross Print Size
arm-none-eabi-size --format=berkeley "Demo.elf"
   text	   data	    bss	    dec	    hex	filename
  25332	    156	  78432	 103920	  195f0	Demo.elf
Finished building: Demo.siz
 
06:34:57 **** Incremental Build of configuration Debug for project Demo ****
make all 
Invoking: GNU Arm Cross Print Size
arm-none-eabi-size --format=berkeley "Demo.elf"
   text	   data	    bss	    dec	    hex	filename
  25332	    156	  78432	 103920	  195f0	Demo.elf
Finished building: Demo.siz
 
07:48:38 **** Incremental Build of configuration Debug for project Demo ****
make all 
Building file: ../src/main.c
Invoking: GNU Arm Cross C Compiler
arm-none-eabi-gcc -mcpu=cortex-m4 -mthumb -mfloat-abi=softfp -mfpu=fpv4-sp-d16 -Og -fmessage-length=0 -fsigned-char -ffunction-sections -fdata-sections -fno-move-loop-invariants -Wall -Wextra -g3 -DDEBUG -DUSE_FULL_ASSERT -DOS_USE_SEMIHOSTING -DTRACE -DOS_USE_TRACE_SEMIHOSTING_DEBUG -DSTM32F407xx -DUSE_HAL_DRIVER -DHSE_VALUE=8000000 -I"../include" -I"C:\Users\Nadeen\OneDrive\Desktop\RTOS_2025\Demo\Demo\FreeRTOS Source\include" -I"C:\Users\Nadeen\OneDrive\Desktop\RTOS_2025\Demo\Demo\FreeRTOS Source\portable\GCC\ARM_CM4F" -I"../system/include" -I"../system/include/cmsis" -I"../system/include/stm32f4-hal" -std=gnu11 -MMD -MP -MF"src/main.d" -MT"src/main.o" -c -o "src/main.o" "../src/main.c"
../src/main.c: In function 'showQueueContent':
../src/main.c:165:39: warning: format '%d' expects argument of type 'int', but argument 2 has type 'long unsigned int' [-Wformat=]
  165 |                         printf("Item %d: %s\n", i+1, queueItem);
      |                                      ~^         ~~~
      |                                       |          |
      |                                       int        long unsigned int
      |                                      %ld
../src/main.c: In function 'receiverTask':
../src/main.c:199:26: warning: unused parameter 'parameters' [-Wunused-parameter]
  199 | void receiverTask (void* parameters)
      |                    ~~~~~~^~~~~~~~~~
../src/main.c: In function 'prvReceiverTimerCallback':
../src/main.c:234:53: warning: unused parameter 'xTimer' [-Wunused-parameter]
  234 | static void prvReceiverTimerCallback( TimerHandle_t xTimer)
      |                                       ~~~~~~~~~~~~~~^~~~~~
../src/main.c: In function 'endOfIteration':
../src/main.c:250:18: warning: variable 'avgTsenderPerTask' set but not used [-Wunused-but-set-variable]
  250 |         uint32_t avgTsenderPerTask[NUM_SENDERS];
      |                  ^~~~~~~~~~~~~~~~~
In file included from ../src/main.c:38:
C:\Users\Nadeen\OneDrive\Desktop\RTOS_2025\Demo\Demo\FreeRTOS Source\include/queue.h: In function 'receiverTask':
C:\Users\Nadeen\OneDrive\Desktop\RTOS_2025\Demo\Demo\FreeRTOS Source\include/queue.h:914:57: warning: 'receivedMessage' is used uninitialized [-Wuninitialized]
  914 | #define xQueueReceive( xQueue, pvBuffer, xTicksToWait ) xQueueGenericReceive( ( xQueue ), ( pvBuffer ), ( xTicksToWait ), pdFALSE )
      |                                                         ^~~~~~~~~~~~~~~~~~~~
../src/main.c:201:15: note: 'receivedMessage' was declared here
  201 |         char* receivedMessage;
      |               ^~~~~~~~~~~~~~~
Finished building: ../src/main.c
 
Building target: Demo.elf
Invoking: GNU Arm Cross C++ Linker
arm-none-eabi-g++ -mcpu=cortex-m4 -mthumb -mfloat-abi=softfp -mfpu=fpv4-sp-d16 -Og -fmessage-length=0 -fsigned-char -ffunction-sections -fdata-sections -fno-move-loop-invariants -Wall -Wextra -g3 -T mem.ld -T libs.ld -T sections.ld -nostartfiles -Xlinker --gc-sections -L"../ldscripts" -Wl,-Map,"Demo.map" --specs=nano.specs -o "Demo.elf" ./system/src/stm32f4-hal/stm32f4xx_hal.o ./system/src/stm32f4-hal/stm32f4xx_hal_cortex.o ./system/src/stm32f4-hal/stm32f4xx_hal_flash.o ./system/src/stm32f4-hal/stm32f4xx_hal_flash_ex.o ./system/src/stm32f4-hal/stm32f4xx_hal_flash_ramfunc.o ./system/src/stm32f4-hal/stm32f4xx_hal_gpio.o ./system/src/stm32f4-hal/stm32f4xx_hal_iwdg.o ./system/src/stm32f4-hal/stm32f4xx_hal_pwr.o ./system/src/stm32f4-hal/stm32f4xx_hal_rcc.o  ./system/src/newlib/assert.o ./system/src/newlib/cxx.o ./system/src/newlib/exit.o ./system/src/newlib/sbrk.o ./system/src/newlib/startup.o ./system/src/newlib/syscalls.o  ./system/src/diag/trace-impl.o ./system/src/diag/trace.o  ./system/src/cortexm/exception-handlers.o ./system/src/cortexm/initialize-hardware.o ./system/src/cortexm/reset-hardware.o  ./system/src/cmsis/system_stm32f4xx.o ./system/src/cmsis/vectors_stm32f407xx.o  ./src/initialize-hardware.o ./src/led.o ./src/main.o ./src/stm32f4xx_hal_msp.o ./src/write.o  ./FreeRTOS\ Source/portable/MemMang/heap_4.o  ./FreeRTOS\ Source/portable/GCC/ARM_CM4F/port.o  ./FreeRTOS\ Source/croutine.o ./FreeRTOS\ Source/event_groups.o ./FreeRTOS\ Source/list.o ./FreeRTOS\ Source/queue.o ./FreeRTOS\ Source/tasks.o ./FreeRTOS\ Source/timers.o   
c:/users/nadeen/appdata/roaming/xpacks/@xpack-dev-tools/arm-none-eabi-gcc/12.2.1-1.2.1/.content/bin/../lib/gcc/arm-none-eabi/12.2.1/../../../../arm-none-eabi/bin/ld.exe: warning: Demo.elf has a LOAD segment with RWX permissions
Finished building target: Demo.elf
 
Invoking: GNU Arm Cross Create Flash Image
arm-none-eabi-objcopy -O ihex "Demo.elf"  "Demo.hex"
Finished building: Demo.hex
 
Invoking: GNU Arm Cross Print Size
arm-none-eabi-size --format=berkeley "Demo.elf"
   text	   data	    bss	    dec	    hex	filename
  25576	    156	  78432	 104164	  196e4	Demo.elf
Finished building: Demo.siz
 
07:49:20 **** Incremental Build of configuration Debug for project Demo ****
make all 
Invoking: GNU Arm Cross Print Size
arm-none-eabi-size --format=berkeley "Demo.elf"
   text	   data	    bss	    dec	    hex	filename
  25576	    156	  78432	 104164	  196e4	Demo.elf
Finished building: Demo.siz
 
07:49:22 **** Incremental Build of configuration Debug for project Demo ****
make all 
Invoking: GNU Arm Cross Print Size
arm-none-eabi-size --format=berkeley "Demo.elf"
   text	   data	    bss	    dec	    hex	filename
  25576	    156	  78432	 104164	  196e4	Demo.elf
Finished building: Demo.siz
 
07:50:27 **** Incremental Build of configuration Debug for project Demo ****
make all 
Invoking: GNU Arm Cross Print Size
arm-none-eabi-size --format=berkeley "Demo.elf"
   text	   data	    bss	    dec	    hex	filename
  25576	    156	  78432	 104164	  196e4	Demo.elf
Finished building: Demo.siz
 
07:50:34 **** Incremental Build of configuration Debug for project Demo ****
make all 
Invoking: GNU Arm Cross Print Size
arm-none-eabi-size --format=berkeley "Demo.elf"
   text	   data	    bss	    dec	    hex	filename
  25576	    156	  78432	 104164	  196e4	Demo.elf
Finished building: Demo.siz
 
07:51:31 **** Incremental Build of configuration Debug for project Demo ****
make all 
Invoking: GNU Arm Cross Print Size
arm-none-eabi-size --format=berkeley "Demo.elf"
   text	   data	    bss	    dec	    hex	filename
  25576	    156	  78432	 104164	  196e4	Demo.elf
Finished building: Demo.siz
 
07:51:33 **** Incremental Build of configuration Debug for project Demo ****
make all 
Invoking: GNU Arm Cross Print Size
arm-none-eabi-size --format=berkeley "Demo.elf"
   text	   data	    bss	    dec	    hex	filename
  25576	    156	  78432	 104164	  196e4	Demo.elf
Finished building: Demo.siz
 
07:51:51 **** Incremental Build of configuration Debug for project Demo ****
make all 
Invoking: GNU Arm Cross Print Size
arm-none-eabi-size --format=berkeley "Demo.elf"
   text	   data	    bss	    dec	    hex	filename
  25576	    156	  78432	 104164	  196e4	Demo.elf
Finished building: Demo.siz
 
07:53:32 **** Incremental Build of configuration Debug for project Demo ****
make all 
Invoking: GNU Arm Cross Print Size
arm-none-eabi-size --format=berkeley "Demo.elf"
   text	   data	    bss	    dec	    hex	filename
  25576	    156	  78432	 104164	  196e4	Demo.elf
Finished building: Demo.siz
 
07:53:37 **** Incremental Build of configuration Debug for project Demo ****
make all 
Invoking: GNU Arm Cross Print Size
arm-none-eabi-size --format=berkeley "Demo.elf"
   text	   data	    bss	    dec	    hex	filename
  25576	    156	  78432	 104164	  196e4	Demo.elf
Finished building: Demo.siz
 
08:00:20 **** Incremental Build of configuration Debug for project Demo ****
make all 
Building file: ../src/main.c
Invoking: GNU Arm Cross C Compiler
arm-none-eabi-gcc -mcpu=cortex-m4 -mthumb -mfloat-abi=softfp -mfpu=fpv4-sp-d16 -Og -fmessage-length=0 -fsigned-char -ffunction-sections -fdata-sections -fno-move-loop-invariants -Wall -Wextra -g3 -DDEBUG -DUSE_FULL_ASSERT -DOS_USE_SEMIHOSTING -DTRACE -DOS_USE_TRACE_SEMIHOSTING_DEBUG -DSTM32F407xx -DUSE_HAL_DRIVER -DHSE_VALUE=8000000 -I"../include" -I"C:\Users\Nadeen\OneDrive\Desktop\RTOS_2025\Demo\Demo\FreeRTOS Source\include" -I"C:\Users\Nadeen\OneDrive\Desktop\RTOS_2025\Demo\Demo\FreeRTOS Source\portable\GCC\ARM_CM4F" -I"../system/include" -I"../system/include/cmsis" -I"../system/include/stm32f4-hal" -std=gnu11 -MMD -MP -MF"src/main.d" -MT"src/main.o" -c -o "src/main.o" "../src/main.c"
In file included from ../src/main.c:38:
../src/main.c: In function 'main':
../src/main.c:127:61: error: 'MAX_STRING_SIZE' undeclared (first use in this function)
  127 |         gQueueHandle = xQueueCreate(QUEUE_SIZE, sizeof(char[MAX_STRING_SIZE]));
      |                                                             ^~~~~~~~~~~~~~~
C:\Users\Nadeen\OneDrive\Desktop\RTOS_2025\Demo\Demo\FreeRTOS Source\include/queue.h:186:101: note: in definition of macro 'xQueueCreate'
  186 |         #define xQueueCreate( uxQueueLength, uxItemSize ) xQueueGenericCreate( ( uxQueueLength ), ( uxItemSize ), ( queueQUEUE_TYPE_BASE ) )
      |                                                                                                     ^~~~~~~~~~
../src/main.c:127:61: note: each undeclared identifier is reported only once for each function it appears in
  127 |         gQueueHandle = xQueueCreate(QUEUE_SIZE, sizeof(char[MAX_STRING_SIZE]));
      |                                                             ^~~~~~~~~~~~~~~
C:\Users\Nadeen\OneDrive\Desktop\RTOS_2025\Demo\Demo\FreeRTOS Source\include/queue.h:186:101: note: in definition of macro 'xQueueCreate'
  186 |         #define xQueueCreate( uxQueueLength, uxItemSize ) xQueueGenericCreate( ( uxQueueLength ), ( uxItemSize ), ( queueQUEUE_TYPE_BASE ) )
      |                                                                                                     ^~~~~~~~~~
../src/main.c: In function 'senderTask':
../src/main.c:149:22: error: 'MAX_STRING_SIZE' undeclared (first use in this function)
  149 |         char sendMsg[MAX_STRING_SIZE];
      |                      ^~~~~~~~~~~~~~~
../src/main.c:165:52: error: 'sentMessage' undeclared (first use in this function)
  165 |                                 printf("Sent: %s", sentMessage);
      |                                                    ^~~~~~~~~~~
../src/main.c:149:14: warning: unused variable 'sendMsg' [-Wunused-variable]
  149 |         char sendMsg[MAX_STRING_SIZE];
      |              ^~~~~~~
../src/main.c: In function 'receiverTask':
../src/main.c:177:26: error: 'MAX_STRING_SIZE' undeclared (first use in this function)
  177 |         char receivedMsg[MAX_STRING_SIZE];
      |                          ^~~~~~~~~~~~~~~
../src/main.c:183:65: error: 'receivedMessage' undeclared (first use in this function); did you mean 'receivedMsg'?
  183 |                         if (xQueueReceive(gQueueHandle, (void*) receivedMessage, ( TickType_t ) 0) == pdTRUE)
      |                                                                 ^~~~~~~~~~~~~~~
C:\Users\Nadeen\OneDrive\Desktop\RTOS_2025\Demo\Demo\FreeRTOS Source\include/queue.h:914:93: note: in definition of macro 'xQueueReceive'
  914 | #define xQueueReceive( xQueue, pvBuffer, xTicksToWait ) xQueueGenericReceive( ( xQueue ), ( pvBuffer ), ( xTicksToWait ), pdFALSE )
      |                                                                                             ^~~~~~~~
../src/main.c:177:14: warning: unused variable 'receivedMsg' [-Wunused-variable]
  177 |         char receivedMsg[MAX_STRING_SIZE];
      |              ^~~~~~~~~~~
../src/main.c:175:26: warning: unused parameter 'parameters' [-Wunused-parameter]
  175 | void receiverTask (void* parameters)
      |                    ~~~~~~^~~~~~~~~~
../src/main.c: In function 'prvReceiverTimerCallback':
../src/main.c:204:53: warning: unused parameter 'xTimer' [-Wunused-parameter]
  204 | static void prvReceiverTimerCallback( TimerHandle_t xTimer )
      |                                       ~~~~~~~~~~~~~~^~~~~~
../src/main.c: In function 'endOfIteration':
../src/main.c:220:18: warning: variable 'avgTsenderPerTask' set but not used [-Wunused-but-set-variable]
  220 |         uint32_t avgTsenderPerTask[NUM_SENDERS];
      |                  ^~~~~~~~~~~~~~~~~
make: *** [src/subdir.mk:32: src/main.o] Error 1
"make all" terminated with exit code 2. Build might be incomplete.
08:22:43 **** Incremental Build of configuration Debug for project Demo ****
make all 
Building file: ../src/main.c
Invoking: GNU Arm Cross C Compiler
arm-none-eabi-gcc -mcpu=cortex-m4 -mthumb -mfloat-abi=softfp -mfpu=fpv4-sp-d16 -Og -fmessage-length=0 -fsigned-char -ffunction-sections -fdata-sections -fno-move-loop-invariants -Wall -Wextra -g3 -DDEBUG -DUSE_FULL_ASSERT -DOS_USE_SEMIHOSTING -DTRACE -DOS_USE_TRACE_SEMIHOSTING_DEBUG -DSTM32F407xx -DUSE_HAL_DRIVER -DHSE_VALUE=8000000 -I"../include" -I"C:\Users\Nadeen\OneDrive\Desktop\RTOS_2025\Demo\Demo\FreeRTOS Source\include" -I"C:\Users\Nadeen\OneDrive\Desktop\RTOS_2025\Demo\Demo\FreeRTOS Source\portable\GCC\ARM_CM4F" -I"../system/include" -I"../system/include/cmsis" -I"../system/include/stm32f4-hal" -std=gnu11 -MMD -MP -MF"src/main.d" -MT"src/main.o" -c -o "src/main.o" "../src/main.c"
../src/main.c: In function 'senderTask':
../src/main.c:152:29: warning: the comparison will always evaluate as 'false' for the address of 'sendMsg' will never be NULL [-Waddress]
  152 |                 if (sendMsg == NULL) {
      |                             ^~
../src/main.c:149:14: note: 'sendMsg' declared here
  149 |         char sendMsg[MAX_STIRNG_LENGTH];
      |              ^~~~~~~
../src/main.c: In function 'receiverTask':
../src/main.c:175:26: warning: unused parameter 'parameters' [-Wunused-parameter]
  175 | void receiverTask (void* parameters)
      |                    ~~~~~~^~~~~~~~~~
../src/main.c: In function 'prvReceiverTimerCallback':
../src/main.c:204:53: warning: unused parameter 'xTimer' [-Wunused-parameter]
  204 | static void prvReceiverTimerCallback( TimerHandle_t xTimer )
      |                                       ~~~~~~~~~~~~~~^~~~~~
../src/main.c: In function 'endOfIteration':
../src/main.c:220:18: warning: variable 'avgTsenderPerTask' set but not used [-Wunused-but-set-variable]
  220 |         uint32_t avgTsenderPerTask[NUM_SENDERS];
      |                  ^~~~~~~~~~~~~~~~~
Finished building: ../src/main.c
 
Building target: Demo.elf
Invoking: GNU Arm Cross C++ Linker
arm-none-eabi-g++ -mcpu=cortex-m4 -mthumb -mfloat-abi=softfp -mfpu=fpv4-sp-d16 -Og -fmessage-length=0 -fsigned-char -ffunction-sections -fdata-sections -fno-move-loop-invariants -Wall -Wextra -g3 -T mem.ld -T libs.ld -T sections.ld -nostartfiles -Xlinker --gc-sections -L"../ldscripts" -Wl,-Map,"Demo.map" --specs=nano.specs -o "Demo.elf" ./system/src/stm32f4-hal/stm32f4xx_hal.o ./system/src/stm32f4-hal/stm32f4xx_hal_cortex.o ./system/src/stm32f4-hal/stm32f4xx_hal_flash.o ./system/src/stm32f4-hal/stm32f4xx_hal_flash_ex.o ./system/src/stm32f4-hal/stm32f4xx_hal_flash_ramfunc.o ./system/src/stm32f4-hal/stm32f4xx_hal_gpio.o ./system/src/stm32f4-hal/stm32f4xx_hal_iwdg.o ./system/src/stm32f4-hal/stm32f4xx_hal_pwr.o ./system/src/stm32f4-hal/stm32f4xx_hal_rcc.o  ./system/src/newlib/assert.o ./system/src/newlib/cxx.o ./system/src/newlib/exit.o ./system/src/newlib/sbrk.o ./system/src/newlib/startup.o ./system/src/newlib/syscalls.o  ./system/src/diag/trace-impl.o ./system/src/diag/trace.o  ./system/src/cortexm/exception-handlers.o ./system/src/cortexm/initialize-hardware.o ./system/src/cortexm/reset-hardware.o  ./system/src/cmsis/system_stm32f4xx.o ./system/src/cmsis/vectors_stm32f407xx.o  ./src/initialize-hardware.o ./src/led.o ./src/main.o ./src/stm32f4xx_hal_msp.o ./src/write.o  ./FreeRTOS\ Source/portable/MemMang/heap_4.o  ./FreeRTOS\ Source/portable/GCC/ARM_CM4F/port.o  ./FreeRTOS\ Source/croutine.o ./FreeRTOS\ Source/event_groups.o ./FreeRTOS\ Source/list.o ./FreeRTOS\ Source/queue.o ./FreeRTOS\ Source/tasks.o ./FreeRTOS\ Source/timers.o   
c:/users/nadeen/appdata/roaming/xpacks/@xpack-dev-tools/arm-none-eabi-gcc/12.2.1-1.2.1/.content/bin/../lib/gcc/arm-none-eabi/12.2.1/../../../../arm-none-eabi/bin/ld.exe: warning: Demo.elf has a LOAD segment with RWX permissions
Finished building target: Demo.elf
 
Invoking: GNU Arm Cross Create Flash Image
arm-none-eabi-objcopy -O ihex "Demo.elf"  "Demo.hex"
Finished building: Demo.hex
 
Invoking: GNU Arm Cross Print Size
arm-none-eabi-size --format=berkeley "Demo.elf"
   text	   data	    bss	    dec	    hex	filename
  25204	    156	  78432	 103792	  19570	Demo.elf
Finished building: Demo.siz
 
08:36:42 **** Incremental Build of configuration Debug for project Demo ****
make all 
Invoking: GNU Arm Cross Print Size
arm-none-eabi-size --format=berkeley "Demo.elf"
   text	   data	    bss	    dec	    hex	filename
  25204	    156	  78432	 103792	  19570	Demo.elf
Finished building: Demo.siz
 
08:36:55 **** Incremental Build of configuration Debug for project Demo ****
make all 
Invoking: GNU Arm Cross Print Size
arm-none-eabi-size --format=berkeley "Demo.elf"
   text	   data	    bss	    dec	    hex	filename
  25204	    156	  78432	 103792	  19570	Demo.elf
Finished building: Demo.siz
 
08:37:01 **** Incremental Build of configuration Debug for project Demo ****
make all 
Invoking: GNU Arm Cross Print Size
arm-none-eabi-size --format=berkeley "Demo.elf"
   text	   data	    bss	    dec	    hex	filename
  25204	    156	  78432	 103792	  19570	Demo.elf
Finished building: Demo.siz
 
